Archive member included because of file (symbol)

c:/isis/application/toolchain/bin/../lib/gcc/arm-none-eabi/4.7.4/../../../../arm-none-eabi/lib\libc_s.a(lib_a-vfprintf_float.o)
                              (_printf_float)
c:/isis/application/toolchain/bin/../lib/gcc/arm-none-eabi/4.7.4/../../../../arm-none-eabi/lib\libc_s.a(lib_a-vfprintf_i.o)
                              c:/isis/application/toolchain/bin/../lib/gcc/arm-none-eabi/4.7.4/../../../../arm-none-eabi/lib\libc_s.a(lib_a-vfprintf_float.o) (_printf_common)
c:/isis/application/toolchain/bin/../lib/gcc/arm-none-eabi/4.7.4/../../../../arm-none-eabi/lib\libc_s.a(lib_a-vfscanf_float.o)
                              (_scanf_float)
c:/isis/application/toolchain/bin/../lib/gcc/arm-none-eabi/4.7.4/../../../../arm-none-eabi/lib\libc_s.a(lib_a-dtoa.o)
                              c:/isis/application/toolchain/bin/../lib/gcc/arm-none-eabi/4.7.4/../../../../arm-none-eabi/lib\libc_s.a(lib_a-vfprintf_float.o) (_dtoa_r)
c:/isis/application/toolchain/bin/../lib/gcc/arm-none-eabi/4.7.4/../../../../arm-none-eabi/lib\libc_s.a(lib_a-locale.o)
                              c:/isis/application/toolchain/bin/../lib/gcc/arm-none-eabi/4.7.4/../../../../arm-none-eabi/lib\libc_s.a(lib_a-vfprintf_float.o) (_localeconv_r)
c:/isis/application/toolchain/bin/../lib/gcc/arm-none-eabi/4.7.4/../../../../arm-none-eabi/lib\libc_s.a(lib_a-malloc.o)
                              c:/isis/application/toolchain/bin/../lib/gcc/arm-none-eabi/4.7.4/../../../../arm-none-eabi/lib\libc_s.a(lib_a-dtoa.o) (malloc)
c:/isis/application/toolchain/bin/../lib/gcc/arm-none-eabi/4.7.4/../../../../arm-none-eabi/lib\libc_s.a(lib_a-mallocr.o)
                              c:/isis/application/toolchain/bin/../lib/gcc/arm-none-eabi/4.7.4/../../../../arm-none-eabi/lib\libc_s.a(lib_a-malloc.o) (_malloc_r)
c:/isis/application/toolchain/bin/../lib/gcc/arm-none-eabi/4.7.4/../../../../arm-none-eabi/lib\libc_s.a(lib_a-memcpy.o)
                              c:/isis/application/toolchain/bin/../lib/gcc/arm-none-eabi/4.7.4/../../../../arm-none-eabi/lib\libc_s.a(lib_a-dtoa.o) (memcpy)
c:/isis/application/toolchain/bin/../lib/gcc/arm-none-eabi/4.7.4/../../../../arm-none-eabi/lib\libc_s.a(lib_a-mprec.o)
                              c:/isis/application/toolchain/bin/../lib/gcc/arm-none-eabi/4.7.4/../../../../arm-none-eabi/lib\libc_s.a(lib_a-dtoa.o) (_Balloc)
c:/isis/application/toolchain/bin/../lib/gcc/arm-none-eabi/4.7.4/../../../../arm-none-eabi/lib\libc_s.a(lib_a-s_fpclassify.o)
                              c:/isis/application/toolchain/bin/../lib/gcc/arm-none-eabi/4.7.4/../../../../arm-none-eabi/lib\libc_s.a(lib_a-vfprintf_float.o) (__fpclassifyd)
c:/isis/application/toolchain/bin/../lib/gcc/arm-none-eabi/4.7.4/../../../../arm-none-eabi/lib\libc_s.a(lib_a-sbrkr.o)
                              c:/isis/application/toolchain/bin/../lib/gcc/arm-none-eabi/4.7.4/../../../../arm-none-eabi/lib\libc_s.a(lib_a-mallocr.o) (_sbrk_r)
c:/isis/application/toolchain/bin/../lib/gcc/arm-none-eabi/4.7.4/../../../../arm-none-eabi/lib\libc_s.a(lib_a-sf_nan.o)
                              c:/isis/application/toolchain/bin/../lib/gcc/arm-none-eabi/4.7.4/../../../../arm-none-eabi/lib\libc_s.a(lib_a-vfscanf_float.o) (nanf)
c:/isis/application/toolchain/bin/../lib/gcc/arm-none-eabi/4.7.4/../../../../arm-none-eabi/lib\libc_s.a(lib_a-sprintf.o)
                              c:/isis/application/toolchain/bin/../lib/gcc/arm-none-eabi/4.7.4/../../../../arm-none-eabi/lib\libc_s.a(lib_a-vfscanf_float.o) (sprintf)
c:/isis/application/toolchain/bin/../lib/gcc/arm-none-eabi/4.7.4/../../../../arm-none-eabi/lib\libc_s.a(lib_a-strcmp.o)
                              c:/isis/application/toolchain/bin/../lib/gcc/arm-none-eabi/4.7.4/../../../../arm-none-eabi/lib\libc_s.a(lib_a-locale.o) (strcmp)
c:/isis/application/toolchain/bin/../lib/gcc/arm-none-eabi/4.7.4/../../../../arm-none-eabi/lib\libc_s.a(lib_a-strlen.o)
                              c:/isis/application/toolchain/bin/../lib/gcc/arm-none-eabi/4.7.4/../../../../arm-none-eabi/lib\libc_s.a(lib_a-vfprintf_float.o) (strlen)
c:/isis/application/toolchain/bin/../lib/gcc/arm-none-eabi/4.7.4/../../../../arm-none-eabi/lib\libc_s.a(lib_a-strtod.o)
                              c:/isis/application/toolchain/bin/../lib/gcc/arm-none-eabi/4.7.4/../../../../arm-none-eabi/lib\libc_s.a(lib_a-vfscanf_float.o) (_strtod_r)
c:/isis/application/toolchain/bin/../lib/gcc/arm-none-eabi/4.7.4/../../../../arm-none-eabi/lib\libc_s.a(lib_a-strtol.o)
                              c:/isis/application/toolchain/bin/../lib/gcc/arm-none-eabi/4.7.4/../../../../arm-none-eabi/lib\libc_s.a(lib_a-vfscanf_float.o) (_strtol_r)
c:/isis/application/toolchain/bin/../lib/gcc/arm-none-eabi/4.7.4/../../../../arm-none-eabi/lib\libc_s.a(lib_a-svfprintf.o)
                              c:/isis/application/toolchain/bin/../lib/gcc/arm-none-eabi/4.7.4/../../../../arm-none-eabi/lib\libc_s.a(lib_a-sprintf.o) (_svfprintf_r)
[...]
Memory Configuration

Name             Origin             Length             Attributes
sram0            0x00200000         0x00004000         w !xr
sram1            0x00300000         0x00004000         w !xr
sdram            0x20000000         0x02000000         w !xr
*default*        0x00000000         0xffffffff

Linker script and memory map

LOAD c:/isis/application/toolchain/bin/../lib/gcc/arm-none-eabi/4.7.4/../../../../arm-none-eabi/lib\libc_s.a
LOAD ./src/Demos/GomEPSdemo.o
LOAD ./src/Demos/IsisAntSdemo.o
LOAD ./src/Demos/IsisEPSdemo.o
LOAD ./src/Demos/IsisMTQv1demo.o
LOAD ./src/Demos/IsisMTQv2demo.o
LOAD ./src/Demos/IsisSPdemo.o
LOAD ./src/Demos/IsisSPv2demo.o
LOAD ./src/Demos/IsisTRXUVdemo.o
LOAD ./src/Demos/IsisTRXVUdemo.o
LOAD ./src/Demos/IsisTxSdemo.o
LOAD ./src/Demos/ScsGeckoDemo.o
LOAD ./src/Demos/common.o
LOAD ./src/Demos/cspaceADCSdemo.o
LOAD ./src/main.o
LOAD C:/new_drivers/satellite-subsystems/demo/..//satellite-subsystems/lib\libSatelliteSubsystemsD.a
LOAD c:/isis/application/toolchain/bin/../lib/gcc/arm-none-eabi/4.7.4/../../../../arm-none-eabi/lib\libm.a
LOAD C:/new_drivers/satellite-subsystems/demo/../..//hal/hcc/lib\libHCCD.a
LOAD C:/new_drivers/satellite-subsystems/demo/../..//hal/hal/lib\libHALD.a
LOAD C:/new_drivers/satellite-subsystems/demo/../..//hal/freertos/lib\libFreeRTOSD.a
LOAD C:/new_drivers/satellite-subsystems/demo/../..//hal/at91/lib\libAt91D.a
START GROUP
LOAD c:/isis/application/toolchain/bin/../lib/gcc/arm-none-eabi/4.7.4\libgcc.a
LOAD c:/isis/application/toolchain/bin/../lib/gcc/arm-none-eabi/4.7.4/../../../../arm-none-eabi/lib\libc_s.a
END GROUP

.fixed          0x20000000    0x563ec
                0x20000000                . = ALIGN (0x4)
                0x20000000                _sfixed = .
 *(.startup)
 .startup       0x20000000      0x134 C:/new_drivers/satellite-subsystems/demo/../..//hal/at91/lib\libAt91D.a(board_cstartup.o)
                0x20000000                entry
 *(.text)
 .text          0x20000134       0x64 C:/new_drivers/satellite-subsystems/demo/../..//hal/at91/lib\libAt91D.a(cp15_asm.o)
                0x20000134                _readControlRegister
                0x20000140                _writeControlRegister
                0x20000148                _waitForInterrupt
                0x20000154                _writeTTB
                0x2000015c                _writeDomain
                0x20000164                _writeITLBLockdown
                0x2000016c                _prefetchICacheLine
                0x20000174                _flushDCache
                0x20000180                _flushWriteBuffer
                0x2000018c                _invalidateIDTLBs
 .text          0x20000198      0x114 c:/isis/application/toolchain/bin/../lib/gcc/arm-none-eabi/4.7.4\libgcc.a(_udivsi3.o)
                0x20000198                __aeabi_uidiv
                0x20000198                __udivsi3
                0x2000028c                __aeabi_uidivmod
 .text          0x200002ac      0x148 c:/isis/application/toolchain/bin/../lib/gcc/arm-none-eabi/4.7.4\libgcc.a(_divsi3.o)
                0x200002ac                __divsi3
                0x200002ac                __aeabi_idiv
                0x200003d4                __aeabi_idivmod
 .text          0x200003f4        0x4 c:/isis/application/toolchain/bin/../lib/gcc/arm-none-eabi/4.7.4\libgcc.a(_dvmd_tls.o)
                0x200003f4                __aeabi_idiv0
                0x200003f4                __aeabi_ldiv0
 .text          0x200003f8      0x41c c:/isis/application/toolchain/bin/../lib/gcc/arm-none-eabi/4.7.4\libgcc.a(_arm_addsubdf3.o)
                0x200003f8                __aeabi_drsub
                0x20000400                __aeabi_dsub
                0x20000400                __subdf3
                0x20000404                __aeabi_dadd
                0x20000404                __adddf3
                0x20000714                __floatunsidf
                0x20000714                __aeabi_ui2d
                0x20000738                __floatsidf
                0x20000738                __aeabi_i2d
                0x20000760                __aeabi_f2d
                0x20000760                __extendsfdf2
                0x200007a0                __floatundidf
                0x200007a0                __aeabi_ul2d
                0x200007b4                __floatdidf
                0x200007b4                __aeabi_l2d
 .text          0x20000814      0x49c c:/isis/application/toolchain/bin/../lib/gcc/arm-none-eabi/4.7.4\libgcc.a(_arm_muldivdf3.o)
                0x20000814                __aeabi_dmul
                0x20000814                __muldf3
                0x20000aa4                __divdf3
                0x20000aa4                __aeabi_ddiv
 .text          0x20000cb0      0x144 c:/isis/application/toolchain/bin/../lib/gcc/arm-none-eabi/4.7.4\libgcc.a(_arm_cmpdf2.o)
                0x20000cb0                __gtdf2
                0x20000cb0                __gedf2
                0x20000cb8                __ltdf2
                0x20000cb8                __ledf2
                0x20000cc0                __nedf2
                0x20000cc0                __eqdf2
                0x20000cc0                __cmpdf2
                0x20000d48                __aeabi_cdrcmple
                0x20000d64                __aeabi_cdcmpeq
                0x20000d64                __aeabi_cdcmple
                0x20000d7c                __aeabi_dcmpeq
                0x20000d94                __aeabi_dcmplt
                0x20000dac                __aeabi_dcmple
                0x20000dc4                __aeabi_dcmpge
                0x20000ddc                __aeabi_dcmpgt
 .text          0x20000df4       0x5c c:/isis/application/toolchain/bin/../lib/gcc/arm-none-eabi/4.7.4\libgcc.a(_arm_fixdfsi.o)
                0x20000df4                __aeabi_d2iz
                0x20000df4                __fixdfsi
 .text          0x20000e50       0x54 c:/isis/application/toolchain/bin/../lib/gcc/arm-none-eabi/4.7.4\libgcc.a(_arm_fixunsdfsi.o)
                0x20000e50                __aeabi_d2uiz
                0x20000e50                __fixunsdfsi
 .text          0x20000ea4       0xa0 c:/isis/application/toolchain/bin/../lib/gcc/arm-none-eabi/4.7.4\libgcc.a(_arm_truncdfsf2.o)
                0x20000ea4                __truncdfsf2
                0x20000ea4                __aeabi_d2f
 .text          0x20000f44      0x2ac c:/isis/application/toolchain/bin/../lib/gcc/arm-none-eabi/4.7.4\libgcc.a(_arm_addsubsf3.o)
                0x20000f44                __aeabi_frsub
                0x20000f4c                __subsf3
                0x20000f4c                __aeabi_fsub
                0x20000f50                __aeabi_fadd
                0x20000f50                __addsf3
                0x2000110c                __aeabi_ui2f
                0x2000110c                __floatunsisf
                0x20001114                __aeabi_i2f
                0x20001114                __floatsisf
                0x20001134                __aeabi_ul2f
                0x20001134                __floatundisf
                0x20001144                __aeabi_l2f
                0x20001144                __floatdisf
 .text          0x200011f0      0x2f8 c:/isis/application/toolchain/bin/../lib/gcc/arm-none-eabi/4.7.4\libgcc.a(_arm_muldivsf3.o)
                0x200011f0                __mulsf3
                0x200011f0                __aeabi_fmul
                0x20001388                __aeabi_fdiv
                0x20001388                __divsf3
 *(.text*)
 .text.__cvt    0x200014e8      0x138 c:/isis/application/toolchain/bin/../lib/gcc/arm-none-eabi/4.7.4/../../../../arm-none-eabi/lib\libc_s.a(lib_a-vfprintf_float.o)
                0x200014e8                __cvt
 .text.__exponent
                0x20001620       0xa8 c:/isis/application/toolchain/bin/../lib/gcc/arm-none-eabi/4.7.4/../../../../arm-none-eabi/lib\libc_s.a(lib_a-vfprintf_float.o)
                0x20001620                __exponent
 .text._printf_float
                0x200016c8      0x7dc c:/isis/application/toolchain/bin/../lib/gcc/arm-none-eabi/4.7.4/../../../../arm-none-eabi/lib\libc_s.a(lib_a-vfprintf_float.o)
                0x200016c8                _printf_float
 .text._printf_common
                0x20001ea4      0x174 c:/isis/application/toolchain/bin/../lib/gcc/arm-none-eabi/4.7.4/../../../../arm-none-eabi/lib\libc_s.a(lib_a-vfprintf_i.o)
                0x20001ea4                _printf_common
 .text._printf_i
                0x20002018      0x3c4 c:/isis/application/toolchain/bin/../lib/gcc/arm-none-eabi/4.7.4/../../../../arm-none-eabi/lib\libc_s.a(lib_a-vfprintf_i.o)
                0x20002018                _printf_i
 .text._scanf_float
                0x200023dc      0x5f4 c:/isis/application/toolchain/bin/../lib/gcc/arm-none-eabi/4.7.4/../../../../arm-none-eabi/lib\libc_s.a(lib_a-vfscanf_float.o)
                0x200023dc                _scanf_float
 .text.quorem   0x200029d0      0x1ac c:/isis/application/toolchain/bin/../lib/gcc/arm-none-eabi/4.7.4/../../../../arm-none-eabi/lib\libc_s.a(lib_a-dtoa.o)
 .text._dtoa_r  0x20002b7c     0x1268 c:/isis/application/toolchain/bin/../lib/gcc/arm-none-eabi/4.7.4/../../../../arm-none-eabi/lib\libc_s.a(lib_a-dtoa.o)
                0x20002b7c                _dtoa_r
 .text._localeconv_r
                0x20003de4        0xc c:/isis/application/toolchain/bin/../lib/gcc/arm-none-eabi/4.7.4/../../../../arm-none-eabi/lib\libc_s.a(lib_a-locale.o)
                0x20003de4                _localeconv_r
 .text.malloc   0x20003df0       0x20 c:/isis/application/toolchain/bin/../lib/gcc/arm-none-eabi/4.7.4/../../../../arm-none-eabi/lib\libc_s.a(lib_a-malloc.o)
                0x20003df0                malloc
 .text.free     0x20003e10       0x20 c:/isis/application/toolchain/bin/../lib/gcc/arm-none-eabi/4.7.4/../../../../arm-none-eabi/lib\libc_s.a(lib_a-malloc.o)
                0x20003e10                free
 .text._malloc_r
                0x20003e30       0xfc c:/isis/application/toolchain/bin/../lib/gcc/arm-none-eabi/4.7.4/../../../../arm-none-eabi/lib\libc_s.a(lib_a-mallocr.o)
                0x20003e30                _malloc_r
 .text.memcpy   0x20003f2c       0x20 c:/isis/application/toolchain/bin/../lib/gcc/arm-none-eabi/4.7.4/../../../../arm-none-eabi/lib\libc_s.a(lib_a-memcpy.o)
                0x20003f2c                memcpy
 .text._Balloc  0x20003f4c       0xcc c:/isis/application/toolchain/bin/../lib/gcc/arm-none-eabi/4.7.4/../../../../arm-none-eabi/lib\libc_s.a(lib_a-mprec.o)
                0x20003f4c                _Balloc
 .text._Bfree   0x20004018       0x5c c:/isis/application/toolchain/bin/../lib/gcc/arm-none-eabi/4.7.4/../../../../arm-none-eabi/lib\libc_s.a(lib_a-mprec.o)
                0x20004018                _Bfree
 .text.__multadd
                0x20004074       0xbc c:/isis/application/toolchain/bin/../lib/gcc/arm-none-eabi/4.7.4/../../../../arm-none-eabi/lib\libc_s.a(lib_a-mprec.o)
                0x20004074                __multadd
 .text.__s2b    0x20004130       0xd8 c:/isis/application/toolchain/bin/../lib/gcc/arm-none-eabi/4.7.4/../../../../arm-none-eabi/lib\libc_s.a(lib_a-mprec.o)
                0x20004130                __s2b
 .text.__hi0bits
                0x20004208       0x58 c:/isis/application/toolchain/bin/../lib/gcc/arm-none-eabi/4.7.4/../../../../arm-none-eabi/lib\libc_s.a(lib_a-mprec.o)
                0x20004208                __hi0bits
 .text.__lo0bits
                0x20004260       0x94 c:/isis/application/toolchain/bin/../lib/gcc/arm-none-eabi/4.7.4/../../../../arm-none-eabi/lib\libc_s.a(lib_a-mprec.o)
                0x20004260                __lo0bits
 .text.__i2b    0x200042f4       0x24 c:/isis/application/toolchain/bin/../lib/gcc/arm-none-eabi/4.7.4/../../../../arm-none-eabi/lib\libc_s.a(lib_a-mprec.o)
                0x200042f4                __i2b
 .text.__multiply
                0x20004318      0x1ac c:/isis/application/toolchain/bin/../lib/gcc/arm-none-eabi/4.7.4/../../../../arm-none-eabi/lib\libc_s.a(lib_a-mprec.o)
                0x20004318                __multiply
 .text.__pow5mult
                0x200044c4      0x10c c:/isis/application/toolchain/bin/../lib/gcc/arm-none-eabi/4.7.4/../../../../arm-none-eabi/lib\libc_s.a(lib_a-mprec.o)
                0x200044c4                __pow5mult
 .text.__lshift
                0x200045d0       0xf0 c:/isis/application/toolchain/bin/../lib/gcc/arm-none-eabi/4.7.4/../../../../arm-none-eabi/lib\libc_s.a(lib_a-mprec.o)
                0x200045d0                __lshift
 .text.__mcmp   0x200046c0       0x60 c:/isis/application/toolchain/bin/../lib/gcc/arm-none-eabi/4.7.4/../../../../arm-none-eabi/lib\libc_s.a(lib_a-mprec.o)
                0x200046c0                __mcmp
 .text.__mdiff  0x20004720      0x128 c:/isis/application/toolchain/bin/../lib/gcc/arm-none-eabi/4.7.4/../../../../arm-none-eabi/lib\libc_s.a(lib_a-mprec.o)
                0x20004720                __mdiff
 .text.__ulp    0x20004848       0x5c c:/isis/application/toolchain/bin/../lib/gcc/arm-none-eabi/4.7.4/../../../../arm-none-eabi/lib\libc_s.a(lib_a-mprec.o)
                0x20004848                __ulp
 .text.__b2d    0x200048a4       0xc8 c:/isis/application/toolchain/bin/../lib/gcc/arm-none-eabi/4.7.4/../../../../arm-none-eabi/lib\libc_s.a(lib_a-mprec.o)
                0x200048a4                __b2d
 .text.__d2b    0x2000496c       0xfc c:/isis/application/toolchain/bin/../lib/gcc/arm-none-eabi/4.7.4/../../../../arm-none-eabi/lib\libc_s.a(lib_a-mprec.o)
                0x2000496c                __d2b
 .text.__ratio  0x20004a68       0x70 c:/isis/application/toolchain/bin/../lib/gcc/arm-none-eabi/4.7.4/../../../../arm-none-eabi/lib\libc_s.a(lib_a-mprec.o)
                0x20004a68                __ratio
 .text.__copybits
                0x20004ad8       0x4c c:/isis/application/toolchain/bin/../lib/gcc/arm-none-eabi/4.7.4/../../../../arm-none-eabi/lib\libc_s.a(lib_a-mprec.o)
                0x20004ad8                __copybits
 .text.__any_on
                0x20004b24       0x7c c:/isis/application/toolchain/bin/../lib/gcc/arm-none-eabi/4.7.4/../../../../arm-none-eabi/lib\libc_s.a(lib_a-mprec.o)
                0x20004b24                __any_on
 .text.__fpclassifyd
                0x20004ba0       0x6c c:/isis/application/toolchain/bin/../lib/gcc/arm-none-eabi/4.7.4/../../../../arm-none-eabi/lib\libc_s.a(lib_a-s_fpclassify.o)
                0x20004ba0                __fpclassifyd
 .text._sbrk_r  0x20004c0c       0x3c c:/isis/application/toolchain/bin/../lib/gcc/arm-none-eabi/4.7.4/../../../../arm-none-eabi/lib\libc_s.a(lib_a-sbrkr.o)
                0x20004c0c                _sbrk_r
 .text.nanf     0x20004c48        0xc c:/isis/application/toolchain/bin/../lib/gcc/arm-none-eabi/4.7.4/../../../../arm-none-eabi/lib\libc_s.a(lib_a-sf_nan.o)
                0x20004c48                nanf
 .text.sprintf  0x20004c54       0x6c c:/isis/application/toolchain/bin/../lib/gcc/arm-none-eabi/4.7.4/../../../../arm-none-eabi/lib\libc_s.a(lib_a-sprintf.o)
                0x20004c54                siprintf
                0x20004c54                sprintf
 .text.strlen   0x20004cc0       0x1c c:/isis/application/toolchain/bin/../lib/gcc/arm-none-eabi/4.7.4/../../../../arm-none-eabi/lib\libc_s.a(lib_a-strlen.o)
                0x20004cc0                strlen
 .text.match    0x20004cdc       0x54 c:/isis/application/toolchain/bin/../lib/gcc/arm-none-eabi/4.7.4/../../../../arm-none-eabi/lib\libc_s.a(lib_a-strtod.o)
 .text._strtod_r
                0x20004d30     0x1168 c:/isis/application/toolchain/bin/../lib/gcc/arm-none-eabi/4.7.4/../../../../arm-none-eabi/lib\libc_s.a(lib_a-strtod.o)
                0x20004d30                _strtod_r
 .text._strtol_r
                0x20005e98      0x1b8 c:/isis/application/toolchain/bin/../lib/gcc/arm-none-eabi/4.7.4/../../../../arm-none-eabi/lib\libc_s.a(lib_a-strtol.o)
                0x20005e98                _strtol_r
 .text.__ssputc_r
                0x20006050      0x10c c:/isis/application/toolchain/bin/../lib/gcc/arm-none-eabi/4.7.4/../../../../arm-none-eabi/lib\libc_s.a(lib_a-svfprintf.o)
                0x20006050                __ssputc_r
 .text._svfprintf_r
                0x2000615c      0x328 c:/isis/application/toolchain/bin/../lib/gcc/arm-none-eabi/4.7.4/../../../../arm-none-eabi/lib\libc_s.a(lib_a-svfprintf.o)
                0x2000615c                _svfiprintf_r
                0x2000615c                _svfprintf_r
 .text._calloc_r
                0x20006484       0x2c c:/isis/application/toolchain/bin/../lib/gcc/arm-none-eabi/4.7.4/../../../../arm-none-eabi/lib\libc_s.a(lib_a-callocr.o)
                0x20006484                _calloc_r
 .text._free_r  0x200064b0      0x108 c:/isis/application/toolchain/bin/../lib/gcc/arm-none-eabi/4.7.4/../../../../arm-none-eabi/lib\libc_s.a(lib_a-freer.o)
                0x200064b0                _free_r
 .text.rshift   0x200065b8       0xb0 c:/isis/application/toolchain/bin/../lib/gcc/arm-none-eabi/4.7.4/../../../../arm-none-eabi/lib\libc_s.a(lib_a-gdtoa-gethex.o)
 .text.htinit.constprop.0
                0x20006668       0x34 c:/isis/application/toolchain/bin/../lib/gcc/arm-none-eabi/4.7.4/../../../../arm-none-eabi/lib\libc_s.a(lib_a-gdtoa-gethex.o)
 .text.__hexdig_init
                0x2000669c       0x38 c:/isis/application/toolchain/bin/../lib/gcc/arm-none-eabi/4.7.4/../../../../arm-none-eabi/lib\libc_s.a(lib_a-gdtoa-gethex.o)
                0x2000669c                __hexdig_init
 .text.__gethex
                0x200066d4      0x6cc c:/isis/application/toolchain/bin/../lib/gcc/arm-none-eabi/4.7.4/../../../../arm-none-eabi/lib\libc_s.a(lib_a-gdtoa-gethex.o)
                0x200066d4                __gethex
 .text.L_shift  0x20006da0       0x38 c:/isis/application/toolchain/bin/../lib/gcc/arm-none-eabi/4.7.4/../../../../arm-none-eabi/lib\libc_s.a(lib_a-gdtoa-hexnan.o)
 .text.__hexnan
                0x20006dd8      0x1d8 c:/isis/application/toolchain/bin/../lib/gcc/arm-none-eabi/4.7.4/../../../../arm-none-eabi/lib\libc_s.a(lib_a-gdtoa-hexnan.o)
                0x20006dd8                __hexnan
 .text.memchr   0x20006fb0       0x34 c:/isis/application/toolchain/bin/../lib/gcc/arm-none-eabi/4.7.4/../../../../arm-none-eabi/lib\libc_s.a(lib_a-memchr.o)
                0x20006fb0                memchr
 .text.memset   0x20006fe4       0x1c c:/isis/application/toolchain/bin/../lib/gcc/arm-none-eabi/4.7.4/../../../../arm-none-eabi/lib\libc_s.a(lib_a-memset.o)
                0x20006fe4                memset
 .text._realloc_r
                0x20007000       0x80 c:/isis/application/toolchain/bin/../lib/gcc/arm-none-eabi/4.7.4/../../../../arm-none-eabi/lib\libc_s.a(lib_a-reallocr.o)
                0x20007000                _realloc_r
 .text.strncmp  0x20007080       0x64 c:/isis/application/toolchain/bin/../lib/gcc/arm-none-eabi/4.7.4/../../../../arm-none-eabi/lib\libc_s.a(lib_a-strncmp.o)
                0x20007080                strncmp
 .text._malloc_usable_size_r
                0x200070e4       0x1c c:/isis/application/toolchain/bin/../lib/gcc/arm-none-eabi/4.7.4/../../../../arm-none-eabi/lib\libc_s.a(lib_a-msizer.o)
                0x200070e4                _malloc_usable_size_r
 .text.EPS_TelemetryHKbasic
                0x20007100      0x154 ./src/Demos/GomEPSdemo.o
 .text.EPS_TelemetryHKwdt
                0x20007254      0x108 ./src/Demos/GomEPSdemo.o
 .text.EPS_TelemetryHKout
                0x2000735c      0x320 ./src/Demos/GomEPSdemo.o
 .text.EPS_TelemetryHKvi
                0x2000767c      0x104 ./src/Demos/GomEPSdemo.o
 .text.EPS_TelemetryHKGeneral
                0x20007780      0x584 ./src/Demos/GomEPSdemo.o
 .text.EPS_TelemetryHKParam
                0x20007d04      0x310 ./src/Demos/GomEPSdemo.o
 .text.EPS_SetOutputOn
                0x20008014       0x80 ./src/Demos/GomEPSdemo.o
 .text.EPS_SetOutputOff
                0x20008094       0x80 ./src/Demos/GomEPSdemo.o
 .text.EPS_TelemetryHKGeneral_BatteryLoop
                0x20008114      0x18c ./src/Demos/GomEPSdemo.o
 .text.selectAndExecuteGomEPSDemoTest
                0x200082a0      0x188 ./src/Demos/GomEPSdemo.o
 .text.GomEPSdemoInit
                0x20008428       0x68 ./src/Demos/GomEPSdemo.o
                0x20008428                GomEPSdemoInit
 .text.GomEPSdemoLoop
                0x20008490       0x3c ./src/Demos/GomEPSdemo.o
                0x20008490                GomEPSdemoLoop
 .text.GomEPSdemoMain
                0x200084cc       0x30 ./src/Demos/GomEPSdemo.o
                0x200084cc                GomEPSdemoMain
 .text.GomEPStest
                0x200084fc       0x18 ./src/Demos/GomEPSdemo.o
                0x200084fc                GomEPStest
 .text.resetAntSTest
                0x20008514       0x9c ./src/Demos/IsisAntSdemo.o
 .text.printDeploymentStatus
                0x200085b0       0x60 ./src/Demos/IsisAntSdemo.o
 .text.getStatusAntSTest
                0x20008610      0x178 ./src/Demos/IsisAntSdemo.o
 .text.tempAntSTest
                0x20008788      0x1a4 ./src/Demos/IsisAntSdemo.o
 .text.uptimeAntSTest
                0x2000892c       0xa4 ./src/Demos/IsisAntSdemo.o
 .text.telemAntSTest
                0x200089d0      0x1cc ./src/Demos/IsisAntSdemo.o
 .text.setARMStatus
                0x20008b9c      0x158 ./src/Demos/IsisAntSdemo.o
 .text.autoDeploymentAntSTest
                0x20008cf4      0x140 ./src/Demos/IsisAntSdemo.o
 .text.manualDeploymentAntSTest
                0x20008e34      0x18c ./src/Demos/IsisAntSdemo.o
 .text.selectAndExecuteAntSDemoTest
                0x20008fc0      0x2c4 ./src/Demos/IsisAntSdemo.o
                0x20008fc0                selectAndExecuteAntSDemoTest
 .text.initmain
                0x20009284       0x7c ./src/Demos/IsisAntSdemo.o
 .text.Ants_mainDemo
                0x20009300       0x40 ./src/Demos/IsisAntSdemo.o
 .text.AntStest
                0x20009340       0x1c ./src/Demos/IsisAntSdemo.o
                0x20009340                AntStest
 .text._parse_resp
                0x2000935c      0x1ec ./src/Demos/IsisEPSdemo.o
 .text._get_channel_flagfield
                0x20009548       0xf0 ./src/Demos/IsisEPSdemo.o
 .text._get_channel_index
                0x20009638       0xdc ./src/Demos/IsisEPSdemo.o
 .text._get_cdb_board_selection
                0x20009714       0xe0 ./src/Demos/IsisEPSdemo.o
 .text._hardReset
                0x200097f4       0xc8 ./src/Demos/IsisEPSdemo.o
 .text._noOperation
                0x200098bc       0xbc ./src/Demos/IsisEPSdemo.o
 .text._cancelOperation
                0x20009978       0xbc ./src/Demos/IsisEPSdemo.o
 .text._resetWDT
                0x20009a34       0xd4 ./src/Demos/IsisEPSdemo.o
 .text._outputBusGroupOn
                0x20009b08      0x164 ./src/Demos/IsisEPSdemo.o
 .text._outputBusGroupOff
                0x20009c6c      0x164 ./src/Demos/IsisEPSdemo.o
 .text._outputBusGroupState
                0x20009dd0      0x17c ./src/Demos/IsisEPSdemo.o
 .text._outputBus3v3On
                0x20009f4c      0x128 ./src/Demos/IsisEPSdemo.o
 .text._outputBus3v3Off
                0x2000a074      0x128 ./src/Demos/IsisEPSdemo.o
 .text._outputBus5vOn
                0x2000a19c      0x128 ./src/Demos/IsisEPSdemo.o
 .text._outputBus5vOff
                0x2000a2c4      0x128 ./src/Demos/IsisEPSdemo.o
 .text._outputBusHvOn
                0x2000a3ec      0x11c ./src/Demos/IsisEPSdemo.o
 .text._outputBusHvOff
                0x2000a508      0x11c ./src/Demos/IsisEPSdemo.o
 .text._getSystemState
                0x2000a624      0x36c ./src/Demos/IsisEPSdemo.o
 .text._getRawHKDataMB
                0x2000a990      0x6a8 ./src/Demos/IsisEPSdemo.o
 .text._getEngHKDataMB
                0x2000b038      0x6c8 ./src/Demos/IsisEPSdemo.o
 .text._getRAEngHKDataMB
                0x2000b700      0x610 ./src/Demos/IsisEPSdemo.o
 .text._getRawHKDataCDB
                0x2000bd10      0x364 ./src/Demos/IsisEPSdemo.o
 .text._getEngHKDataCDB
                0x2000c074      0x378 ./src/Demos/IsisEPSdemo.o
 .text._getRAEngHKDataCDB
                0x2000c3ec      0x354 ./src/Demos/IsisEPSdemo.o
 .text.show_LOState
                0x2000c740      0x1a8 ./src/Demos/IsisEPSdemo.o
 .text._getLOState3V3
                0x2000c8e8      0x198 ./src/Demos/IsisEPSdemo.o
 .text._getLOState5V
                0x2000ca80      0x198 ./src/Demos/IsisEPSdemo.o
 .text._getLOStateBV
                0x2000cc18      0x198 ./src/Demos/IsisEPSdemo.o
 .text._getLOStateHV
                0x2000cdb0      0x198 ./src/Demos/IsisEPSdemo.o
 .text._getParameter
                0x2000cf48      0x140 ./src/Demos/IsisEPSdemo.o
 .text._setParameter
                0x2000d088      0x2b0 ./src/Demos/IsisEPSdemo.o
 .text._resetParameter
                0x2000d338      0x14c ./src/Demos/IsisEPSdemo.o
 .text._resetConfig
                0x2000d484       0xc8 ./src/Demos/IsisEPSdemo.o
 .text._loadConfig
                0x2000d54c       0xbc ./src/Demos/IsisEPSdemo.o
 .text._saveConfig
                0x2000d608      0x1bc ./src/Demos/IsisEPSdemo.o
 .text._selectAndExecuteDemoTest
                0x2000d7c4      0x65c ./src/Demos/IsisEPSdemo.o
 .text.IsisEPSdemoInit
                0x2000de20       0x68 ./src/Demos/IsisEPSdemo.o
                0x2000de20                IsisEPSdemoInit
 .text.IsisEPSdemoLoop
                0x2000de88       0x3c ./src/Demos/IsisEPSdemo.o
                0x2000de88                IsisEPSdemoLoop
 .text.IsisEPSdemoMain
                0x2000dec4       0x30 ./src/Demos/IsisEPSdemo.o
                0x2000dec4                IsisEPSdemoMain
 .text.IsisEPStest
                0x2000def4       0x18 ./src/Demos/IsisEPSdemo.o
                0x2000def4                IsisEPStest
 .text.getTemperature
                0x2000df0c       0x60 ./src/Demos/IsisMTQv1demo.o
 .text.selectAndExecuteMtqDemoTest
                0x2000df6c       0xa8 ./src/Demos/IsisMTQv1demo.o
 .text.initmain
                0x2000e014       0x38 ./src/Demos/IsisMTQv1demo.o
 .text.Mtqv1_mainDemo
                0x2000e04c       0x3c ./src/Demos/IsisMTQv1demo.o
 .text.MTQv1test
                0x2000e088       0x1c ./src/Demos/IsisMTQv1demo.o
                0x2000e088                MTQv1test
 .text._parse_resp
                0x2000e0a4      0x23c ./src/Demos/IsisMTQv2demo.o
 .text._parse_selftest_step
                0x2000e2e0      0x530 ./src/Demos/IsisMTQv2demo.o
 .text._get_axis_inputs
                0x2000e810      0x2c4 ./src/Demos/IsisMTQv2demo.o
 .text._softReset
                0x2000ead4       0xd4 ./src/Demos/IsisMTQv2demo.o
 .text._noOperation
                0x2000eba8       0xc8 ./src/Demos/IsisMTQv2demo.o
 .text._cancelOperation
                0x2000ec70       0xbc ./src/Demos/IsisMTQv2demo.o
 .text._startMTMMeasurement
                0x2000ed2c       0xdc ./src/Demos/IsisMTQv2demo.o
 .text._startMTQActuationCurrent
                0x2000ee08      0x10c ./src/Demos/IsisMTQv2demo.o
 .text._startMTQActuationDipole
                0x2000ef14      0x128 ./src/Demos/IsisMTQv2demo.o
 .text._startMTQActuationPWM
                0x2000f03c      0x10c ./src/Demos/IsisMTQv2demo.o
 .text._startSelfTest
                0x2000f148      0x208 ./src/Demos/IsisMTQv2demo.o
 .text._startDetumble
                0x2000f350      0x180 ./src/Demos/IsisMTQv2demo.o
 .text._getSystemState
                0x2000f4d0      0x204 ./src/Demos/IsisMTQv2demo.o
 .text._getRawMTMData
                0x2000f6d4      0x130 ./src/Demos/IsisMTQv2demo.o
 .text._getCalMTMData
                0x2000f804      0x130 ./src/Demos/IsisMTQv2demo.o
 .text._getCoilCurrent
                0x2000f934      0x120 ./src/Demos/IsisMTQv2demo.o
 .text._getCoilTemperature
                0x2000fa54      0x120 ./src/Demos/IsisMTQv2demo.o
 .text._getCmdActuationDipole
                0x2000fb74      0x12c ./src/Demos/IsisMTQv2demo.o
 .text._getSelftestDataSingleAxis
                0x2000fca0      0x148 ./src/Demos/IsisMTQv2demo.o
 .text._getSelftestDataAllAxis
                0x2000fde8      0x1e0 ./src/Demos/IsisMTQv2demo.o
 .text._getDetumbleData
                0x2000ffc8      0x220 ./src/Demos/IsisMTQv2demo.o
 .text._getRawHKData
                0x200101e8      0x1f8 ./src/Demos/IsisMTQv2demo.o
 .text._getEngHKData
                0x200103e0      0x228 ./src/Demos/IsisMTQv2demo.o
 .text._getParameter
                0x20010608      0x140 ./src/Demos/IsisMTQv2demo.o
 .text._setParameter
                0x20010748      0x290 ./src/Demos/IsisMTQv2demo.o
 .text._resetParameter
                0x200109d8      0x14c ./src/Demos/IsisMTQv2demo.o
 .text._selectAndExecuteDemoTest
                0x20010b24      0x540 ./src/Demos/IsisMTQv2demo.o
 .text.IsisMTQv2demoInit
                0x20011064       0x68 ./src/Demos/IsisMTQv2demo.o
                0x20011064                IsisMTQv2demoInit
 .text.IsisMTQv2demoLoop
                0x200110cc       0x3c ./src/Demos/IsisMTQv2demo.o
                0x200110cc                IsisMTQv2demoLoop
 .text.IsisMTQv2demoMain
                0x20011108       0x30 ./src/Demos/IsisMTQv2demo.o
                0x20011108                IsisMTQv2demoMain
 .text.IsisMTQv2test
                0x20011138       0x18 ./src/Demos/IsisMTQv2demo.o
                0x20011138                IsisMTQv2test
 .text.SolarPanel_Temperature
                0x20011150      0x260 ./src/Demos/IsisSPdemo.o
 .text.selectAndExecuteSolarPanelsDemoTest
                0x200113b0       0xa8 ./src/Demos/IsisSPdemo.o
 .text.SolarPaneltest
                0x20011458       0x44 ./src/Demos/IsisSPdemo.o
                0x20011458                SolarPaneltest
 .text.SolarPanelv2_Temperature
                0x2001149c       0xfc ./src/Demos/IsisSPv2demo.o
                0x2001149c                SolarPanelv2_Temperature
 .text.selectAndExecuteSolarPanelsv2DemoTest
                0x20011598       0xa8 ./src/Demos/IsisSPv2demo.o
                0x20011598                selectAndExecuteSolarPanelsv2DemoTest
 .text.SolarPanelsv2_mainDemo
                0x20011640       0x3c ./src/Demos/IsisSPv2demo.o
                0x20011640                SolarPanelsv2_mainDemo
 .text.SolarPanelv2test
                0x2001167c       0x74 ./src/Demos/IsisSPv2demo.o
                0x2001167c                SolarPanelv2test
 .text.resetUVTest
                0x200116f0       0x28 ./src/Demos/IsisTRXUVdemo.o
 .text.itc_sendDefClSignTest
                0x20011718       0xf4 ./src/Demos/IsisTRXUVdemo.o
 .text.itc_sendMsgCWTest
                0x2001180c       0xf4 ./src/Demos/IsisTRXUVdemo.o
 .text.itc_toggleIdleStateTest
                0x20011900       0x74 ./src/Demos/IsisTRXUVdemo.o
 .text.itc_setTxBitrate9600Test
                0x20011974       0x2c ./src/Demos/IsisTRXUVdemo.o
 .text.itc_setTxBitrate1200Test
                0x200119a0       0x2c ./src/Demos/IsisTRXUVdemo.o
 .text.imc_getFrameCountTest
                0x200119cc       0x80 ./src/Demos/IsisTRXUVdemo.o
 .text.imc_getFrameCmdTest
                0x20011a4c      0x178 ./src/Demos/IsisTRXUVdemo.o
 .text.imc_getFrameCmdAndTxTest
                0x20011bc4      0x1ec ./src/Demos/IsisTRXUVdemo.o
 .text.imc_getAllTelemTest
                0x20011db0      0x724 ./src/Demos/IsisTRXUVdemo.o
 .text.selectAndExecuteTRXUVDemoTest
                0x200124d4      0x1a8 ./src/Demos/IsisTRXUVdemo.o
 .text.initmain
                0x2001267c       0x70 ./src/Demos/IsisTRXUVdemo.o
 .text.TRXUV_mainDemo
                0x200126ec       0x3c ./src/Demos/IsisTRXUVdemo.o
 .text.TRXUVtest
                0x20012728       0x38 ./src/Demos/IsisTRXUVdemo.o
                0x20012728                TRXUVtest
 .text.softResetVUTest
                0x20012760       0x58 ./src/Demos/IsisTRXVUdemo.o
 .text.hardResetVUTest
                0x200127b8       0x58 ./src/Demos/IsisTRXVUdemo.o
 .text.vutc_sendDefClSignTest
                0x20012810       0xf4 ./src/Demos/IsisTRXVUdemo.o
 .text.vutc_toggleIdleStateTest
                0x20012904       0x74 ./src/Demos/IsisTRXVUdemo.o
 .text.vutc_setTxBitrate9600Test
                0x20012978       0x2c ./src/Demos/IsisTRXVUdemo.o
 .text.vutc_setTxBitrate1200Test
                0x200129a4       0x2c ./src/Demos/IsisTRXVUdemo.o
 .text.vurc_getFrameCountTest
                0x200129d0       0x80 ./src/Demos/IsisTRXVUdemo.o
 .text.vurc_getFrameCmdTest
                0x20012a50      0x2a0 ./src/Demos/IsisTRXVUdemo.o
 .text.vurc_getFrameCmdAndTxTest
                0x20012cf0      0x2e0 ./src/Demos/IsisTRXVUdemo.o
 .text.vurc_getRxTelemTest_revC
                0x20012fd0      0x3c8 ./src/Demos/IsisTRXVUdemo.o
 .text.vurc_getRxTelemTest_revD
                0x20013398      0x524 ./src/Demos/IsisTRXVUdemo.o
 .text.vutc_getTxTelemTest_revC
                0x200138bc      0x390 ./src/Demos/IsisTRXVUdemo.o
 .text.vutc_getTxTelemTest_revD
                0x20013c4c      0x4ec ./src/Demos/IsisTRXVUdemo.o
 .text.selectAndExecuteTRXVUDemoTest
                0x20014138      0x1fc ./src/Demos/IsisTRXVUdemo.o
 .text.IsisTRXVUdemoInit
                0x20014334       0x98 ./src/Demos/IsisTRXVUdemo.o
                0x20014334                IsisTRXVUdemoInit
 .text.IsisTRXVUdemoLoop
                0x200143cc       0x3c ./src/Demos/IsisTRXVUdemo.o
                0x200143cc                IsisTRXVUdemoLoop
 .text.IsisTRXVUdemoMain
                0x20014408       0x30 ./src/Demos/IsisTRXVUdemo.o
                0x20014408                IsisTRXVUdemoMain
 .text.TRXVUtest
                0x20014438       0x18 ./src/Demos/IsisTRXVUdemo.o
                0x20014438                TRXVUtest
 .text.softResetTxsTest
                0x20014450       0x34 ./src/Demos/IsisTxSdemo.o
 .text.halfMaxBitrateTxsTest
                0x20014484       0x38 ./src/Demos/IsisTxSdemo.o
 .text.MaxBitrateTxsTest
                0x200144bc       0x38 ./src/Demos/IsisTxSdemo.o
 .text.level4_5dBTxsTest
                0x200144f4       0x38 ./src/Demos/IsisTxSdemo.o
 .text.level13_5dBTxsTest
                0x2001452c       0x38 ./src/Demos/IsisTxSdemo.o
 .text.toggleTxsStateTest
                0x20014564       0x74 ./src/Demos/IsisTxSdemo.o
 .text.addDefaultCallsignFrames
                0x200145d8      0x108 ./src/Demos/IsisTxSdemo.o
 .text.getAllTelemTxSTest
                0x200146e0      0x574 ./src/Demos/IsisTxSdemo.o
 .text.selectAndExecuteTxSDemoTest
                0x20014c54      0x170 ./src/Demos/IsisTxSdemo.o
 .text.IsisTxSdemoInit
                0x20014dc4       0x78 ./src/Demos/IsisTxSdemo.o
                0x20014dc4                IsisTxSdemoInit
 .text.IsisTxSdemoLoop
                0x20014e3c       0x3c ./src/Demos/IsisTxSdemo.o
                0x20014e3c                IsisTxSdemoLoop
 .text.IsisTxSdemoMain
                0x20014e78       0x30 ./src/Demos/IsisTxSdemo.o
                0x20014e78                IsisTxSdemoMain
 .text.TxStest  0x20014ea8       0x18 ./src/Demos/IsisTxSdemo.o
                0x20014ea8                TxStest
 .text.Gecko_GetRegister
                0x20014ec0       0x8c ./src/Demos/ScsGeckoDemo.o
                0x20014ec0                Gecko_GetRegister
 .text.Gecko_SetRegister
                0x20014f4c      0x104 ./src/Demos/ScsGeckoDemo.o
                0x20014f4c                Gecko_SetRegister
 .text.Gecko_DisplayVersion
                0x20015050       0x6c ./src/Demos/ScsGeckoDemo.o
                0x20015050                Gecko_DisplayVersion
 .text.Gecko_DisplayUptime
                0x200150bc       0x34 ./src/Demos/ScsGeckoDemo.o
                0x200150bc                Gecko_DisplayUptime
 .text.Gecko_TakeImage
                0x200150f0       0x60 ./src/Demos/ScsGeckoDemo.o
                0x200150f0                Gecko_TakeImage
 .text.Gecko_ReadImage
                0x20015150       0xf8 ./src/Demos/ScsGeckoDemo.o
                0x20015150                Gecko_ReadImage
 .text.Gecko_EraseImage
                0x20015248       0x44 ./src/Demos/ScsGeckoDemo.o
                0x20015248                Gecko_EraseImage
 .text.printImage
                0x2001528c      0x100 ./src/Demos/ScsGeckoDemo.o
                0x2001528c                printImage
 .text.Gecko_PrintAllRegisters
                0x2001538c       0xc8 ./src/Demos/ScsGeckoDemo.o
                0x2001538c                Gecko_PrintAllRegisters
 .text.Gecko_PrintTelemetry
                0x20015454      0x3dc ./src/Demos/ScsGeckoDemo.o
                0x20015454                Gecko_PrintTelemetry
 .text._GetBinnedPixel
                0x20015830       0x30 ./src/Demos/ScsGeckoDemo.o
 .text.Gecko_BinImage
                0x20015860      0x4b8 ./src/Demos/ScsGeckoDemo.o
                0x20015860                Gecko_BinImage
 .text.TurnOnCamera
                0x20015d18      0x134 ./src/Demos/ScsGeckoDemo.o
                0x20015d18                TurnOnCamera
 .text.TurnOffCamera
                0x20015e4c       0xcc ./src/Demos/ScsGeckoDemo.o
                0x20015e4c                TurnOffCamera
 .text.selectAndExecuteGeckoDemoTest
                0x20015f18      0x248 ./src/Demos/ScsGeckoDemo.o
                0x20015f18                selectAndExecuteGeckoDemoTest
 .text._InitFileSystem
                0x20016160       0xd4 ./src/Demos/ScsGeckoDemo.o
                0x20016160                _InitFileSystem
 .text._DeinitFileSystem
                0x20016234       0x20 ./src/Demos/ScsGeckoDemo.o
                0x20016234                _DeinitFileSystem
 .text.ScsGeckoDemoInit
                0x20016254       0x80 ./src/Demos/ScsGeckoDemo.o
                0x20016254                ScsGeckoDemoInit
 .text.ScsGeckoDemoLoop
                0x200162d4       0x3c ./src/Demos/ScsGeckoDemo.o
                0x200162d4                ScsGeckoDemoLoop
 .text.ScsGeckoDemoMain
                0x20016310       0x34 ./src/Demos/ScsGeckoDemo.o
                0x20016310                ScsGeckoDemoMain
 .text.GeckoTest
                0x20016344       0x18 ./src/Demos/ScsGeckoDemo.o
                0x20016344                GeckoTest
 .text.ing_interact
                0x2001635c      0x450 ./src/Demos/common.o
                0x2001635c                ing_interact
 .text.ing_parse
                0x200167ac      0x8f4 ./src/Demos/common.o
                0x200167ac                ing_parse
 .text.ing      0x200170a0       0xa4 ./src/Demos/common.o
                0x200170a0                ing
 .text.config_param_info
                0x20017144      0xb00 ./src/Demos/common.o
                0x20017144                config_param_info
 .text.print_error
                0x20017c44       0x34 ./src/Demos/common.o
                0x20017c44                print_error
 .text.eslADC_ADCSRunModeTest
                0x20017c78       0x5c ./src/Demos/cspaceADCSdemo.o
 .text.eslADC_ADCSGenInfo
                0x20017cd4       0xa4 ./src/Demos/cspaceADCSdemo.o
 .text.eslADC_ADCSCommStatusTest
                0x20017d78      0x114 ./src/Demos/cspaceADCSdemo.o
 .text.eslADC_ADCSPowCtrlCmdTest
                0x20017e8c      0x328 ./src/Demos/cspaceADCSdemo.o
 .text.eslADC_setGetTimeTest
                0x200181b4       0x7c ./src/Demos/cspaceADCSdemo.o
 .text.eslADC_setResetTest
                0x20018230       0x1c ./src/Demos/cspaceADCSdemo.o
 .text.eslADC_setGetWheelspeedTlmTest
                0x2001824c      0x154 ./src/Demos/cspaceADCSdemo.o
 .text.eslADC_setMTQTest
                0x200183a0       0xf8 ./src/Demos/cspaceADCSdemo.o
 .text.eslADC_getMTQTest
                0x20018498       0x80 ./src/Demos/cspaceADCSdemo.o
 .text.eslADC_getMTMtest
                0x20018518      0x124 ./src/Demos/cspaceADCSdemo.o
 .text.eslADC_getCurrState
                0x2001863c      0x188 ./src/Demos/cspaceADCSdemo.o
 .text.eslADC_ADCSPowCtrlAllOffTest
                0x200187c4      0x1b0 ./src/Demos/cspaceADCSdemo.o
 .text.eslADC_ADCSPowTempTlm
                0x20018974      0x3c0 ./src/Demos/cspaceADCSdemo.o
 .text.eslADC_getGeneralTelemetry
                0x20018d34      0x520 ./src/Demos/cspaceADCSdemo.o
 .text.eslADC_getRawGeneralTlmSeveralCmd
                0x20019254      0x244 ./src/Demos/cspaceADCSdemo.o
 .text.eslADC_getCurrentMeasurements
                0x20019498      0x1ec ./src/Demos/cspaceADCSdemo.o
 .text.eslADC_getADCActuators
                0x20019684       0xd4 ./src/Demos/cspaceADCSdemo.o
 .text.eslADC_getGPSStatusTime
                0x20019758      0x1e0 ./src/Demos/cspaceADCSdemo.o
 .text.eslADC_getGPSRawData
                0x20019938       0xd4 ./src/Demos/cspaceADCSdemo.o
 .text.eslADC_getGPSRawMeasurements
                0x20019a0c      0x2d8 ./src/Demos/cspaceADCSdemo.o
 .text.eslADC_getADCGroup1
                0x20019ce4      0x1f8 ./src/Demos/cspaceADCSdemo.o
 .text.selectAndExecute_cspaceADCSDemoTest
                0x20019edc      0x384 ./src/Demos/cspaceADCSdemo.o
 .text.cspaceADCSdemoInit
                0x2001a260       0x68 ./src/Demos/cspaceADCSdemo.o
                0x2001a260                cspaceADCSdemoInit
 .text.cspaceADCSdemoLoop
                0x2001a2c8       0x3c ./src/Demos/cspaceADCSdemo.o
                0x2001a2c8                cspaceADCSdemoLoop
 .text.cspaceADCSdemoMain
                0x2001a304       0x30 ./src/Demos/cspaceADCSdemo.o
                0x2001a304                cspaceADCSdemoMain
 .text.cspaceADCStest
                0x2001a334       0x18 ./src/Demos/cspaceADCSdemo.o
                0x2001a334                cspaceADCStest
 .text.selectAndExecuteTest
                0x2001a34c      0x248 ./src/main.o
                0x2001a34c                selectAndExecuteTest
 .text.taskMain
                0x2001a594       0x5c ./src/main.o
                0x2001a594                taskMain
 .text.main     0x2001a5f0      0x1a8 ./src/main.o
                0x2001a5f0                main
 .text.GomEpsInitialize
                0x2001a798      0x148 C:/new_drivers/satellite-subsystems/demo/..//satellite-subsystems/lib\libSatelliteSubsystemsD.a(GomEPS.o)
                0x2001a798                GomEpsInitialize
 .text.makeEPStransfer
                0x2001a8e0       0x3c C:/new_drivers/satellite-subsystems/demo/..//satellite-subsystems/lib\libSatelliteSubsystemsD.a(GomEPS.o)
 .text.GomEpsGetHkData_param
                0x2001a91c      0x29c C:/new_drivers/satellite-subsystems/demo/..//satellite-subsystems/lib\libSatelliteSubsystemsD.a(GomEPS.o)
                0x2001a91c                GomEpsGetHkData_param
 .text.GomEpsGetHkData_general
                0x2001abb8      0x45c C:/new_drivers/satellite-subsystems/demo/..//satellite-subsystems/lib\libSatelliteSubsystemsD.a(GomEPS.o)
                0x2001abb8                GomEpsGetHkData_general
 .text.GomEpsGetHkData_vi
                0x2001b014      0x188 C:/new_drivers/satellite-subsystems/demo/..//satellite-subsystems/lib\libSatelliteSubsystemsD.a(GomEPS.o)
                0x2001b014                GomEpsGetHkData_vi
 .text.GomEpsGetHkData_out
                0x2001b19c      0x21c C:/new_drivers/satellite-subsystems/demo/..//satellite-subsystems/lib\libSatelliteSubsystemsD.a(GomEPS.o)
                0x2001b19c                GomEpsGetHkData_out
 .text.GomEpsGetHkData_wdt
                0x2001b3b8      0x2b4 C:/new_drivers/satellite-subsystems/demo/..//satellite-subsystems/lib\libSatelliteSubsystemsD.a(GomEPS.o)
                0x2001b3b8                GomEpsGetHkData_wdt
 .text.GomEpsGetHkData_basic
                0x2001b66c      0x22c C:/new_drivers/satellite-subsystems/demo/..//satellite-subsystems/lib\libSatelliteSubsystemsD.a(GomEPS.o)
                0x2001b66c                GomEpsGetHkData_basic
 .text.GomEpsSetSingleOutput
                0x2001b898       0xe4 C:/new_drivers/satellite-subsystems/demo/..//satellite-subsystems/lib\libSatelliteSubsystemsD.a(GomEPS.o)
                0x2001b898                GomEpsSetSingleOutput
 .text.makeAntStransfer
                0x2001b97c       0x4c C:/new_drivers/satellite-subsystems/demo/..//satellite-subsystems/lib\libSatelliteSubsystemsD.a(IsisAntS.o)
 .text.checkInputsValid
                0x2001b9c8       0x7c C:/new_drivers/satellite-subsystems/demo/..//satellite-subsystems/lib\libSatelliteSubsystemsD.a(IsisAntS.o)
 .text.IsisAntS_initialize
                0x2001ba44      0x26c C:/new_drivers/satellite-subsystems/demo/..//satellite-subsystems/lib\libSatelliteSubsystemsD.a(IsisAntS.o)
                0x2001ba44                IsisAntS_initialize
 .text.IsisAntS_setArmStatus
                0x2001bcb0      0x104 C:/new_drivers/satellite-subsystems/demo/..//satellite-subsystems/lib\libSatelliteSubsystemsD.a(IsisAntS.o)
                0x2001bcb0                IsisAntS_setArmStatus
 .text.IsisAntS_attemptDeployment
                0x2001bdb4      0x168 C:/new_drivers/satellite-subsystems/demo/..//satellite-subsystems/lib\libSatelliteSubsystemsD.a(IsisAntS.o)
                0x2001bdb4                IsisAntS_attemptDeployment
 .text.IsisAntS_getStatusData
                0x2001bf1c      0x120 C:/new_drivers/satellite-subsystems/demo/..//satellite-subsystems/lib\libSatelliteSubsystemsD.a(IsisAntS.o)
                0x2001bf1c                IsisAntS_getStatusData
 .text.IsisAntS_getTemperature
                0x2001c03c      0x120 C:/new_drivers/satellite-subsystems/demo/..//satellite-subsystems/lib\libSatelliteSubsystemsD.a(IsisAntS.o)
                0x2001c03c                IsisAntS_getTemperature
 .text.IsisAntS_getUptime
                0x2001c15c      0x120 C:/new_drivers/satellite-subsystems/demo/..//satellite-subsystems/lib\libSatelliteSubsystemsD.a(IsisAntS.o)
                0x2001c15c                IsisAntS_getUptime
 .text.IsisAntS_getAlltelemetry
                0x2001c27c      0x120 C:/new_drivers/satellite-subsystems/demo/..//satellite-subsystems/lib\libSatelliteSubsystemsD.a(IsisAntS.o)
                0x2001c27c                IsisAntS_getAlltelemetry
 .text.IsisAntS_reset
                0x2001c39c      0x104 C:/new_drivers/satellite-subsystems/demo/..//satellite-subsystems/lib\libSatelliteSubsystemsD.a(IsisAntS.o)
                0x2001c39c                IsisAntS_reset
 .text.IsisAntS_autoDeployment
                0x2001c4a0      0x114 C:/new_drivers/satellite-subsystems/demo/..//satellite-subsystems/lib\libSatelliteSubsystemsD.a(IsisAntS.o)
                0x2001c4a0                IsisAntS_autoDeployment
 .text._make_IsisEPStransfer
                0x2001c5b4       0x3c C:/new_drivers/satellite-subsystems/demo/..//satellite-subsystems/lib\libSatelliteSubsystemsD.a(IsisEPS.o)
 .text.IsisEPS_initialize
                0x2001c5f0      0x18c C:/new_drivers/satellite-subsystems/demo/..//satellite-subsystems/lib\libSatelliteSubsystemsD.a(IsisEPS.o)
                0x2001c5f0                IsisEPS_initialize
 .text.IsisEPS_hardReset
                0x2001c77c       0xc8 C:/new_drivers/satellite-subsystems/demo/..//satellite-subsystems/lib\libSatelliteSubsystemsD.a(IsisEPS.o)
                0x2001c77c                IsisEPS_hardReset
 .text.IsisEPS_noOperation
                0x2001c844       0xac C:/new_drivers/satellite-subsystems/demo/..//satellite-subsystems/lib\libSatelliteSubsystemsD.a(IsisEPS.o)
                0x2001c844                IsisEPS_noOperation
 .text.IsisEPS_cancelOperation
                0x2001c8f0       0xac C:/new_drivers/satellite-subsystems/demo/..//satellite-subsystems/lib\libSatelliteSubsystemsD.a(IsisEPS.o)
                0x2001c8f0                IsisEPS_cancelOperation
 .text.IsisEPS_resetWDT
                0x2001c99c       0xac C:/new_drivers/satellite-subsystems/demo/..//satellite-subsystems/lib\libSatelliteSubsystemsD.a(IsisEPS.o)
                0x2001c99c                IsisEPS_resetWDT
 .text.IsisEPS_outputBusGroupOn
                0x2001ca48       0xc4 C:/new_drivers/satellite-subsystems/demo/..//satellite-subsystems/lib\libSatelliteSubsystemsD.a(IsisEPS.o)
                0x2001ca48                IsisEPS_outputBusGroupOn
 .text.IsisEPS_outputBusGroupOff
                0x2001cb0c       0xc4 C:/new_drivers/satellite-subsystems/demo/..//satellite-subsystems/lib\libSatelliteSubsystemsD.a(IsisEPS.o)
                0x2001cb0c                IsisEPS_outputBusGroupOff
 .text.IsisEPS_outputBusGroupState
                0x2001cbd0       0xc4 C:/new_drivers/satellite-subsystems/demo/..//satellite-subsystems/lib\libSatelliteSubsystemsD.a(IsisEPS.o)
                0x2001cbd0                IsisEPS_outputBusGroupState
 .text.IsisEPS_outputBus3v3On
                0x2001cc94       0xbc C:/new_drivers/satellite-subsystems/demo/..//satellite-subsystems/lib\libSatelliteSubsystemsD.a(IsisEPS.o)
                0x2001cc94                IsisEPS_outputBus3v3On
 .text.IsisEPS_outputBus3v3Off
                0x2001cd50       0xbc C:/new_drivers/satellite-subsystems/demo/..//satellite-subsystems/lib\libSatelliteSubsystemsD.a(IsisEPS.o)
                0x2001cd50                IsisEPS_outputBus3v3Off
 .text.IsisEPS_outputBus5vOn
                0x2001ce0c       0xbc C:/new_drivers/satellite-subsystems/demo/..//satellite-subsystems/lib\libSatelliteSubsystemsD.a(IsisEPS.o)
                0x2001ce0c                IsisEPS_outputBus5vOn
 .text.IsisEPS_outputBus5vOff
                0x2001cec8       0xbc C:/new_drivers/satellite-subsystems/demo/..//satellite-subsystems/lib\libSatelliteSubsystemsD.a(IsisEPS.o)
                0x2001cec8                IsisEPS_outputBus5vOff
 .text.IsisEPS_outputBusHvOn
                0x2001cf84       0xbc C:/new_drivers/satellite-subsystems/demo/..//satellite-subsystems/lib\libSatelliteSubsystemsD.a(IsisEPS.o)
                0x2001cf84                IsisEPS_outputBusHvOn
 .text.IsisEPS_outputBusHvOff
                0x2001d040       0xbc C:/new_drivers/satellite-subsystems/demo/..//satellite-subsystems/lib\libSatelliteSubsystemsD.a(IsisEPS.o)
                0x2001d040                IsisEPS_outputBusHvOff
 .text.IsisEPS_getSystemState
                0x2001d0fc      0x138 C:/new_drivers/satellite-subsystems/demo/..//satellite-subsystems/lib\libSatelliteSubsystemsD.a(IsisEPS.o)
                0x2001d0fc                IsisEPS_getSystemState
 .text.IsisEPS_getRawHKDataMB
                0x2001d234       0xf8 C:/new_drivers/satellite-subsystems/demo/..//satellite-subsystems/lib\libSatelliteSubsystemsD.a(IsisEPS.o)
                0x2001d234                IsisEPS_getRawHKDataMB
 .text.IsisEPS_getEngHKDataMB
                0x2001d32c       0xf8 C:/new_drivers/satellite-subsystems/demo/..//satellite-subsystems/lib\libSatelliteSubsystemsD.a(IsisEPS.o)
                0x2001d32c                IsisEPS_getEngHKDataMB
 .text.IsisEPS_getRAEngHKDataMB
                0x2001d424       0xf8 C:/new_drivers/satellite-subsystems/demo/..//satellite-subsystems/lib\libSatelliteSubsystemsD.a(IsisEPS.o)
                0x2001d424                IsisEPS_getRAEngHKDataMB
 .text.IsisEPS_getRawHKDataCDB
                0x2001d51c      0x154 C:/new_drivers/satellite-subsystems/demo/..//satellite-subsystems/lib\libSatelliteSubsystemsD.a(IsisEPS.o)
                0x2001d51c                IsisEPS_getRawHKDataCDB
 .text.IsisEPS_getEngHKDataCDB
                0x2001d670      0x154 C:/new_drivers/satellite-subsystems/demo/..//satellite-subsystems/lib\libSatelliteSubsystemsD.a(IsisEPS.o)
                0x2001d670                IsisEPS_getEngHKDataCDB
 .text.IsisEPS_getRAEngHKDataCDB
                0x2001d7c4      0x154 C:/new_drivers/satellite-subsystems/demo/..//satellite-subsystems/lib\libSatelliteSubsystemsD.a(IsisEPS.o)
                0x2001d7c4                IsisEPS_getRAEngHKDataCDB
 .text.IsisEPS_getLOState3V3
                0x2001d918      0x12c C:/new_drivers/satellite-subsystems/demo/..//satellite-subsystems/lib\libSatelliteSubsystemsD.a(IsisEPS.o)
                0x2001d918                IsisEPS_getLOState3V3
 .text.IsisEPS_getLOState5V
                0x2001da44      0x12c C:/new_drivers/satellite-subsystems/demo/..//satellite-subsystems/lib\libSatelliteSubsystemsD.a(IsisEPS.o)
                0x2001da44                IsisEPS_getLOState5V
 .text.IsisEPS_getLOStateBV
                0x2001db70      0x12c C:/new_drivers/satellite-subsystems/demo/..//satellite-subsystems/lib\libSatelliteSubsystemsD.a(IsisEPS.o)
                0x2001db70                IsisEPS_getLOStateBV
 .text.IsisEPS_getLOStateHV
                0x2001dc9c      0x12c C:/new_drivers/satellite-subsystems/demo/..//satellite-subsystems/lib\libSatelliteSubsystemsD.a(IsisEPS.o)
                0x2001dc9c                IsisEPS_getLOStateHV
 .text.IsisEPS_getParSize
                0x2001ddc8      0x124 C:/new_drivers/satellite-subsystems/demo/..//satellite-subsystems/lib\libSatelliteSubsystemsD.a(IsisEPS.o)
                0x2001ddc8                IsisEPS_getParSize
 .text.IsisEPS_getParameter
                0x2001deec      0x238 C:/new_drivers/satellite-subsystems/demo/..//satellite-subsystems/lib\libSatelliteSubsystemsD.a(IsisEPS.o)
                0x2001deec                IsisEPS_getParameter
 .text.IsisEPS_setParameter
                0x2001e124      0x264 C:/new_drivers/satellite-subsystems/demo/..//satellite-subsystems/lib\libSatelliteSubsystemsD.a(IsisEPS.o)
                0x2001e124                IsisEPS_setParameter
 .text.IsisEPS_resetParameter
                0x2001e388      0x238 C:/new_drivers/satellite-subsystems/demo/..//satellite-subsystems/lib\libSatelliteSubsystemsD.a(IsisEPS.o)
                0x2001e388                IsisEPS_resetParameter
 .text.IsisEPS_resetConfig
                0x2001e5c0       0xf4 C:/new_drivers/satellite-subsystems/demo/..//satellite-subsystems/lib\libSatelliteSubsystemsD.a(IsisEPS.o)
                0x2001e5c0                IsisEPS_resetConfig
 .text.IsisEPS_loadConfig
                0x2001e6b4       0xf4 C:/new_drivers/satellite-subsystems/demo/..//satellite-subsystems/lib\libSatelliteSubsystemsD.a(IsisEPS.o)
                0x2001e6b4                IsisEPS_loadConfig
 .text.IsisEPS_saveConfig
                0x2001e7a8      0x118 C:/new_drivers/satellite-subsystems/demo/..//satellite-subsystems/lib\libSatelliteSubsystemsD.a(IsisEPS.o)
                0x2001e7a8                IsisEPS_saveConfig
 .text.isisMTQv1_initialize
                0x2001e8c0      0x18c C:/new_drivers/satellite-subsystems/demo/..//satellite-subsystems/lib\libSatelliteSubsystemsD.a(IsisMTQv1.o)
                0x2001e8c0                isisMTQv1_initialize
 .text.make_isisMTQtransfer
                0x2001ea4c       0x3c C:/new_drivers/satellite-subsystems/demo/..//satellite-subsystems/lib\libSatelliteSubsystemsD.a(IsisMTQv1.o)
 .text.IsisMTQv1GetTemperature
                0x2001ea88       0xac C:/new_drivers/satellite-subsystems/demo/..//satellite-subsystems/lib\libSatelliteSubsystemsD.a(IsisMTQv1.o)
                0x2001ea88                IsisMTQv1GetTemperature
 .text.IsisMTQv2_initialize
                0x2001eb34      0x18c C:/new_drivers/satellite-subsystems/demo/..//satellite-subsystems/lib\libSatelliteSubsystemsD.a(IsisMTQv2.o)
                0x2001eb34                IsisMTQv2_initialize
 .text._make_isisMTQtransfer
                0x2001ecc0       0x3c C:/new_drivers/satellite-subsystems/demo/..//satellite-subsystems/lib\libSatelliteSubsystemsD.a(IsisMTQv2.o)
 .text.IsisMTQv2_softReset
                0x2001ecfc       0xc8 C:/new_drivers/satellite-subsystems/demo/..//satellite-subsystems/lib\libSatelliteSubsystemsD.a(IsisMTQv2.o)
                0x2001ecfc                IsisMTQv2_softReset
 .text.IsisMTQv2_noOperation
                0x2001edc4       0xac C:/new_drivers/satellite-subsystems/demo/..//satellite-subsystems/lib\libSatelliteSubsystemsD.a(IsisMTQv2.o)
                0x2001edc4                IsisMTQv2_noOperation
 .text.IsisMTQv2_cancelOperation
                0x2001ee70       0xac C:/new_drivers/satellite-subsystems/demo/..//satellite-subsystems/lib\libSatelliteSubsystemsD.a(IsisMTQv2.o)
                0x2001ee70                IsisMTQv2_cancelOperation
 .text.IsisMTQv2_startMTMMeasurement
                0x2001ef1c       0xac C:/new_drivers/satellite-subsystems/demo/..//satellite-subsystems/lib\libSatelliteSubsystemsD.a(IsisMTQv2.o)
                0x2001ef1c                IsisMTQv2_startMTMMeasurement
 .text.IsisMTQv2_startMTQActuationCurrent
                0x2001efc8       0xdc C:/new_drivers/satellite-subsystems/demo/..//satellite-subsystems/lib\libSatelliteSubsystemsD.a(IsisMTQv2.o)
                0x2001efc8                IsisMTQv2_startMTQActuationCurrent
 .text.IsisMTQv2_startMTQActuationDipole
                0x2001f0a4       0xdc C:/new_drivers/satellite-subsystems/demo/..//satellite-subsystems/lib\libSatelliteSubsystemsD.a(IsisMTQv2.o)
                0x2001f0a4                IsisMTQv2_startMTQActuationDipole
 .text.IsisMTQv2_startMTQActuationPWM
                0x2001f180       0xdc C:/new_drivers/satellite-subsystems/demo/..//satellite-subsystems/lib\libSatelliteSubsystemsD.a(IsisMTQv2.o)
                0x2001f180                IsisMTQv2_startMTQActuationPWM
 .text.IsisMTQv2_startSelfTest
                0x2001f25c       0xbc C:/new_drivers/satellite-subsystems/demo/..//satellite-subsystems/lib\libSatelliteSubsystemsD.a(IsisMTQv2.o)
                0x2001f25c                IsisMTQv2_startSelfTest
 .text.IsisMTQv2_startDetumble
                0x2001f318       0xd4 C:/new_drivers/satellite-subsystems/demo/..//satellite-subsystems/lib\libSatelliteSubsystemsD.a(IsisMTQv2.o)
                0x2001f318                IsisMTQv2_startDetumble
 .text.IsisMTQv2_getSystemState
                0x2001f3ec      0x118 C:/new_drivers/satellite-subsystems/demo/..//satellite-subsystems/lib\libSatelliteSubsystemsD.a(IsisMTQv2.o)
                0x2001f3ec                IsisMTQv2_getSystemState
 .text.IsisMTQv2_getRawMTMData
                0x2001f504      0x130 C:/new_drivers/satellite-subsystems/demo/..//satellite-subsystems/lib\libSatelliteSubsystemsD.a(IsisMTQv2.o)
                0x2001f504                IsisMTQv2_getRawMTMData
 .text.IsisMTQv2_getCalMTMData
                0x2001f634      0x130 C:/new_drivers/satellite-subsystems/demo/..//satellite-subsystems/lib\libSatelliteSubsystemsD.a(IsisMTQv2.o)
                0x2001f634                IsisMTQv2_getCalMTMData
 .text.IsisMTQv2_getCoilCurrent
                0x2001f764      0x100 C:/new_drivers/satellite-subsystems/demo/..//satellite-subsystems/lib\libSatelliteSubsystemsD.a(IsisMTQv2.o)
                0x2001f764                IsisMTQv2_getCoilCurrent
 .text.IsisMTQv2_getCoilTemperature
                0x2001f864      0x100 C:/new_drivers/satellite-subsystems/demo/..//satellite-subsystems/lib\libSatelliteSubsystemsD.a(IsisMTQv2.o)
                0x2001f864                IsisMTQv2_getCoilTemperature
 .text.IsisMTQv2_getCmdActuationDipole
                0x2001f964      0x100 C:/new_drivers/satellite-subsystems/demo/..//satellite-subsystems/lib\libSatelliteSubsystemsD.a(IsisMTQv2.o)
                0x2001f964                IsisMTQv2_getCmdActuationDipole
 .text.IsisMTQv2_getSelftestDataSingleAxis
                0x2001fa64      0x17c C:/new_drivers/satellite-subsystems/demo/..//satellite-subsystems/lib\libSatelliteSubsystemsD.a(IsisMTQv2.o)
                0x2001fa64                IsisMTQv2_getSelftestDataSingleAxis
 .text.IsisMTQv2_getSelftestDataAllAxis
                0x2001fbe0      0x2cc C:/new_drivers/satellite-subsystems/demo/..//satellite-subsystems/lib\libSatelliteSubsystemsD.a(IsisMTQv2.o)
                0x2001fbe0                IsisMTQv2_getSelftestDataAllAxis
 .text.IsisMTQv2_getDetumbleData
                0x2001feac      0x108 C:/new_drivers/satellite-subsystems/demo/..//satellite-subsystems/lib\libSatelliteSubsystemsD.a(IsisMTQv2.o)
                0x2001feac                IsisMTQv2_getDetumbleData
 .text.IsisMTQv2_getRawHKData
                0x2001ffb4      0x13c C:/new_drivers/satellite-subsystems/demo/..//satellite-subsystems/lib\libSatelliteSubsystemsD.a(IsisMTQv2.o)
                0x2001ffb4                IsisMTQv2_getRawHKData
 .text.IsisMTQv2_getEngHKData
                0x200200f0      0x13c C:/new_drivers/satellite-subsystems/demo/..//satellite-subsystems/lib\libSatelliteSubsystemsD.a(IsisMTQv2.o)
                0x200200f0                IsisMTQv2_getEngHKData
 .text.IsisMTQv2_getParSize
                0x2002022c      0x11c C:/new_drivers/satellite-subsystems/demo/..//satellite-subsystems/lib\libSatelliteSubsystemsD.a(IsisMTQv2.o)
                0x2002022c                IsisMTQv2_getParSize
 .text.IsisMTQv2_getParameter
                0x20020348      0x238 C:/new_drivers/satellite-subsystems/demo/..//satellite-subsystems/lib\libSatelliteSubsystemsD.a(IsisMTQv2.o)
                0x20020348                IsisMTQv2_getParameter
 .text.IsisMTQv2_setParameter
                0x20020580      0x264 C:/new_drivers/satellite-subsystems/demo/..//satellite-subsystems/lib\libSatelliteSubsystemsD.a(IsisMTQv2.o)
                0x20020580                IsisMTQv2_setParameter
 .text.IsisMTQv2_resetParameter
                0x200207e4      0x238 C:/new_drivers/satellite-subsystems/demo/..//satellite-subsystems/lib\libSatelliteSubsystemsD.a(IsisMTQv2.o)
                0x200207e4                IsisMTQv2_resetParameter
 .text.IsisSolarPanel_getTemperature
                0x20020a1c       0xbc C:/new_drivers/satellite-subsystems/demo/..//satellite-subsystems/lib\libSatelliteSubsystemsD.a(IsisSolarPanel.o)
                0x20020a1c                IsisSolarPanel_getTemperature
 .text.IsisSolarPanelv2_initialize
                0x20020ad8       0xb4 C:/new_drivers/satellite-subsystems/demo/..//satellite-subsystems/lib\libSatelliteSubsystemsD.a(IsisSolarPanelv2.o)
                0x20020ad8                IsisSolarPanelv2_initialize
 .text.IsisSolarPanelv2_getTemperature
                0x20020b8c       0xc8 C:/new_drivers/satellite-subsystems/demo/..//satellite-subsystems/lib\libSatelliteSubsystemsD.a(IsisSolarPanelv2.o)
                0x20020b8c                IsisSolarPanelv2_getTemperature
 .text.IsisSolarPanelv2_sleep
                0x20020c54       0xbc C:/new_drivers/satellite-subsystems/demo/..//satellite-subsystems/lib\libSatelliteSubsystemsD.a(IsisSolarPanelv2.o)
                0x20020c54                IsisSolarPanelv2_sleep
 .text.IsisSolarPanelv2_wakeup
                0x20020d10       0x80 C:/new_drivers/satellite-subsystems/demo/..//satellite-subsystems/lib\libSatelliteSubsystemsD.a(IsisSolarPanelv2.o)
                0x20020d10                IsisSolarPanelv2_wakeup
 .text._Reset   0x20020d90       0x20 C:/new_drivers/satellite-subsystems/demo/..//satellite-subsystems/lib\libSatelliteSubsystemsD.a(IsisSolarPanelv2.o)
 .text._WaitForStartup
                0x20020db0       0x90 C:/new_drivers/satellite-subsystems/demo/..//satellite-subsystems/lib\libSatelliteSubsystemsD.a(IsisSolarPanelv2.o)
 .text._AssignAllChannels
                0x20020e40       0x90 C:/new_drivers/satellite-subsystems/demo/..//satellite-subsystems/lib\libSatelliteSubsystemsD.a(IsisSolarPanelv2.o)
 .text._AssignThisChannel
                0x20020ed0       0xe8 C:/new_drivers/satellite-subsystems/demo/..//satellite-subsystems/lib\libSatelliteSubsystemsD.a(IsisSolarPanelv2.o)
 .text._InitiateConversion
                0x20020fb8       0xac C:/new_drivers/satellite-subsystems/demo/..//satellite-subsystems/lib\libSatelliteSubsystemsD.a(IsisSolarPanelv2.o)
 .text._WaitForConversionComplete
                0x20021064      0x100 C:/new_drivers/satellite-subsystems/demo/..//satellite-subsystems/lib\libSatelliteSubsystemsD.a(IsisSolarPanelv2.o)
 .text._ReadResult
                0x20021164      0x158 C:/new_drivers/satellite-subsystems/demo/..//satellite-subsystems/lib\libSatelliteSubsystemsD.a(IsisSolarPanelv2.o)
 .text._ExtractByte
                0x200212bc       0x38 C:/new_drivers/satellite-subsystems/demo/..//satellite-subsystems/lib\libSatelliteSubsystemsD.a(IsisSolarPanelv2.o)
 .text._ExtendSign
                0x200212f4       0x6c C:/new_drivers/satellite-subsystems/demo/..//satellite-subsystems/lib\libSatelliteSubsystemsD.a(IsisSolarPanelv2.o)
 .text._PinsInit
                0x20021360       0x50 C:/new_drivers/satellite-subsystems/demo/..//satellite-subsystems/lib\libSatelliteSubsystemsD.a(IsisSolarPanelv2.o)
 .text._SpiWriteRead
                0x200213b0       0x70 C:/new_drivers/satellite-subsystems/demo/..//satellite-subsystems/lib\libSatelliteSubsystemsD.a(IsisSolarPanelv2.o)
 .text.IsisTrxuv_initialize
                0x20021420      0x32c C:/new_drivers/satellite-subsystems/demo/..//satellite-subsystems/lib\libSatelliteSubsystemsD.a(IsisTRXUV.o)
                0x20021420                IsisTrxuv_initialize
 .text.makeTRXUVtransfer
                0x2002174c       0x44 C:/new_drivers/satellite-subsystems/demo/..//satellite-subsystems/lib\libSatelliteSubsystemsD.a(IsisTRXUV.o)
 .text.IsisTrxuv_componentReset
                0x20021790       0x6c C:/new_drivers/satellite-subsystems/demo/..//satellite-subsystems/lib\libSatelliteSubsystemsD.a(IsisTRXUV.o)
                0x20021790                IsisTrxuv_componentReset
 .text.IsisTrxuv_reset
                0x200217fc       0x74 C:/new_drivers/satellite-subsystems/demo/..//satellite-subsystems/lib\libSatelliteSubsystemsD.a(IsisTRXUV.o)
                0x200217fc                IsisTrxuv_reset
 .text.IsisTrxuv_itcSendAX25DefClSign
                0x20021870       0xec C:/new_drivers/satellite-subsystems/demo/..//satellite-subsystems/lib\libSatelliteSubsystemsD.a(IsisTRXUV.o)
                0x20021870                IsisTrxuv_itcSendAX25DefClSign
 .text.IsisTrxuv_itcSendCwMessage
                0x2002195c      0x190 C:/new_drivers/satellite-subsystems/demo/..//satellite-subsystems/lib\libSatelliteSubsystemsD.a(IsisTRXUV.o)
                0x2002195c                IsisTrxuv_itcSendCwMessage
 .text.IsisTrxuv_itcSetIdlestate
                0x20021aec       0xa4 C:/new_drivers/satellite-subsystems/demo/..//satellite-subsystems/lib\libSatelliteSubsystemsD.a(IsisTRXUV.o)
                0x20021aec                IsisTrxuv_itcSetIdlestate
 .text.IsisTrxuv_itcSetAx25Bitrate
                0x20021b90       0xa4 C:/new_drivers/satellite-subsystems/demo/..//satellite-subsystems/lib\libSatelliteSubsystemsD.a(IsisTRXUV.o)
                0x20021b90                IsisTrxuv_itcSetAx25Bitrate
 .text.IsisTrxuv_imcGetFrameCount
                0x20021c34       0xa0 C:/new_drivers/satellite-subsystems/demo/..//satellite-subsystems/lib\libSatelliteSubsystemsD.a(IsisTRXUV.o)
                0x20021c34                IsisTrxuv_imcGetFrameCount
 .text.IsisTrxuv_imcGetCommandFrame
                0x20021cd4      0x294 C:/new_drivers/satellite-subsystems/demo/..//satellite-subsystems/lib\libSatelliteSubsystemsD.a(IsisTRXUV.o)
                0x20021cd4                IsisTrxuv_imcGetCommandFrame
 .text.IsisTrxuv_imcGetTelemetryAll
                0x20021f68       0xf8 C:/new_drivers/satellite-subsystems/demo/..//satellite-subsystems/lib\libSatelliteSubsystemsD.a(IsisTRXUV.o)
                0x20021f68                IsisTrxuv_imcGetTelemetryAll
 .text.IsisTrxvu_initialize
                0x20022060      0x2f4 C:/new_drivers/satellite-subsystems/demo/..//satellite-subsystems/lib\libSatelliteSubsystemsD.a(IsisTRXVU.o)
                0x20022060                IsisTrxvu_initialize
 .text.makeTRXVUtransfer
                0x20022354       0x44 C:/new_drivers/satellite-subsystems/demo/..//satellite-subsystems/lib\libSatelliteSubsystemsD.a(IsisTRXVU.o)
 .text.IsisTrxvu_componentSoftReset
                0x20022398       0x6c C:/new_drivers/satellite-subsystems/demo/..//satellite-subsystems/lib\libSatelliteSubsystemsD.a(IsisTRXVU.o)
                0x20022398                IsisTrxvu_componentSoftReset
 .text.IsisTrxvu_componentHardReset
                0x20022404       0xc8 C:/new_drivers/satellite-subsystems/demo/..//satellite-subsystems/lib\libSatelliteSubsystemsD.a(IsisTRXVU.o)
                0x20022404                IsisTrxvu_componentHardReset
 .text.IsisTrxvu_tcSendAX25DefClSign
                0x200224cc       0xec C:/new_drivers/satellite-subsystems/demo/..//satellite-subsystems/lib\libSatelliteSubsystemsD.a(IsisTRXVU.o)
                0x200224cc                IsisTrxvu_tcSendAX25DefClSign
 .text.IsisTrxvu_tcSetIdlestate
                0x200225b8       0xa4 C:/new_drivers/satellite-subsystems/demo/..//satellite-subsystems/lib\libSatelliteSubsystemsD.a(IsisTRXVU.o)
                0x200225b8                IsisTrxvu_tcSetIdlestate
 .text.IsisTrxvu_tcSetAx25Bitrate
                0x2002265c       0xc4 C:/new_drivers/satellite-subsystems/demo/..//satellite-subsystems/lib\libSatelliteSubsystemsD.a(IsisTRXVU.o)
                0x2002265c                IsisTrxvu_tcSetAx25Bitrate
 .text.IsisTrxvu_tcGetTelemetryAll
                0x20022720       0xd0 C:/new_drivers/satellite-subsystems/demo/..//satellite-subsystems/lib\libSatelliteSubsystemsD.a(IsisTRXVU.o)
                0x20022720                IsisTrxvu_tcGetTelemetryAll
 .text.IsisTrxvu_tcGetTelemetryAll_revC
                0x200227f0       0xd0 C:/new_drivers/satellite-subsystems/demo/..//satellite-subsystems/lib\libSatelliteSubsystemsD.a(IsisTRXVU.o)
                0x200227f0                IsisTrxvu_tcGetTelemetryAll_revC
 .text.IsisTrxvu_rcGetFrameCount
                0x200228c0       0xa0 C:/new_drivers/satellite-subsystems/demo/..//satellite-subsystems/lib\libSatelliteSubsystemsD.a(IsisTRXVU.o)
                0x200228c0                IsisTrxvu_rcGetFrameCount
 .text.IsisTrxvu_rcGetCommandFrame
                0x20022960      0x2d8 C:/new_drivers/satellite-subsystems/demo/..//satellite-subsystems/lib\libSatelliteSubsystemsD.a(IsisTRXVU.o)
                0x20022960                IsisTrxvu_rcGetCommandFrame
 .text.IsisTrxvu_rcGetTelemetryAll
                0x20022c38       0xd0 C:/new_drivers/satellite-subsystems/demo/..//satellite-subsystems/lib\libSatelliteSubsystemsD.a(IsisTRXVU.o)
                0x20022c38                IsisTrxvu_rcGetTelemetryAll
 .text.IsisTrxvu_rcGetTelemetryAll_revC
                0x20022d08       0xec C:/new_drivers/satellite-subsystems/demo/..//satellite-subsystems/lib\libSatelliteSubsystemsD.a(IsisTRXVU.o)
                0x20022d08                IsisTrxvu_rcGetTelemetryAll_revC
 .text.IsisTxsInitialize
                0x20022df4      0x15c C:/new_drivers/satellite-subsystems/demo/..//satellite-subsystems/lib\libSatelliteSubsystemsD.a(IsisTxS.o)
                0x20022df4                IsisTxsInitialize
 .text.makeTxStransfer
                0x20022f50       0x3c C:/new_drivers/satellite-subsystems/demo/..//satellite-subsystems/lib\libSatelliteSubsystemsD.a(IsisTxS.o)
 .text.IsisTxsSetModulatorAttenuator
                0x20022f8c       0xd8 C:/new_drivers/satellite-subsystems/demo/..//satellite-subsystems/lib\libSatelliteSubsystemsD.a(IsisTxS.o)
                0x20022f8c                IsisTxsSetModulatorAttenuator
 .text.IsisTxsSetAx25Bitrate
                0x20023064       0xe4 C:/new_drivers/satellite-subsystems/demo/..//satellite-subsystems/lib\libSatelliteSubsystemsD.a(IsisTxS.o)
                0x20023064                IsisTxsSetAx25Bitrate
 .text.IsisTxsSetState
                0x20023148       0xd8 C:/new_drivers/satellite-subsystems/demo/..//satellite-subsystems/lib\libSatelliteSubsystemsD.a(IsisTxS.o)
                0x20023148                IsisTxsSetState
 .text.IsisTxsReset
                0x20023220       0xb4 C:/new_drivers/satellite-subsystems/demo/..//satellite-subsystems/lib\libSatelliteSubsystemsD.a(IsisTxS.o)
                0x20023220                IsisTxsReset
 .text.IsisTxsSendAX25DefClSign
                0x200232d4      0x1a4 C:/new_drivers/satellite-subsystems/demo/..//satellite-subsystems/lib\libSatelliteSubsystemsD.a(IsisTxS.o)
                0x200232d4                IsisTxsSendAX25DefClSign
 .text.IsisTxsGetHousekeepingData
                0x20023478       0xcc C:/new_drivers/satellite-subsystems/demo/..//satellite-subsystems/lib\libSatelliteSubsystemsD.a(IsisTxS.o)
                0x20023478                IsisTxsGetHousekeepingData
 .text.cspaceADCS_initialize
                0x20023544      0x18c C:/new_drivers/satellite-subsystems/demo/..//satellite-subsystems/lib\libSatelliteSubsystemsD.a(cspaceADCS.o)
                0x20023544                cspaceADCS_initialize
 .text.make_cspaceADCStransfer
                0x200236d0      0x1b4 C:/new_drivers/satellite-subsystems/demo/..//satellite-subsystems/lib\libSatelliteSubsystemsD.a(cspaceADCS.o)
 .text.cspaceADCS_componentReset
                0x20023884       0xbc C:/new_drivers/satellite-subsystems/demo/..//satellite-subsystems/lib\libSatelliteSubsystemsD.a(cspaceADCS.o)
                0x20023884                cspaceADCS_componentReset
 .text.cspaceADCS_setCurrentTime
                0x20023940       0xd0 C:/new_drivers/satellite-subsystems/demo/..//satellite-subsystems/lib\libSatelliteSubsystemsD.a(cspaceADCS.o)
                0x20023940                cspaceADCS_setCurrentTime
 .text.cspaceADCS_setRunMode
                0x20023a10       0xbc C:/new_drivers/satellite-subsystems/demo/..//satellite-subsystems/lib\libSatelliteSubsystemsD.a(cspaceADCS.o)
                0x20023a10                cspaceADCS_setRunMode
 .text.cspaceADCS_setPwrCtrlDevice
                0x20023acc       0xd0 C:/new_drivers/satellite-subsystems/demo/..//satellite-subsystems/lib\libSatelliteSubsystemsD.a(cspaceADCS.o)
                0x20023acc                cspaceADCS_setPwrCtrlDevice
 .text.cspaceADCS_setMagOutput
                0x20023b9c       0xd0 C:/new_drivers/satellite-subsystems/demo/..//satellite-subsystems/lib\libSatelliteSubsystemsD.a(cspaceADCS.o)
                0x20023b9c                cspaceADCS_setMagOutput
 .text.cspaceADCS_setWheelSpeed
                0x20023c6c       0xd0 C:/new_drivers/satellite-subsystems/demo/..//satellite-subsystems/lib\libSatelliteSubsystemsD.a(cspaceADCS.o)
                0x20023c6c                cspaceADCS_setWheelSpeed
 .text.cspaceADCS_getGeneralInfo
                0x20023d3c       0xc4 C:/new_drivers/satellite-subsystems/demo/..//satellite-subsystems/lib\libSatelliteSubsystemsD.a(cspaceADCS.o)
                0x20023d3c                cspaceADCS_getGeneralInfo
 .text.cspaceADCS_getCurrentTime
                0x20023e00       0xc4 C:/new_drivers/satellite-subsystems/demo/..//satellite-subsystems/lib\libSatelliteSubsystemsD.a(cspaceADCS.o)
                0x20023e00                cspaceADCS_getCurrentTime
 .text.cspaceADCS_getCommStatus
                0x20023ec4       0xc4 C:/new_drivers/satellite-subsystems/demo/..//satellite-subsystems/lib\libSatelliteSubsystemsD.a(cspaceADCS.o)
                0x20023ec4                cspaceADCS_getCommStatus
 .text.cspaceADCS_getCurrentState
                0x20023f88       0xc4 C:/new_drivers/satellite-subsystems/demo/..//satellite-subsystems/lib\libSatelliteSubsystemsD.a(cspaceADCS.o)
                0x20023f88                cspaceADCS_getCurrentState
 .text.cspaceADCS_getMagneticFieldVec
                0x2002404c       0xc4 C:/new_drivers/satellite-subsystems/demo/..//satellite-subsystems/lib\libSatelliteSubsystemsD.a(cspaceADCS.o)
                0x2002404c                cspaceADCS_getMagneticFieldVec
 .text.cspaceADCS_getCoarseSunVec
                0x20024110       0xc4 C:/new_drivers/satellite-subsystems/demo/..//satellite-subsystems/lib\libSatelliteSubsystemsD.a(cspaceADCS.o)
                0x20024110                cspaceADCS_getCoarseSunVec
 .text.cspaceADCS_getFineSunVec
                0x200241d4       0xc4 C:/new_drivers/satellite-subsystems/demo/..//satellite-subsystems/lib\libSatelliteSubsystemsD.a(cspaceADCS.o)
                0x200241d4                cspaceADCS_getFineSunVec
 .text.cspaceADCS_getNadirVector
                0x20024298       0xc4 C:/new_drivers/satellite-subsystems/demo/..//satellite-subsystems/lib\libSatelliteSubsystemsD.a(cspaceADCS.o)
                0x20024298                cspaceADCS_getNadirVector
 .text.cspaceADCS_getSensorRates
                0x2002435c       0xc4 C:/new_drivers/satellite-subsystems/demo/..//satellite-subsystems/lib\libSatelliteSubsystemsD.a(cspaceADCS.o)
                0x2002435c                cspaceADCS_getSensorRates
 .text.cspaceADCS_getWheelSpeed
                0x20024420       0xc4 C:/new_drivers/satellite-subsystems/demo/..//satellite-subsystems/lib\libSatelliteSubsystemsD.a(cspaceADCS.o)
                0x20024420                cspaceADCS_getWheelSpeed
 .text.cspaceADCS_getMagnetorquerCmd
                0x200244e4       0xc4 C:/new_drivers/satellite-subsystems/demo/..//satellite-subsystems/lib\libSatelliteSubsystemsD.a(cspaceADCS.o)
                0x200244e4                cspaceADCS_getMagnetorquerCmd
 .text.cspaceADCS_getWheelSpeedCmd
                0x200245a8       0xc4 C:/new_drivers/satellite-subsystems/demo/..//satellite-subsystems/lib\libSatelliteSubsystemsD.a(cspaceADCS.o)
                0x200245a8                cspaceADCS_getWheelSpeedCmd
 .text.cspaceADCS_getRawCam2Sensor
                0x2002466c       0xc4 C:/new_drivers/satellite-subsystems/demo/..//satellite-subsystems/lib\libSatelliteSubsystemsD.a(cspaceADCS.o)
                0x2002466c                cspaceADCS_getRawCam2Sensor
 .text.cspaceADCS_getRawCam1Sensor
                0x20024730       0xc4 C:/new_drivers/satellite-subsystems/demo/..//satellite-subsystems/lib\libSatelliteSubsystemsD.a(cspaceADCS.o)
                0x20024730                cspaceADCS_getRawCam1Sensor
 .text.cspaceADCS_getRawCss1_6Measurements
                0x200247f4       0xc4 C:/new_drivers/satellite-subsystems/demo/..//satellite-subsystems/lib\libSatelliteSubsystemsD.a(cspaceADCS.o)
                0x200247f4                cspaceADCS_getRawCss1_6Measurements
 .text.cspaceADCS_getRawCss7_10Measurements
                0x200248b8       0xc4 C:/new_drivers/satellite-subsystems/demo/..//satellite-subsystems/lib\libSatelliteSubsystemsD.a(cspaceADCS.o)
                0x200248b8                cspaceADCS_getRawCss7_10Measurements
 .text.cspaceADCS_getRawMagnetometerMeas
                0x2002497c       0xc4 C:/new_drivers/satellite-subsystems/demo/..//satellite-subsystems/lib\libSatelliteSubsystemsD.a(cspaceADCS.o)
                0x2002497c                cspaceADCS_getRawMagnetometerMeas
 .text.cspaceADCS_getCSenseCurrentMeasurements
                0x20024a40       0xc4 C:/new_drivers/satellite-subsystems/demo/..//satellite-subsystems/lib\libSatelliteSubsystemsD.a(cspaceADCS.o)
                0x20024a40                cspaceADCS_getCSenseCurrentMeasurements
 .text.cspaceADCS_getCControlCurrentMeasurements
                0x20024b04       0xc4 C:/new_drivers/satellite-subsystems/demo/..//satellite-subsystems/lib\libSatelliteSubsystemsD.a(cspaceADCS.o)
                0x20024b04                cspaceADCS_getCControlCurrentMeasurements
 .text.cspaceADCS_getWheelCurrentsTlm
                0x20024bc8       0xc4 C:/new_drivers/satellite-subsystems/demo/..//satellite-subsystems/lib\libSatelliteSubsystemsD.a(cspaceADCS.o)
                0x20024bc8                cspaceADCS_getWheelCurrentsTlm
 .text.cspaceADCS_getADCSTemperatureTlm
                0x20024c8c       0xc4 C:/new_drivers/satellite-subsystems/demo/..//satellite-subsystems/lib\libSatelliteSubsystemsD.a(cspaceADCS.o)
                0x20024c8c                cspaceADCS_getADCSTemperatureTlm
 .text.cspaceADCS_getRateSensorTempTlm
                0x20024d50       0xc4 C:/new_drivers/satellite-subsystems/demo/..//satellite-subsystems/lib\libSatelliteSubsystemsD.a(cspaceADCS.o)
                0x20024d50                cspaceADCS_getRateSensorTempTlm
 .text.cspaceADCS_getRawGpsStatus
                0x20024e14       0xc4 C:/new_drivers/satellite-subsystems/demo/..//satellite-subsystems/lib\libSatelliteSubsystemsD.a(cspaceADCS.o)
                0x20024e14                cspaceADCS_getRawGpsStatus
 .text.cspaceADCS_getRawGpsTime
                0x20024ed8       0xc4 C:/new_drivers/satellite-subsystems/demo/..//satellite-subsystems/lib\libSatelliteSubsystemsD.a(cspaceADCS.o)
                0x20024ed8                cspaceADCS_getRawGpsTime
 .text.cspaceADCS_getRawGpsX
                0x20024f9c       0xc4 C:/new_drivers/satellite-subsystems/demo/..//satellite-subsystems/lib\libSatelliteSubsystemsD.a(cspaceADCS.o)
                0x20024f9c                cspaceADCS_getRawGpsX
 .text.cspaceADCS_getRawGpsY
                0x20025060       0xc4 C:/new_drivers/satellite-subsystems/demo/..//satellite-subsystems/lib\libSatelliteSubsystemsD.a(cspaceADCS.o)
                0x20025060                cspaceADCS_getRawGpsY
 .text.cspaceADCS_getRawGpsZ
                0x20025124       0xc4 C:/new_drivers/satellite-subsystems/demo/..//satellite-subsystems/lib\libSatelliteSubsystemsD.a(cspaceADCS.o)
                0x20025124                cspaceADCS_getRawGpsZ
 .text.cspaceADCS_getStateTlm
                0x200251e8       0xc4 C:/new_drivers/satellite-subsystems/demo/..//satellite-subsystems/lib\libSatelliteSubsystemsD.a(cspaceADCS.o)
                0x200251e8                cspaceADCS_getStateTlm
 .text.cspaceADCS_getActuatorsCmds
                0x200252ac       0xc4 C:/new_drivers/satellite-subsystems/demo/..//satellite-subsystems/lib\libSatelliteSubsystemsD.a(cspaceADCS.o)
                0x200252ac                cspaceADCS_getActuatorsCmds
 .text.cspaceADCS_getPowTempMeasTLM
                0x20025370       0xc4 C:/new_drivers/satellite-subsystems/demo/..//satellite-subsystems/lib\libSatelliteSubsystemsD.a(cspaceADCS.o)
                0x20025370                cspaceADCS_getPowTempMeasTLM
 .text.cspaceADCS_getPwrCtrlDevice
                0x20025434       0xc4 C:/new_drivers/satellite-subsystems/demo/..//satellite-subsystems/lib\libSatelliteSubsystemsD.a(cspaceADCS.o)
                0x20025434                cspaceADCS_getPwrCtrlDevice
 .text.cspaceADCS_getADCSRawGPSMeas
                0x200254f8       0xc4 C:/new_drivers/satellite-subsystems/demo/..//satellite-subsystems/lib\libSatelliteSubsystemsD.a(cspaceADCS.o)
                0x200254f8                cspaceADCS_getADCSRawGPSMeas
 .text.GECKO_Init
                0x200255bc       0x40 C:/new_drivers/satellite-subsystems/demo/..//satellite-subsystems/lib\libSatelliteSubsystemsD.a(gecko_driver.o)
                0x200255bc                GECKO_Init
 .text.GECKO_SetReg
                0x200255fc      0x138 C:/new_drivers/satellite-subsystems/demo/..//satellite-subsystems/lib\libSatelliteSubsystemsD.a(gecko_driver.o)
                0x200255fc                GECKO_SetReg
 .text.GECKO_GetReg
                0x20025734      0x110 C:/new_drivers/satellite-subsystems/demo/..//satellite-subsystems/lib\libSatelliteSubsystemsD.a(gecko_driver.o)
                0x20025734                GECKO_GetReg
 .text.GECKO_GetImgData
                0x20025844       0x5c C:/new_drivers/satellite-subsystems/demo/..//satellite-subsystems/lib\libSatelliteSubsystemsD.a(gecko_driver.o)
                0x20025844                GECKO_GetImgData
 .text.GECKO_GetVersionSwBuild
                0x200258a0       0x60 C:/new_drivers/satellite-subsystems/demo/..//satellite-subsystems/lib\libSatelliteSubsystemsD.a(gecko_driver.o)
                0x200258a0                GECKO_GetVersionSwBuild
 .text.GECKO_GetVersionSwMinor
                0x20025900       0x64 C:/new_drivers/satellite-subsystems/demo/..//satellite-subsystems/lib\libSatelliteSubsystemsD.a(gecko_driver.o)
                0x20025900                GECKO_GetVersionSwMinor
 .text.GECKO_GetVersionSwMajor
                0x20025964       0x64 C:/new_drivers/satellite-subsystems/demo/..//satellite-subsystems/lib\libSatelliteSubsystemsD.a(gecko_driver.o)
                0x20025964                GECKO_GetVersionSwMajor
 .text.GECKO_GetVersionHW
                0x200259c8       0x64 C:/new_drivers/satellite-subsystems/demo/..//satellite-subsystems/lib\libSatelliteSubsystemsD.a(gecko_driver.o)
                0x200259c8                GECKO_GetVersionHW
 .text.GECKO_StartReadout
                0x20025a2c       0xb8 C:/new_drivers/satellite-subsystems/demo/..//satellite-subsystems/lib\libSatelliteSubsystemsD.a(gecko_driver.o)
                0x20025a2c                GECKO_StartReadout
 .text.GECKO_StartSample
                0x20025ae4       0xb8 C:/new_drivers/satellite-subsystems/demo/..//satellite-subsystems/lib\libSatelliteSubsystemsD.a(gecko_driver.o)
                0x20025ae4                GECKO_StartSample
 .text.GECKO_StartErase
                0x20025b9c       0xb8 C:/new_drivers/satellite-subsystems/demo/..//satellite-subsystems/lib\libSatelliteSubsystemsD.a(gecko_driver.o)
                0x20025b9c                GECKO_StartErase
 .text.GECKO_DisableTestPattern
                0x20025c54       0xb4 C:/new_drivers/satellite-subsystems/demo/..//satellite-subsystems/lib\libSatelliteSubsystemsD.a(gecko_driver.o)
                0x20025c54                GECKO_DisableTestPattern
 .text.GECKO_GetFlashInitDone
                0x20025d08       0x64 C:/new_drivers/satellite-subsystems/demo/..//satellite-subsystems/lib\libSatelliteSubsystemsD.a(gecko_driver.o)
                0x20025d08                GECKO_GetFlashInitDone
 .text.GECKO_GetReadReady
                0x20025d6c       0x64 C:/new_drivers/satellite-subsystems/demo/..//satellite-subsystems/lib\libSatelliteSubsystemsD.a(gecko_driver.o)
                0x20025d6c                GECKO_GetReadReady
 .text.GECKO_GetReadDone
                0x20025dd0       0x64 C:/new_drivers/satellite-subsystems/demo/..//satellite-subsystems/lib\libSatelliteSubsystemsD.a(gecko_driver.o)
                0x20025dd0                GECKO_GetReadDone
 .text.GECKO_GetSampleDone
                0x20025e34       0x64 C:/new_drivers/satellite-subsystems/demo/..//satellite-subsystems/lib\libSatelliteSubsystemsD.a(gecko_driver.o)
                0x20025e34                GECKO_GetSampleDone
 .text.GECKO_GetEraseDone
                0x20025e98       0x64 C:/new_drivers/satellite-subsystems/demo/..//satellite-subsystems/lib\libSatelliteSubsystemsD.a(gecko_driver.o)
                0x20025e98                GECKO_GetEraseDone
 .text.GECKO_ClearReadDone
                0x20025efc       0xb4 C:/new_drivers/satellite-subsystems/demo/..//satellite-subsystems/lib\libSatelliteSubsystemsD.a(gecko_driver.o)
                0x20025efc                GECKO_ClearReadDone
 .text.GECKO_ClearSampleDone
                0x20025fb0       0xb4 C:/new_drivers/satellite-subsystems/demo/..//satellite-subsystems/lib\libSatelliteSubsystemsD.a(gecko_driver.o)
                0x20025fb0                GECKO_ClearSampleDone
 .text.GECKO_ClearEraseDone
                0x20026064       0xb4 C:/new_drivers/satellite-subsystems/demo/..//satellite-subsystems/lib\libSatelliteSubsystemsD.a(gecko_driver.o)
                0x20026064                GECKO_ClearEraseDone
 .text.GECKO_GetFlashCount
                0x20026118       0x74 C:/new_drivers/satellite-subsystems/demo/..//satellite-subsystems/lib\libSatelliteSubsystemsD.a(gecko_driver.o)
                0x20026118                GECKO_GetFlashCount
 .text.GECKO_SetImageID
                0x2002618c       0xcc C:/new_drivers/satellite-subsystems/demo/..//satellite-subsystems/lib\libSatelliteSubsystemsD.a(gecko_driver.o)
                0x2002618c                GECKO_SetImageID
 .text.GECKO_SetFrameAmount
                0x20026258       0xbc C:/new_drivers/satellite-subsystems/demo/..//satellite-subsystems/lib\libSatelliteSubsystemsD.a(gecko_driver.o)
                0x20026258                GECKO_SetFrameAmount
 .text.GECKO_GetUpTime
                0x20026314       0x5c C:/new_drivers/satellite-subsystems/demo/..//satellite-subsystems/lib\libSatelliteSubsystemsD.a(gecko_driver.o)
                0x20026314                GECKO_GetUpTime
 .text.GECKO_GetPageCount
                0x20026370       0x5c C:/new_drivers/satellite-subsystems/demo/..//satellite-subsystems/lib\libSatelliteSubsystemsD.a(gecko_driver.o)
                0x20026370                GECKO_GetPageCount
 .text.GECKO_SensorOn
                0x200263cc       0xb8 C:/new_drivers/satellite-subsystems/demo/..//satellite-subsystems/lib\libSatelliteSubsystemsD.a(gecko_driver.o)
                0x200263cc                GECKO_SensorOn
 .text.GECKO_SensorOff
                0x20026484       0xb4 C:/new_drivers/satellite-subsystems/demo/..//satellite-subsystems/lib\libSatelliteSubsystemsD.a(gecko_driver.o)
                0x20026484                GECKO_SensorOff
 .text.GECKO_SetFrameRate
                0x20026538       0xc4 C:/new_drivers/satellite-subsystems/demo/..//satellite-subsystems/lib\libSatelliteSubsystemsD.a(gecko_driver.o)
                0x20026538                GECKO_SetFrameRate
 .text.GECKO_GetOnDone
                0x200265fc       0x64 C:/new_drivers/satellite-subsystems/demo/..//satellite-subsystems/lib\libSatelliteSubsystemsD.a(gecko_driver.o)
                0x200265fc                GECKO_GetOnDone
 .text.GECKO_GetTrainingDone
                0x20026660       0x64 C:/new_drivers/satellite-subsystems/demo/..//satellite-subsystems/lib\libSatelliteSubsystemsD.a(gecko_driver.o)
                0x20026660                GECKO_GetTrainingDone
 .text.GECKO_GetTrainingError
                0x200266c4       0x64 C:/new_drivers/satellite-subsystems/demo/..//satellite-subsystems/lib\libSatelliteSubsystemsD.a(gecko_driver.o)
                0x200266c4                GECKO_GetTrainingError
 .text.GECKO_SetAdcGain
                0x20026728       0xc4 C:/new_drivers/satellite-subsystems/demo/..//satellite-subsystems/lib\libSatelliteSubsystemsD.a(gecko_driver.o)
                0x20026728                GECKO_SetAdcGain
 .text.GECKO_SetPgaGain
                0x200267ec       0xcc C:/new_drivers/satellite-subsystems/demo/..//satellite-subsystems/lib\libSatelliteSubsystemsD.a(gecko_driver.o)
                0x200267ec                GECKO_SetPgaGain
 .text.GECKO_SetExposure
                0x200268b8       0xc4 C:/new_drivers/satellite-subsystems/demo/..//satellite-subsystems/lib\libSatelliteSubsystemsD.a(gecko_driver.o)
                0x200268b8                GECKO_SetExposure
 .text.GECKO_GetVoltageInput5V
                0x2002697c       0xf4 C:/new_drivers/satellite-subsystems/demo/..//satellite-subsystems/lib\libSatelliteSubsystemsD.a(gecko_driver.o)
                0x2002697c                GECKO_GetVoltageInput5V
 .text.GECKO_GetCurrentInput5V
                0x20026a70      0x130 C:/new_drivers/satellite-subsystems/demo/..//satellite-subsystems/lib\libSatelliteSubsystemsD.a(gecko_driver.o)
                0x20026a70                GECKO_GetCurrentInput5V
 .text.GECKO_GetVoltageFPGA1V
                0x20026ba0       0xd4 C:/new_drivers/satellite-subsystems/demo/..//satellite-subsystems/lib\libSatelliteSubsystemsD.a(gecko_driver.o)
                0x20026ba0                GECKO_GetVoltageFPGA1V
 .text.GECKO_GetCurrentFPGA1V
                0x20026c74      0x130 C:/new_drivers/satellite-subsystems/demo/..//satellite-subsystems/lib\libSatelliteSubsystemsD.a(gecko_driver.o)
                0x20026c74                GECKO_GetCurrentFPGA1V
 .text.GECKO_GetVoltageFPGA1V8
                0x20026da4       0xd4 C:/new_drivers/satellite-subsystems/demo/..//satellite-subsystems/lib\libSatelliteSubsystemsD.a(gecko_driver.o)
                0x20026da4                GECKO_GetVoltageFPGA1V8
 .text.GECKO_GetCurrentFPGA1V8
                0x20026e78      0x130 C:/new_drivers/satellite-subsystems/demo/..//satellite-subsystems/lib\libSatelliteSubsystemsD.a(gecko_driver.o)
                0x20026e78                GECKO_GetCurrentFPGA1V8
 .text.GECKO_GetVoltageFPGA2V5
                0x20026fa8       0xe8 C:/new_drivers/satellite-subsystems/demo/..//satellite-subsystems/lib\libSatelliteSubsystemsD.a(gecko_driver.o)
                0x20026fa8                GECKO_GetVoltageFPGA2V5
 .text.GECKO_GetCurrentFPGA2V5
                0x20027090      0x130 C:/new_drivers/satellite-subsystems/demo/..//satellite-subsystems/lib\libSatelliteSubsystemsD.a(gecko_driver.o)
                0x20027090                GECKO_GetCurrentFPGA2V5
 .text.GECKO_GetVoltageFPGA3V3
                0x200271c0       0xe8 C:/new_drivers/satellite-subsystems/demo/..//satellite-subsystems/lib\libSatelliteSubsystemsD.a(gecko_driver.o)
                0x200271c0                GECKO_GetVoltageFPGA3V3
 .text.GECKO_GetCurrentFPGA3V3
                0x200272a8      0x130 C:/new_drivers/satellite-subsystems/demo/..//satellite-subsystems/lib\libSatelliteSubsystemsD.a(gecko_driver.o)
                0x200272a8                GECKO_GetCurrentFPGA3V3
 .text.GECKO_GetVoltageFlash1V8
                0x200273d8       0xd4 C:/new_drivers/satellite-subsystems/demo/..//satellite-subsystems/lib\libSatelliteSubsystemsD.a(gecko_driver.o)
                0x200273d8                GECKO_GetVoltageFlash1V8
 .text.GECKO_GetCurrentFlash1V8
                0x200274ac      0x130 C:/new_drivers/satellite-subsystems/demo/..//satellite-subsystems/lib\libSatelliteSubsystemsD.a(gecko_driver.o)
                0x200274ac                GECKO_GetCurrentFlash1V8
 .text.GECKO_GetVoltageFlash3V3
                0x200275dc       0xe8 C:/new_drivers/satellite-subsystems/demo/..//satellite-subsystems/lib\libSatelliteSubsystemsD.a(gecko_driver.o)
                0x200275dc                GECKO_GetVoltageFlash3V3
 .text.GECKO_GetCurrentFlash3V3
                0x200276c4      0x130 C:/new_drivers/satellite-subsystems/demo/..//satellite-subsystems/lib\libSatelliteSubsystemsD.a(gecko_driver.o)
                0x200276c4                GECKO_GetCurrentFlash3V3
 .text.GECKO_GetVoltageSNSR1V8
                0x200277f4       0xe8 C:/new_drivers/satellite-subsystems/demo/..//satellite-subsystems/lib\libSatelliteSubsystemsD.a(gecko_driver.o)
                0x200277f4                GECKO_GetVoltageSNSR1V8
 .text.GECKO_GetCurrentSNSR1V8
                0x200278dc      0x130 C:/new_drivers/satellite-subsystems/demo/..//satellite-subsystems/lib\libSatelliteSubsystemsD.a(gecko_driver.o)
                0x200278dc                GECKO_GetCurrentSNSR1V8
 .text.GECKO_GetVoltageSNSRVDDPIX
                0x20027a0c       0xe8 C:/new_drivers/satellite-subsystems/demo/..//satellite-subsystems/lib\libSatelliteSubsystemsD.a(gecko_driver.o)
                0x20027a0c                GECKO_GetVoltageSNSRVDDPIX
 .text.GECKO_GetCurrentSNSRVDDPIX
                0x20027af4      0x130 C:/new_drivers/satellite-subsystems/demo/..//satellite-subsystems/lib\libSatelliteSubsystemsD.a(gecko_driver.o)
                0x20027af4                GECKO_GetCurrentSNSRVDDPIX
 .text.GECKO_GetVoltageSNSR3V3
                0x20027c24       0xe8 C:/new_drivers/satellite-subsystems/demo/..//satellite-subsystems/lib\libSatelliteSubsystemsD.a(gecko_driver.o)
                0x20027c24                GECKO_GetVoltageSNSR3V3
 .text.GECKO_GetCurrentSNSR3V3