Archive member included because of file (symbol)

C:/ISIS/workspace/new-lib/satellite-subsystems/demo/..//satellite-subsystems/lib\libSatelliteSubsystemsD.a(GomEPS.o)
                              ./src/Demos/GomEPSdemo.o (GomEpsInitialize)
C:/ISIS/workspace/new-lib/satellite-subsystems/demo/..//satellite-subsystems/lib\libSatelliteSubsystemsD.a(IsisAntS.o)
                              ./src/Demos/IsisAntSdemo.o (IsisAntS_initialize)
C:/ISIS/workspace/new-lib/satellite-subsystems/demo/..//satellite-subsystems/lib\libSatelliteSubsystemsD.a(IsisMTQv1.o)
                              ./src/Demos/IsisMTQv1demo.o (isisMTQv1_initialize)
C:/ISIS/workspace/new-lib/satellite-subsystems/demo/..//satellite-subsystems/lib\libSatelliteSubsystemsD.a(IsisMTQv2.o)
                              ./src/Demos/IsisMTQv2demo.o (IsisMTQv2_initialize)
C:/ISIS/workspace/new-lib/satellite-subsystems/demo/..//satellite-subsystems/lib\libSatelliteSubsystemsD.a(IsisSolarPanel.o)
                              ./src/Demos/IsisSPdemo.o (IsisSolarPanel_getTemperature)
C:/ISIS/workspace/new-lib/satellite-subsystems/demo/..//satellite-subsystems/lib\libSatelliteSubsystemsD.a(IsisSolarPanelv2.o)
                              ./src/Demos/IsisSPv2demo.o (IsisSolarPanelv2_initialize)
C:/ISIS/workspace/new-lib/satellite-subsystems/demo/..//satellite-subsystems/lib\libSatelliteSubsystemsD.a(IsisTRXUV.o)
                              ./src/Demos/IsisTRXUVdemo.o (IsisTrxuv_initialize)
C:/ISIS/workspace/new-lib/satellite-subsystems/demo/..//satellite-subsystems/lib\libSatelliteSubsystemsD.a(IsisTRXVU.o)
                              ./src/Demos/IsisTRXVUdemo.o (IsisTrxvu_initialize)
C:/ISIS/workspace/new-lib/satellite-subsystems/demo/..//satellite-subsystems/lib\libSatelliteSubsystemsD.a(IsisTxS.o)
                              ./src/Demos/IsisTxSdemo.o (IsisTxsInitialize)
C:/ISIS/workspace/new-lib/satellite-subsystems/demo/..//satellite-subsystems/lib\libSatelliteSubsystemsD.a(cspaceADCS.o)
                              ./src/Demos/cspaceADCSdemo.o (cspaceADCS_initialize)
C:/ISIS/workspace/new-lib/satellite-subsystems/demo/..//satellite-subsystems/lib\libSatelliteSubsystemsD.a(isis_eps_driver.o)
                              ./src/Demos/isis_eps_demo.o (ISIS_EPS_Init)
C:/ISIS/workspace/new-lib/satellite-subsystems/demo/..//satellite-subsystems/lib\libSatelliteSubsystemsD.a(version.o)
                              ./src/main.o (SatelliteSubsystemsCompileDate)
C:/ISIS/workspace/new-lib/satellite-subsystems/demo/..//satellite-subsystems/lib\libSatelliteSubsystemsD.a(IsisTRXCommon.o)
                              C:/ISIS/workspace/new-lib/satellite-subsystems/demo/..//satellite-subsystems/lib\libSatelliteSubsystemsD.a(IsisTRXUV.o) (IsisTrxCommon_componentReset)
c:/isis/application/toolchain/bin/../lib/gcc/arm-none-eabi/4.7.4/../../../../arm-none-eabi/lib\libm.a(lib_a-w_exp.o)
                              ./src/Demos/common.o (exp)
c:/isis/application/toolchain/bin/../lib/gcc/arm-none-eabi/4.7.4/../../../../arm-none-eabi/lib\libm.a(lib_a-e_exp.o)
                              c:/isis/application/toolchain/bin/../lib/gcc/arm-none-eabi/4.7.4/../../../../arm-none-eabi/lib\libm.a(lib_a-w_exp.o) (__ieee754_exp)
c:/isis/application/toolchain/bin/../lib/gcc/arm-none-eabi/4.7.4/../../../../arm-none-eabi/lib\libm.a(lib_a-s_finite.o)
                              c:/isis/application/toolchain/bin/../lib/gcc/arm-none-eabi/4.7.4/../../../../arm-none-eabi/lib\libm.a(lib_a-w_exp.o) (finite)
c:/isis/application/toolchain/bin/../lib/gcc/arm-none-eabi/4.7.4/../../../../arm-none-eabi/lib\libm.a(lib_a-s_lib_ver.o)
                              c:/isis/application/toolchain/bin/../lib/gcc/arm-none-eabi/4.7.4/../../../../arm-none-eabi/lib\libm.a(lib_a-w_exp.o) (__fdlib_version)
c:/isis/application/toolchain/bin/../lib/gcc/arm-none-eabi/4.7.4/../../../../arm-none-eabi/lib\libm.a(lib_a-s_matherr.o)
                              c:/isis/application/toolchain/bin/../lib/gcc/arm-none-eabi/4.7.4/../../../../arm-none-eabi/lib\libm.a(lib_a-w_exp.o) (matherr)
C:/ISIS/workspace/new-lib/satellite-subsystems/demo/../..//hal/hcc/lib\libHCCD.a(fat_common.o)
                              ./src/Demos/ScsGeckoDemo.o (fn_init)
C:/ISIS/workspace/new-lib/satellite-subsystems/demo/../..//hal/hcc/lib\libHCCD.a(fat_m.o)
                              ./src/Demos/ScsGeckoDemo.o (fm_initvolume)
C:/ISIS/workspace/new-lib/satellite-subsystems/demo/../..//hal/hcc/lib\libHCCD.a(safefat.o)
                              C:/ISIS/workspace/new-lib/satellite-subsystems/demo/../..//hal/hcc/lib\libHCCD.a(fat_common.o) (safe_fix_filelengths)
C:/ISIS/workspace/new-lib/satellite-subsystems/demo/../..//hal/hcc/lib\libHCCD.a(atmel_mcipdc.o)
                              ./src/Demos/ScsGeckoDemo.o (atmel_mcipdc_initfunc)
C:/ISIS/workspace/new-lib/satellite-subsystems/demo/../..//hal/hcc/lib\libHCCD.a(oalp_mutex.o)
[...]
Memory Configuration

Name             Origin             Length             Attributes
sram0            0x00200000         0x00004000         w !xr
sram1            0x00300000         0x00004000         w !xr
sdram            0x20000000         0x02000000         w !xr
*default*        0x00000000         0xffffffff

Linker script and memory map

LOAD c:/isis/application/toolchain/bin/../lib/gcc/arm-none-eabi/4.7.4/../../../../arm-none-eabi/lib\libc.a
LOAD ./src/Demos/GomEPSdemo.o
LOAD ./src/Demos/IsisAntSdemo.o
LOAD ./src/Demos/IsisMTQv1demo.o
LOAD ./src/Demos/IsisMTQv2demo.o
LOAD ./src/Demos/IsisSPdemo.o
LOAD ./src/Demos/IsisSPv2demo.o
LOAD ./src/Demos/IsisTRXUVdemo.o
LOAD ./src/Demos/IsisTRXVUdemo.o
LOAD ./src/Demos/IsisTxSdemo.o
LOAD ./src/Demos/ScsGeckoDemo.o
LOAD ./src/Demos/common.o
LOAD ./src/Demos/cspaceADCSdemo.o
LOAD ./src/Demos/input.o
LOAD ./src/Demos/isis_eps_demo.o
LOAD ./src/Demos/trxvu_frame_ready.o
LOAD ./src/main.o
LOAD C:/ISIS/workspace/new-lib/satellite-subsystems/demo/..//satellite-subsystems/lib\libSatelliteSubsystemsD.a
LOAD c:/isis/application/toolchain/bin/../lib/gcc/arm-none-eabi/4.7.4/../../../../arm-none-eabi/lib\libm.a
LOAD C:/ISIS/workspace/new-lib/satellite-subsystems/demo/../..//hal/hcc/lib\libHCCD.a
LOAD C:/ISIS/workspace/new-lib/satellite-subsystems/demo/../..//hal/hal/lib\libHALD.a
LOAD C:/ISIS/workspace/new-lib/satellite-subsystems/demo/../..//hal/freertos/lib\libFreeRTOSD.a
LOAD C:/ISIS/workspace/new-lib/satellite-subsystems/demo/../..//hal/at91/lib\libAt91D.a
START GROUP
LOAD c:/isis/application/toolchain/bin/../lib/gcc/arm-none-eabi/4.7.4\libgcc.a
LOAD c:/isis/application/toolchain/bin/../lib/gcc/arm-none-eabi/4.7.4/../../../../arm-none-eabi/lib\libg.a
LOAD c:/isis/application/toolchain/bin/../lib/gcc/arm-none-eabi/4.7.4/../../../../arm-none-eabi/lib\libc.a
END GROUP

.fixed          0x20000000    0x390b8
                0x20000000                . = ALIGN (0x4)
                0x20000000                _sfixed = .
 *(.startup)
 .startup       0x20000000      0x14c C:/ISIS/workspace/new-lib/satellite-subsystems/demo/../..//hal/at91/lib\libAt91D.a(board_cstartup.o)
                0x20000000                entry
 *(.text)
 .text          0x2000014c       0x64 C:/ISIS/workspace/new-lib/satellite-subsystems/demo/../..//hal/at91/lib\libAt91D.a(cp15_asm.o)
                0x2000014c                _readControlRegister
                0x20000158                _writeControlRegister
                0x20000160                _waitForInterrupt
                0x2000016c                _writeTTB
                0x20000174                _writeDomain
                0x2000017c                _writeITLBLockdown
                0x20000184                _prefetchICacheLine
                0x2000018c                _flushDCache
                0x20000198                _flushWriteBuffer
                0x200001a4                _invalidateIDTLBs
 .text          0x200001b0      0x114 c:/isis/application/toolchain/bin/../lib/gcc/arm-none-eabi/4.7.4\libgcc.a(_udivsi3.o)
                0x200001b0                __aeabi_uidiv
                0x200001b0                __udivsi3
                0x200002a4                __aeabi_uidivmod
 .text          0x200002c4        0x4 c:/isis/application/toolchain/bin/../lib/gcc/arm-none-eabi/4.7.4\libgcc.a(_dvmd_tls.o)
                0x200002c4                __aeabi_idiv0
                0x200002c4                __aeabi_ldiv0
 .text          0x200002c8      0x41c c:/isis/application/toolchain/bin/../lib/gcc/arm-none-eabi/4.7.4\libgcc.a(_arm_addsubdf3.o)
                0x200002c8                __aeabi_drsub
                0x200002d0                __aeabi_dsub
                0x200002d0                __subdf3
                0x200002d4                __aeabi_dadd
                0x200002d4                __adddf3
                0x200005e4                __floatunsidf
                0x200005e4                __aeabi_ui2d
                0x20000608                __floatsidf
                0x20000608                __aeabi_i2d
                0x20000630                __aeabi_f2d
                0x20000630                __extendsfdf2
                0x20000670                __floatundidf
                0x20000670                __aeabi_ul2d
                0x20000684                __floatdidf
                0x20000684                __aeabi_l2d
 .text          0x200006e4      0x49c c:/isis/application/toolchain/bin/../lib/gcc/arm-none-eabi/4.7.4\libgcc.a(_arm_muldivdf3.o)
                0x200006e4                __aeabi_dmul
                0x200006e4                __muldf3
                0x20000974                __divdf3
                0x20000974                __aeabi_ddiv
 .text          0x20000b80      0x144 c:/isis/application/toolchain/bin/../lib/gcc/arm-none-eabi/4.7.4\libgcc.a(_arm_cmpdf2.o)
                0x20000b80                __gtdf2
                0x20000b80                __gedf2
                0x20000b88                __ltdf2
                0x20000b88                __ledf2
                0x20000b90                __nedf2
                0x20000b90                __eqdf2
                0x20000b90                __cmpdf2
                0x20000c18                __aeabi_cdrcmple
                0x20000c34                __aeabi_cdcmpeq
                0x20000c34                __aeabi_cdcmple
                0x20000c4c                __aeabi_dcmpeq
                0x20000c64                __aeabi_dcmplt
                0x20000c7c                __aeabi_dcmple
                0x20000c94                __aeabi_dcmpge
                0x20000cac                __aeabi_dcmpgt
 .text          0x20000cc4       0x5c c:/isis/application/toolchain/bin/../lib/gcc/arm-none-eabi/4.7.4\libgcc.a(_arm_fixdfsi.o)
                0x20000cc4                __aeabi_d2iz
                0x20000cc4                __fixdfsi
 .text          0x20000d20       0x54 c:/isis/application/toolchain/bin/../lib/gcc/arm-none-eabi/4.7.4\libgcc.a(_arm_fixunsdfsi.o)
                0x20000d20                __aeabi_d2uiz
                0x20000d20                __fixunsdfsi
 .text          0x20000d74       0xa0 c:/isis/application/toolchain/bin/../lib/gcc/arm-none-eabi/4.7.4\libgcc.a(_arm_truncdfsf2.o)
                0x20000d74                __truncdfsf2
                0x20000d74                __aeabi_d2f
 .text          0x20000e14      0x2ac c:/isis/application/toolchain/bin/../lib/gcc/arm-none-eabi/4.7.4\libgcc.a(_arm_addsubsf3.o)
                0x20000e14                __aeabi_frsub
                0x20000e1c                __subsf3
                0x20000e1c                __aeabi_fsub
                0x20000e20                __aeabi_fadd
                0x20000e20                __addsf3
                0x20000fdc                __aeabi_ui2f
                0x20000fdc                __floatunsisf
                0x20000fe4                __aeabi_i2f
                0x20000fe4                __floatsisf
                0x20001004                __aeabi_ul2f
                0x20001004                __floatundisf
                0x20001014                __aeabi_l2f
                0x20001014                __floatdisf
 .text          0x200010c0      0x2f8 c:/isis/application/toolchain/bin/../lib/gcc/arm-none-eabi/4.7.4\libgcc.a(_arm_muldivsf3.o)
                0x200010c0                __mulsf3
                0x200010c0                __aeabi_fmul
                0x20001258                __aeabi_fdiv
                0x20001258                __divsf3
 .text          0x200013b8       0x3c c:/isis/application/toolchain/bin/../lib/gcc/arm-none-eabi/4.7.4\libgcc.a(_aeabi_uldivmod.o)
                0x200013b8                __aeabi_uldivmod
 .text          0x200013f4       0x84 c:/isis/application/toolchain/bin/../lib/gcc/arm-none-eabi/4.7.4\libgcc.a(bpabi.o)
                0x200013f4                __gnu_ldivmod_helper
                0x20001438                __gnu_uldivmod_helper
 .text          0x20001478      0x4f0 c:/isis/application/toolchain/bin/../lib/gcc/arm-none-eabi/4.7.4\libgcc.a(_divdi3.o)
                0x20001478                __divdi3
 .text          0x20001968      0x488 c:/isis/application/toolchain/bin/../lib/gcc/arm-none-eabi/4.7.4\libgcc.a(_udivdi3.o)
                0x20001968                __udivdi3
 .text          0x20001df0       0x48 c:/isis/application/toolchain/bin/../lib/gcc/arm-none-eabi/4.7.4\libgcc.a(_clzsi2.o)
                0x20001df0                __clzsi2
 *(.text*)
 .text.EPS_TelemetryHKbasic
                0x20001e38      0x154 ./src/Demos/GomEPSdemo.o
 .text.EPS_TelemetryHKwdt
                0x20001f8c      0x108 ./src/Demos/GomEPSdemo.o
 .text.EPS_TelemetryHKout
                0x20002094      0x320 ./src/Demos/GomEPSdemo.o
 .text.EPS_TelemetryHKvi
                0x200023b4      0x104 ./src/Demos/GomEPSdemo.o
 .text.EPS_TelemetryHKGeneral
                0x200024b8      0x584 ./src/Demos/GomEPSdemo.o
 .text.EPS_TelemetryHKParam
                0x20002a3c      0x34c ./src/Demos/GomEPSdemo.o
 .text.EPS_SetOutputOn
                0x20002d88       0x80 ./src/Demos/GomEPSdemo.o
 .text.EPS_SetOutputOff
                0x20002e08       0x80 ./src/Demos/GomEPSdemo.o
 .text.EPS_Reboot
                0x20002e88       0x7c ./src/Demos/GomEPSdemo.o
 .text.EPS_TelemetryHKGeneral_BatteryLoop
                0x20002f04      0x18c ./src/Demos/GomEPSdemo.o
 .text.selectAndExecuteGomEPSDemoTest
                0x20003090      0x2b4 ./src/Demos/GomEPSdemo.o
 .text.GomEPSdemoInit
                0x20003344       0x88 ./src/Demos/GomEPSdemo.o
                0x20003344                GomEPSdemoInit
 .text.GomEPSdemoLoop
                0x200033cc       0x3c ./src/Demos/GomEPSdemo.o
                0x200033cc                GomEPSdemoLoop
 .text.GomEPSdemoMain
                0x20003408       0x30 ./src/Demos/GomEPSdemo.o
                0x20003408                GomEPSdemoMain
 .text.GomEPStest
                0x20003438       0x18 ./src/Demos/GomEPSdemo.o
                0x20003438                GomEPStest
 .text.resetAntSTest
                0x20003450       0x9c ./src/Demos/IsisAntSdemo.o
 .text.printDeploymentStatus
                0x200034ec       0x60 ./src/Demos/IsisAntSdemo.o
 .text.getStatusAntSTest
                0x2000354c      0x178 ./src/Demos/IsisAntSdemo.o
 .text.tempAntSTest
                0x200036c4      0x1a4 ./src/Demos/IsisAntSdemo.o
 .text.uptimeAntSTest
                0x20003868       0xa4 ./src/Demos/IsisAntSdemo.o
 .text.telemAntSTest
                0x2000390c      0x1cc ./src/Demos/IsisAntSdemo.o
 .text.setARMStatus
                0x20003ad8      0x158 ./src/Demos/IsisAntSdemo.o
 .text.autoDeploymentAntSTest
                0x20003c30      0x140 ./src/Demos/IsisAntSdemo.o
 .text.manualDeploymentAntSTest
                0x20003d70      0x18c ./src/Demos/IsisAntSdemo.o
 .text.selectAndExecuteAntSDemoTest
                0x20003efc      0x2c4 ./src/Demos/IsisAntSdemo.o
                0x20003efc                selectAndExecuteAntSDemoTest
 .text.initmain
                0x200041c0       0x9c ./src/Demos/IsisAntSdemo.o
 .text.Ants_mainDemo
                0x2000425c       0x40 ./src/Demos/IsisAntSdemo.o
 .text.AntStest
                0x2000429c       0x1c ./src/Demos/IsisAntSdemo.o
                0x2000429c                AntStest
 .text.getTemperature
                0x200042b8       0x60 ./src/Demos/IsisMTQv1demo.o
 .text.selectAndExecuteMtqDemoTest
                0x20004318       0xa8 ./src/Demos/IsisMTQv1demo.o
 .text.initmain
                0x200043c0       0x38 ./src/Demos/IsisMTQv1demo.o
 .text.Mtqv1_mainDemo
                0x200043f8       0x3c ./src/Demos/IsisMTQv1demo.o
 .text.MTQv1test
                0x20004434       0x1c ./src/Demos/IsisMTQv1demo.o
                0x20004434                MTQv1test
 .text._parse_resp
                0x20004450      0x25c ./src/Demos/IsisMTQv2demo.o
 .text._parse_selftest_step
                0x200046ac      0x530 ./src/Demos/IsisMTQv2demo.o
 .text._get_axis_inputs
                0x20004bdc      0x344 ./src/Demos/IsisMTQv2demo.o
 .text._softReset
                0x20004f20       0xf4 ./src/Demos/IsisMTQv2demo.o
 .text._noOperation
                0x20005014       0xe8 ./src/Demos/IsisMTQv2demo.o
 .text._cancelOperation
                0x200050fc       0xdc ./src/Demos/IsisMTQv2demo.o
 .text._startMTMMeasurement
                0x200051d8       0xfc ./src/Demos/IsisMTQv2demo.o
 .text._startMTQActuationCurrent
                0x200052d4      0x12c ./src/Demos/IsisMTQv2demo.o
 .text._startMTQActuationDipole
                0x20005400      0x148 ./src/Demos/IsisMTQv2demo.o
 .text._startMTQActuationPWM
                0x20005548      0x12c ./src/Demos/IsisMTQv2demo.o
 .text._startSelfTest
                0x20005674      0x228 ./src/Demos/IsisMTQv2demo.o
 .text._startDetumble
                0x2000589c      0x1a0 ./src/Demos/IsisMTQv2demo.o
 .text._getSystemState
                0x20005a3c      0x224 ./src/Demos/IsisMTQv2demo.o
 .text._getRawMTMData
                0x20005c60      0x150 ./src/Demos/IsisMTQv2demo.o
 .text._getCalMTMData
                0x20005db0      0x150 ./src/Demos/IsisMTQv2demo.o
 .text._getCoilCurrent
                0x20005f00      0x140 ./src/Demos/IsisMTQv2demo.o
 .text._getCoilTemperature
                0x20006040      0x140 ./src/Demos/IsisMTQv2demo.o
 .text._getCmdActuationDipole
                0x20006180      0x14c ./src/Demos/IsisMTQv2demo.o
 .text._getSelftestDataSingleAxis
                0x200062cc      0x168 ./src/Demos/IsisMTQv2demo.o
 .text._getSelftestDataAllAxis
                0x20006434      0x200 ./src/Demos/IsisMTQv2demo.o
 .text._getDetumbleData
                0x20006634      0x240 ./src/Demos/IsisMTQv2demo.o
 .text._getRawHKData
                0x20006874      0x218 ./src/Demos/IsisMTQv2demo.o
 .text._getEngHKData
                0x20006a8c      0x248 ./src/Demos/IsisMTQv2demo.o
 .text._getParameter
                0x20006cd4      0x160 ./src/Demos/IsisMTQv2demo.o
 .text._setParameter
                0x20006e34      0x2b0 ./src/Demos/IsisMTQv2demo.o
 .text._resetParameter
                0x200070e4      0x16c ./src/Demos/IsisMTQv2demo.o
 .text._selectAndExecuteDemoTest
                0x20007250      0x560 ./src/Demos/IsisMTQv2demo.o
 .text.IsisMTQv2demoInit
                0x200077b0       0x88 ./src/Demos/IsisMTQv2demo.o
                0x200077b0                IsisMTQv2demoInit
 .text.IsisMTQv2demoLoop
                0x20007838       0x3c ./src/Demos/IsisMTQv2demo.o
                0x20007838                IsisMTQv2demoLoop
 .text.IsisMTQv2demoMain
                0x20007874       0x30 ./src/Demos/IsisMTQv2demo.o
                0x20007874                IsisMTQv2demoMain
 .text.IsisMTQv2test
                0x200078a4       0x18 ./src/Demos/IsisMTQv2demo.o
                0x200078a4                IsisMTQv2test
 .text.SolarPanel_Temperature
                0x200078bc      0x260 ./src/Demos/IsisSPdemo.o
 .text.selectAndExecuteSolarPanelsDemoTest
                0x20007b1c       0xa8 ./src/Demos/IsisSPdemo.o
 .text.SolarPaneltest
                0x20007bc4       0x44 ./src/Demos/IsisSPdemo.o
                0x20007bc4                SolarPaneltest
 .text.SolarPanelv2_Temperature
                0x20007c08       0xfc ./src/Demos/IsisSPv2demo.o
                0x20007c08                SolarPanelv2_Temperature
 .text.selectAndExecuteSolarPanelsv2DemoTest
                0x20007d04       0xa8 ./src/Demos/IsisSPv2demo.o
                0x20007d04                selectAndExecuteSolarPanelsv2DemoTest
 .text.SolarPanelsv2_mainDemo
                0x20007dac       0x3c ./src/Demos/IsisSPv2demo.o
                0x20007dac                SolarPanelsv2_mainDemo
 .text.SolarPanelv2test
                0x20007de8       0xac ./src/Demos/IsisSPv2demo.o
                0x20007de8                SolarPanelv2test
 .text.resetUVTest
                0x20007e94       0x28 ./src/Demos/IsisTRXUVdemo.o
 .text.itc_sendDefClSignTest
                0x20007ebc       0xf4 ./src/Demos/IsisTRXUVdemo.o
 .text.itc_sendMsgCWTest
                0x20007fb0       0xf4 ./src/Demos/IsisTRXUVdemo.o
 .text.itc_toggleIdleStateTest
                0x200080a4       0x74 ./src/Demos/IsisTRXUVdemo.o
 .text.itc_setTxBitrate9600Test
                0x20008118       0x2c ./src/Demos/IsisTRXUVdemo.o
 .text.itc_setTxBitrate1200Test
                0x20008144       0x2c ./src/Demos/IsisTRXUVdemo.o
 .text.imc_getFrameCountTest
                0x20008170       0x80 ./src/Demos/IsisTRXUVdemo.o
 .text.imc_getFrameCmdTest
                0x200081f0      0x178 ./src/Demos/IsisTRXUVdemo.o
 .text.imc_getFrameCmdAndTxTest
                0x20008368      0x1ec ./src/Demos/IsisTRXUVdemo.o
 .text.imc_getAllTelemTest
                0x20008554      0x724 ./src/Demos/IsisTRXUVdemo.o
 .text.selectAndExecuteTRXUVDemoTest
                0x20008c78      0x1a8 ./src/Demos/IsisTRXUVdemo.o
 .text.initmain
                0x20008e20       0x70 ./src/Demos/IsisTRXUVdemo.o
 .text.TRXUV_mainDemo
                0x20008e90       0x3c ./src/Demos/IsisTRXUVdemo.o
 .text.TRXUVtest
                0x20008ecc       0x38 ./src/Demos/IsisTRXUVdemo.o
                0x20008ecc                TRXUVtest
 .text.softResetVUTest
                0x20008f04       0x58 ./src/Demos/IsisTRXVUdemo.o
 .text.hardResetVUTest
                0x20008f5c       0x58 ./src/Demos/IsisTRXVUdemo.o
 .text.vutc_sendDefClSignTest
                0x20008fb4       0xf4 ./src/Demos/IsisTRXVUdemo.o
 .text.vutc_toggleIdleStateTest
                0x200090a8       0x74 ./src/Demos/IsisTRXVUdemo.o
 .text.vutc_setTxBitrate9600Test
                0x2000911c       0x2c ./src/Demos/IsisTRXVUdemo.o
 .text.vutc_setTxBitrate1200Test
                0x20009148       0x2c ./src/Demos/IsisTRXVUdemo.o
 .text.vurc_getFrameCountTest
                0x20009174       0x80 ./src/Demos/IsisTRXVUdemo.o
 .text.vurc_getFrameCmdTest
                0x200091f4      0x2a0 ./src/Demos/IsisTRXVUdemo.o
 .text.vurc_getFrameCmdAndTxTest
                0x20009494      0x2e0 ./src/Demos/IsisTRXVUdemo.o
 .text.vurc_revDInterruptCallback
                0x20009774       0x50 ./src/Demos/IsisTRXVUdemo.o
 .text.vurc_getFrameCmdInterruptTest
                0x200097c4      0x3f0 ./src/Demos/IsisTRXVUdemo.o
 .text.vurc_getRxTelemTest_revC
                0x20009bb4      0x3c8 ./src/Demos/IsisTRXVUdemo.o
 .text.vurc_getRxTelemTest_revD
                0x20009f7c      0x524 ./src/Demos/IsisTRXVUdemo.o
 .text.vutc_getTxTelemTest_revC
                0x2000a4a0      0x390 ./src/Demos/IsisTRXVUdemo.o
 .text.vutc_getTxTelemTest_revD
                0x2000a830      0x4ec ./src/Demos/IsisTRXVUdemo.o
 .text.selectAndExecuteTRXVUDemoTest
                0x2000ad1c      0x218 ./src/Demos/IsisTRXVUdemo.o
 .text._WatchDogKickTask
                0x2000af34       0x44 ./src/Demos/IsisTRXVUdemo.o
 .text.IsisTRXVUdemoInit
                0x2000af78       0xf8 ./src/Demos/IsisTRXVUdemo.o
                0x2000af78                IsisTRXVUdemoInit
 .text.IsisTRXVUdemoLoop
                0x2000b070       0x3c ./src/Demos/IsisTRXVUdemo.o
                0x2000b070                IsisTRXVUdemoLoop
 .text.IsisTRXVUdemoMain
                0x2000b0ac       0x30 ./src/Demos/IsisTRXVUdemo.o
                0x2000b0ac                IsisTRXVUdemoMain
 .text.TRXVUtest
                0x2000b0dc       0x18 ./src/Demos/IsisTRXVUdemo.o
                0x2000b0dc                TRXVUtest
 .text.softResetTxsTest
                0x2000b0f4       0x34 ./src/Demos/IsisTxSdemo.o
 .text.halfMaxBitrateTxsTest
                0x2000b128       0x38 ./src/Demos/IsisTxSdemo.o
 .text.MaxBitrateTxsTest
                0x2000b160       0x38 ./src/Demos/IsisTxSdemo.o
 .text.level4_5dBTxsTest
                0x2000b198       0x38 ./src/Demos/IsisTxSdemo.o
 .text.level13_5dBTxsTest
                0x2000b1d0       0x38 ./src/Demos/IsisTxSdemo.o
 .text.toggleTxsStateTest
                0x2000b208       0x74 ./src/Demos/IsisTxSdemo.o
 .text.addDefaultCallsignFrames
                0x2000b27c      0x108 ./src/Demos/IsisTxSdemo.o
 .text.getAllTelemTxSTest
                0x2000b384      0x574 ./src/Demos/IsisTxSdemo.o
 .text.selectAndExecuteTxSDemoTest
                0x2000b8f8      0x170 ./src/Demos/IsisTxSdemo.o
 .text.IsisTxSdemoInit
                0x2000ba68       0x98 ./src/Demos/IsisTxSdemo.o
                0x2000ba68                IsisTxSdemoInit
 .text.IsisTxSdemoLoop
                0x2000bb00       0x3c ./src/Demos/IsisTxSdemo.o
                0x2000bb00                IsisTxSdemoLoop
 .text.IsisTxSdemoMain
                0x2000bb3c       0x30 ./src/Demos/IsisTxSdemo.o
                0x2000bb3c                IsisTxSdemoMain
 .text.TxStest  0x2000bb6c       0x18 ./src/Demos/IsisTxSdemo.o
                0x2000bb6c                TxStest
 .text.sendCommand
                0x2000bb84       0x9c ./src/Demos/ScsGeckoDemo.o
                0x2000bb84                sendCommand
 .text.print_res
                0x2000bc20       0x84 ./src/Demos/ScsGeckoDemo.o
                0x2000bc20                print_res
 .text.dolevTest
                0x2000bca4       0xfc ./src/Demos/ScsGeckoDemo.o
 .text.selectAndExecuteGeckoDemoTest
                0x2000bda0      0x47c ./src/Demos/ScsGeckoDemo.o
                0x2000bda0                selectAndExecuteGeckoDemoTest
 .text.ScsGeckoDemoLoop
                0x2000c21c       0x3c ./src/Demos/ScsGeckoDemo.o
                0x2000c21c                ScsGeckoDemoLoop
 .text.ScsGeckoDemoMain
                0x2000c258       0x18 ./src/Demos/ScsGeckoDemo.o
                0x2000c258                ScsGeckoDemoMain
 .text.GeckoTest
                0x2000c270       0x18 ./src/Demos/ScsGeckoDemo.o
                0x2000c270                GeckoTest
 .text.ing_interact
                0x2000c288      0x470 ./src/Demos/common.o
                0x2000c288                ing_interact
 .text.ing_parse
                0x2000c6f8      0x8f4 ./src/Demos/common.o
                0x2000c6f8                ing_parse
 .text.ing      0x2000cfec       0xa4 ./src/Demos/common.o
                0x2000cfec                ing
 .text.config_param_info
                0x2000d090      0xb68 ./src/Demos/common.o
                0x2000d090                config_param_info
 .text.print_error
                0x2000dbf8       0x54 ./src/Demos/common.o
                0x2000dbf8                print_error
 .text.cspaceADCS_ADCSRunModeTest
                0x2000dc4c       0x5c ./src/Demos/cspaceADCSdemo.o
 .text.cspaceADCS_ADCSGenInfo
                0x2000dca8       0xa4 ./src/Demos/cspaceADCSdemo.o
 .text.cspaceADCS_ADCSCommStatusTest
                0x2000dd4c      0x114 ./src/Demos/cspaceADCSdemo.o
 .text.cspaceADCS_ADCSPowCtrlCmdTest
                0x2000de60      0x328 ./src/Demos/cspaceADCSdemo.o
 .text.cspaceADCS_setGetTimeTest
                0x2000e188       0x7c ./src/Demos/cspaceADCSdemo.o
 .text.cspaceADCS_setResetTest
                0x2000e204       0x1c ./src/Demos/cspaceADCSdemo.o
 .text.cspaceADCS_setGetWheelspeedTlmTest
                0x2000e220      0x154 ./src/Demos/cspaceADCSdemo.o
 .text.cspaceADCS_setMTQTest
                0x2000e374       0xf8 ./src/Demos/cspaceADCSdemo.o
 .text.cspaceADCS_getMTQTest
                0x2000e46c       0x80 ./src/Demos/cspaceADCSdemo.o
 .text.cspaceADCS_getMTMtest
                0x2000e4ec      0x124 ./src/Demos/cspaceADCSdemo.o
 .text.cspaceADCS_getCurrState
                0x2000e610      0x188 ./src/Demos/cspaceADCSdemo.o
 .text.cspaceADCS_ADCSPowCtrlAllOffTest
                0x2000e798      0x1b0 ./src/Demos/cspaceADCSdemo.o
 .text.cspaceADCS_ADCSPowTempTlm
                0x2000e948      0x3c0 ./src/Demos/cspaceADCSdemo.o
 .text.cspaceADCS_getGeneralTelemetry
                0x2000ed08      0x520 ./src/Demos/cspaceADCSdemo.o
 .text.cspaceADCS_getRawGeneralTlmSeveralCmd
                0x2000f228      0x244 ./src/Demos/cspaceADCSdemo.o
 .text.cspaceADCS_getCurrentMeasurements
                0x2000f46c      0x1ec ./src/Demos/cspaceADCSdemo.o
 .text.cspaceADCS_getADCActuators
                0x2000f658       0xd4 ./src/Demos/cspaceADCSdemo.o
 .text.cspaceADCS_getGPSStatusTime
                0x2000f72c      0x1e0 ./src/Demos/cspaceADCSdemo.o
 .text.cspaceADCS_getGPSRawData
                0x2000f90c       0xd4 ./src/Demos/cspaceADCSdemo.o
 .text.cspaceADCS_getGPSRawMeasurements
                0x2000f9e0      0x2d8 ./src/Demos/cspaceADCSdemo.o
 .text.cspaceADCS_getADCGroup1
                0x2000fcb8      0x1f8 ./src/Demos/cspaceADCSdemo.o
 .text.selectAndExecute_cspaceADCSDemoTest
                0x2000feb0      0x384 ./src/Demos/cspaceADCSdemo.o
 .text.cspaceADCSdemoInit
                0x20010234       0x88 ./src/Demos/cspaceADCSdemo.o
                0x20010234                cspaceADCSdemoInit
 .text.cspaceADCSdemoLoop
                0x200102bc       0x3c ./src/Demos/cspaceADCSdemo.o
                0x200102bc                cspaceADCSdemoLoop
 .text.cspaceADCSdemoMain
                0x200102f8       0x30 ./src/Demos/cspaceADCSdemo.o
                0x200102f8                cspaceADCSdemoMain
 .text.cspaceADCStest
                0x20010328       0x18 ./src/Demos/cspaceADCSdemo.o
                0x20010328                cspaceADCStest
 .text.INPUT_GetINT8
                0x20010340       0xfc ./src/Demos/input.o
                0x20010340                INPUT_GetINT8
 .text._GetInput
                0x2001043c      0x108 ./src/Demos/input.o
 .text._print_eps_respone
                0x20010544       0xc4 ./src/Demos/isis_eps_demo.o
 .text._reset__tmtc
                0x20010608       0x9c ./src/Demos/isis_eps_demo.o
 .text._cancel__tm
                0x200106a4       0xa4 ./src/Demos/isis_eps_demo.o
 .text._watchdog__tm
                0x20010748       0xa4 ./src/Demos/isis_eps_demo.o
 .text._outputbuschannelon__tmtc
                0x200107ec       0xc4 ./src/Demos/isis_eps_demo.o
 .text._outputbuschanneloff__tmtc
                0x200108b0       0xc4 ./src/Demos/isis_eps_demo.o
 .text._switchtonominal__tm
                0x20010974       0xa4 ./src/Demos/isis_eps_demo.o
 .text._switchtosafety__tm
                0x20010a18       0x98 ./src/Demos/isis_eps_demo.o
 .text._getsystemstatus__tm
                0x20010ab0      0x24c ./src/Demos/isis_eps_demo.o
 .text._gethousekeepingraw__tm
                0x20010cfc      0x60c ./src/Demos/isis_eps_demo.o
 .text._gethousekeepingeng__tm
                0x20011308      0x640 ./src/Demos/isis_eps_demo.o
 .text.selectAndExecuteIsis_EpsDemoTest
                0x20011948      0x1a8 ./src/Demos/isis_eps_demo.o
 .text.isis_eps__demo__init
                0x20011af0       0xe0 ./src/Demos/isis_eps_demo.o
                0x20011af0                isis_eps__demo__init
 .text.isis_eps__demo__loop
                0x20011bd0       0x48 ./src/Demos/isis_eps_demo.o
                0x20011bd0                isis_eps__demo__loop
 .text.isis_eps__demo__main
                0x20011c18       0x30 ./src/Demos/isis_eps_demo.o
                0x20011c18                isis_eps__demo__main
 .text.isis_eps__test
                0x20011c48       0x18 ./src/Demos/isis_eps_demo.o
                0x20011c48                isis_eps__test
 .text.TRXVU_FR_Enable
                0x20011c60       0x64 ./src/Demos/trxvu_frame_ready.o
                0x20011c60                TRXVU_FR_Enable
 .text.TRXVU_FR_Disable
                0x20011cc4       0x18 ./src/Demos/trxvu_frame_ready.o
                0x20011cc4                TRXVU_FR_Disable
 .text.TRXVU_FR_IsReady
                0x20011cdc       0x20 ./src/Demos/trxvu_frame_ready.o
                0x20011cdc                TRXVU_FR_IsReady
 .text._Handler
                0x20011cfc       0x3c ./src/Demos/trxvu_frame_ready.o
 .text.selectAndExecuteTest
                0x20011d38      0x280 ./src/main.o
                0x20011d38                selectAndExecuteTest
 .text.taskMain
                0x20011fb8       0x5c ./src/main.o
                0x20011fb8                taskMain
 .text.main     0x20012014      0x234 ./src/main.o
                0x20012014                main
 .text.GomEpsInitialize
                0x20012248      0x148 C:/ISIS/workspace/new-lib/satellite-subsystems/demo/..//satellite-subsystems/lib\libSatelliteSubsystemsD.a(GomEPS.o)
                0x20012248                GomEpsInitialize
 .text.makeEPStransfer
                0x20012390       0x3c C:/ISIS/workspace/new-lib/satellite-subsystems/demo/..//satellite-subsystems/lib\libSatelliteSubsystemsD.a(GomEPS.o)
 .text.GomEpsSoftReset
                0x200123cc       0xc4 C:/ISIS/workspace/new-lib/satellite-subsystems/demo/..//satellite-subsystems/lib\libSatelliteSubsystemsD.a(GomEPS.o)
                0x200123cc                GomEpsSoftReset
 .text.GomEpsHardReset
                0x20012490       0xa8 C:/ISIS/workspace/new-lib/satellite-subsystems/demo/..//satellite-subsystems/lib\libSatelliteSubsystemsD.a(GomEPS.o)
                0x20012490                GomEpsHardReset
 .text.GomEpsGetHkData_param
                0x20012538      0x29c C:/ISIS/workspace/new-lib/satellite-subsystems/demo/..//satellite-subsystems/lib\libSatelliteSubsystemsD.a(GomEPS.o)
                0x20012538                GomEpsGetHkData_param
 .text.GomEpsGetHkData_general
                0x200127d4      0x45c C:/ISIS/workspace/new-lib/satellite-subsystems/demo/..//satellite-subsystems/lib\libSatelliteSubsystemsD.a(GomEPS.o)
                0x200127d4                GomEpsGetHkData_general
 .text.GomEpsGetHkData_vi
                0x20012c30      0x188 C:/ISIS/workspace/new-lib/satellite-subsystems/demo/..//satellite-subsystems/lib\libSatelliteSubsystemsD.a(GomEPS.o)
                0x20012c30                GomEpsGetHkData_vi
 .text.GomEpsGetHkData_out
                0x20012db8      0x21c C:/ISIS/workspace/new-lib/satellite-subsystems/demo/..//satellite-subsystems/lib\libSatelliteSubsystemsD.a(GomEPS.o)
                0x20012db8                GomEpsGetHkData_out
 .text.GomEpsGetHkData_wdt
                0x20012fd4      0x2b4 C:/ISIS/workspace/new-lib/satellite-subsystems/demo/..//satellite-subsystems/lib\libSatelliteSubsystemsD.a(GomEPS.o)
                0x20012fd4                GomEpsGetHkData_wdt
 .text.GomEpsGetHkData_basic
                0x20013288      0x22c C:/ISIS/workspace/new-lib/satellite-subsystems/demo/..//satellite-subsystems/lib\libSatelliteSubsystemsD.a(GomEPS.o)
                0x20013288                GomEpsGetHkData_basic
 .text.GomEpsSetOutput
                0x200134b4       0xbc C:/ISIS/workspace/new-lib/satellite-subsystems/demo/..//satellite-subsystems/lib\libSatelliteSubsystemsD.a(GomEPS.o)
                0x200134b4                GomEpsSetOutput
 .text.GomEpsSetSingleOutput
                0x20013570       0xe4 C:/ISIS/workspace/new-lib/satellite-subsystems/demo/..//satellite-subsystems/lib\libSatelliteSubsystemsD.a(GomEPS.o)
                0x20013570                GomEpsSetSingleOutput
 .text.makeAntStransfer
                0x20013654       0x4c C:/ISIS/workspace/new-lib/satellite-subsystems/demo/..//satellite-subsystems/lib\libSatelliteSubsystemsD.a(IsisAntS.o)
 .text.checkInputsValid
                0x200136a0       0x7c C:/ISIS/workspace/new-lib/satellite-subsystems/demo/..//satellite-subsystems/lib\libSatelliteSubsystemsD.a(IsisAntS.o)
 .text.IsisAntS_initialize
                0x2001371c      0x26c C:/ISIS/workspace/new-lib/satellite-subsystems/demo/..//satellite-subsystems/lib\libSatelliteSubsystemsD.a(IsisAntS.o)
                0x2001371c                IsisAntS_initialize
 .text.IsisAntS_setArmStatus
                0x20013988      0x104 C:/ISIS/workspace/new-lib/satellite-subsystems/demo/..//satellite-subsystems/lib\libSatelliteSubsystemsD.a(IsisAntS.o)
                0x20013988                IsisAntS_setArmStatus
 .text.IsisAntS_attemptDeployment
                0x20013a8c      0x168 C:/ISIS/workspace/new-lib/satellite-subsystems/demo/..//satellite-subsystems/lib\libSatelliteSubsystemsD.a(IsisAntS.o)
                0x20013a8c                IsisAntS_attemptDeployment
 .text.IsisAntS_getStatusData
                0x20013bf4      0x120 C:/ISIS/workspace/new-lib/satellite-subsystems/demo/..//satellite-subsystems/lib\libSatelliteSubsystemsD.a(IsisAntS.o)
                0x20013bf4                IsisAntS_getStatusData
 .text.IsisAntS_getTemperature
                0x20013d14      0x120 C:/ISIS/workspace/new-lib/satellite-subsystems/demo/..//satellite-subsystems/lib\libSatelliteSubsystemsD.a(IsisAntS.o)
                0x20013d14                IsisAntS_getTemperature
 .text.IsisAntS_getUptime
                0x20013e34      0x120 C:/ISIS/workspace/new-lib/satellite-subsystems/demo/..//satellite-subsystems/lib\libSatelliteSubsystemsD.a(IsisAntS.o)
                0x20013e34                IsisAntS_getUptime
 .text.IsisAntS_getAlltelemetry
                0x20013f54      0x120 C:/ISIS/workspace/new-lib/satellite-subsystems/demo/..//satellite-subsystems/lib\libSatelliteSubsystemsD.a(IsisAntS.o)
                0x20013f54                IsisAntS_getAlltelemetry
 .text.IsisAntS_reset
                0x20014074      0x104 C:/ISIS/workspace/new-lib/satellite-subsystems/demo/..//satellite-subsystems/lib\libSatelliteSubsystemsD.a(IsisAntS.o)
                0x20014074                IsisAntS_reset
 .text.IsisAntS_autoDeployment
                0x20014178      0x114 C:/ISIS/workspace/new-lib/satellite-subsystems/demo/..//satellite-subsystems/lib\libSatelliteSubsystemsD.a(IsisAntS.o)
                0x20014178                IsisAntS_autoDeployment
 .text.isisMTQv1_initialize
                0x2001428c      0x18c C:/ISIS/workspace/new-lib/satellite-subsystems/demo/..//satellite-subsystems/lib\libSatelliteSubsystemsD.a(IsisMTQv1.o)
                0x2001428c                isisMTQv1_initialize
 .text.make_isisMTQtransfer
                0x20014418       0x3c C:/ISIS/workspace/new-lib/satellite-subsystems/demo/..//satellite-subsystems/lib\libSatelliteSubsystemsD.a(IsisMTQv1.o)
 .text.IsisMTQv1GetTemperature
                0x20014454       0xac C:/ISIS/workspace/new-lib/satellite-subsystems/demo/..//satellite-subsystems/lib\libSatelliteSubsystemsD.a(IsisMTQv1.o)
                0x20014454                IsisMTQv1GetTemperature
 .text.IsisMTQv2_initialize
                0x20014500      0x18c C:/ISIS/workspace/new-lib/satellite-subsystems/demo/..//satellite-subsystems/lib\libSatelliteSubsystemsD.a(IsisMTQv2.o)
                0x20014500                IsisMTQv2_initialize
 .text._make_isisMTQtransfer
                0x2001468c       0x3c C:/ISIS/workspace/new-lib/satellite-subsystems/demo/..//satellite-subsystems/lib\libSatelliteSubsystemsD.a(IsisMTQv2.o)
 .text.IsisMTQv2_softReset
                0x200146c8       0xc8 C:/ISIS/workspace/new-lib/satellite-subsystems/demo/..//satellite-subsystems/lib\libSatelliteSubsystemsD.a(IsisMTQv2.o)
                0x200146c8                IsisMTQv2_softReset
 .text.IsisMTQv2_noOperation
                0x20014790       0xac C:/ISIS/workspace/new-lib/satellite-subsystems/demo/..//satellite-subsystems/lib\libSatelliteSubsystemsD.a(IsisMTQv2.o)
                0x20014790                IsisMTQv2_noOperation
 .text.IsisMTQv2_cancelOperation
                0x2001483c       0xac C:/ISIS/workspace/new-lib/satellite-subsystems/demo/..//satellite-subsystems/lib\libSatelliteSubsystemsD.a(IsisMTQv2.o)
                0x2001483c                IsisMTQv2_cancelOperation
 .text.IsisMTQv2_startMTMMeasurement
                0x200148e8       0xac C:/ISIS/workspace/new-lib/satellite-subsystems/demo/..//satellite-subsystems/lib\libSatelliteSubsystemsD.a(IsisMTQv2.o)
                0x200148e8                IsisMTQv2_startMTMMeasurement
 .text.IsisMTQv2_startMTQActuationCurrent
                0x20014994       0xdc C:/ISIS/workspace/new-lib/satellite-subsystems/demo/..//satellite-subsystems/lib\libSatelliteSubsystemsD.a(IsisMTQv2.o)
                0x20014994                IsisMTQv2_startMTQActuationCurrent
 .text.IsisMTQv2_startMTQActuationDipole
                0x20014a70       0xdc C:/ISIS/workspace/new-lib/satellite-subsystems/demo/..//satellite-subsystems/lib\libSatelliteSubsystemsD.a(IsisMTQv2.o)
                0x20014a70                IsisMTQv2_startMTQActuationDipole
 .text.IsisMTQv2_startMTQActuationPWM
                0x20014b4c       0xdc C:/ISIS/workspace/new-lib/satellite-subsystems/demo/..//satellite-subsystems/lib\libSatelliteSubsystemsD.a(IsisMTQv2.o)
                0x20014b4c                IsisMTQv2_startMTQActuationPWM
 .text.IsisMTQv2_startSelfTest
                0x20014c28       0xbc C:/ISIS/workspace/new-lib/satellite-subsystems/demo/..//satellite-subsystems/lib\libSatelliteSubsystemsD.a(IsisMTQv2.o)
                0x20014c28                IsisMTQv2_startSelfTest
 .text.IsisMTQv2_startDetumble
                0x20014ce4       0xd4 C:/ISIS/workspace/new-lib/satellite-subsystems/demo/..//satellite-subsystems/lib\libSatelliteSubsystemsD.a(IsisMTQv2.o)
                0x20014ce4                IsisMTQv2_startDetumble
 .text.IsisMTQv2_getSystemState
                0x20014db8      0x118 C:/ISIS/workspace/new-lib/satellite-subsystems/demo/..//satellite-subsystems/lib\libSatelliteSubsystemsD.a(IsisMTQv2.o)
                0x20014db8                IsisMTQv2_getSystemState
 .text.IsisMTQv2_getRawMTMData
                0x20014ed0      0x130 C:/ISIS/workspace/new-lib/satellite-subsystems/demo/..//satellite-subsystems/lib\libSatelliteSubsystemsD.a(IsisMTQv2.o)
                0x20014ed0                IsisMTQv2_getRawMTMData
 .text.IsisMTQv2_getCalMTMData
                0x20015000      0x130 C:/ISIS/workspace/new-lib/satellite-subsystems/demo/..//satellite-subsystems/lib\libSatelliteSubsystemsD.a(IsisMTQv2.o)
                0x20015000                IsisMTQv2_getCalMTMData
 .text.IsisMTQv2_getCoilCurrent
                0x20015130      0x100 C:/ISIS/workspace/new-lib/satellite-subsystems/demo/..//satellite-subsystems/lib\libSatelliteSubsystemsD.a(IsisMTQv2.o)
                0x20015130                IsisMTQv2_getCoilCurrent
 .text.IsisMTQv2_getCoilTemperature
                0x20015230      0x100 C:/ISIS/workspace/new-lib/satellite-subsystems/demo/..//satellite-subsystems/lib\libSatelliteSubsystemsD.a(IsisMTQv2.o)
                0x20015230                IsisMTQv2_getCoilTemperature
 .text.IsisMTQv2_getCmdActuationDipole
                0x20015330      0x100 C:/ISIS/workspace/new-lib/satellite-subsystems/demo/..//satellite-subsystems/lib\libSatelliteSubsystemsD.a(IsisMTQv2.o)
                0x20015330                IsisMTQv2_getCmdActuationDipole
 .text.IsisMTQv2_getSelftestDataSingleAxis
                0x20015430      0x17c C:/ISIS/workspace/new-lib/satellite-subsystems/demo/..//satellite-subsystems/lib\libSatelliteSubsystemsD.a(IsisMTQv2.o)
                0x20015430                IsisMTQv2_getSelftestDataSingleAxis
 .text.IsisMTQv2_getSelftestDataAllAxis
                0x200155ac      0x2cc C:/ISIS/workspace/new-lib/satellite-subsystems/demo/..//satellite-subsystems/lib\libSatelliteSubsystemsD.a(IsisMTQv2.o)
                0x200155ac                IsisMTQv2_getSelftestDataAllAxis
 .text.IsisMTQv2_getDetumbleData
                0x20015878      0x108 C:/ISIS/workspace/new-lib/satellite-subsystems/demo/..//satellite-subsystems/lib\libSatelliteSubsystemsD.a(IsisMTQv2.o)
                0x20015878                IsisMTQv2_getDetumbleData
 .text.IsisMTQv2_getRawHKData
                0x20015980      0x13c C:/ISIS/workspace/new-lib/satellite-subsystems/demo/..//satellite-subsystems/lib\libSatelliteSubsystemsD.a(IsisMTQv2.o)
                0x20015980                IsisMTQv2_getRawHKData
 .text.IsisMTQv2_getEngHKData
                0x20015abc      0x13c C:/ISIS/workspace/new-lib/satellite-subsystems/demo/..//satellite-subsystems/lib\libSatelliteSubsystemsD.a(IsisMTQv2.o)
                0x20015abc                IsisMTQv2_getEngHKData
 .text.IsisMTQv2_getParSize
                0x20015bf8      0x11c C:/ISIS/workspace/new-lib/satellite-subsystems/demo/..//satellite-subsystems/lib\libSatelliteSubsystemsD.a(IsisMTQv2.o)
                0x20015bf8                IsisMTQv2_getParSize
 .text.IsisMTQv2_getParameter
                0x20015d14      0x238 C:/ISIS/workspace/new-lib/satellite-subsystems/demo/..//satellite-subsystems/lib\libSatelliteSubsystemsD.a(IsisMTQv2.o)
                0x20015d14                IsisMTQv2_getParameter
 .text.IsisMTQv2_setParameter
                0x20015f4c      0x264 C:/ISIS/workspace/new-lib/satellite-subsystems/demo/..//satellite-subsystems/lib\libSatelliteSubsystemsD.a(IsisMTQv2.o)
                0x20015f4c                IsisMTQv2_setParameter
 .text.IsisMTQv2_resetParameter
                0x200161b0      0x238 C:/ISIS/workspace/new-lib/satellite-subsystems/demo/..//satellite-subsystems/lib\libSatelliteSubsystemsD.a(IsisMTQv2.o)
                0x200161b0                IsisMTQv2_resetParameter
 .text.IsisSolarPanel_getTemperature
                0x200163e8       0xbc C:/ISIS/workspace/new-lib/satellite-subsystems/demo/..//satellite-subsystems/lib\libSatelliteSubsystemsD.a(IsisSolarPanel.o)
                0x200163e8                IsisSolarPanel_getTemperature
 .text.IsisSolarPanelv2_initialize
                0x200164a4       0xb4 C:/ISIS/workspace/new-lib/satellite-subsystems/demo/..//satellite-subsystems/lib\libSatelliteSubsystemsD.a(IsisSolarPanelv2.o)
                0x200164a4                IsisSolarPanelv2_initialize
 .text.IsisSolarPanelv2_getTemperature
                0x20016558       0xc8 C:/ISIS/workspace/new-lib/satellite-subsystems/demo/..//satellite-subsystems/lib\libSatelliteSubsystemsD.a(IsisSolarPanelv2.o)
                0x20016558                IsisSolarPanelv2_getTemperature
 .text.IsisSolarPanelv2_sleep
                0x20016620       0xbc C:/ISIS/workspace/new-lib/satellite-subsystems/demo/..//satellite-subsystems/lib\libSatelliteSubsystemsD.a(IsisSolarPanelv2.o)
                0x20016620                IsisSolarPanelv2_sleep
 .text.IsisSolarPanelv2_wakeup
                0x200166dc       0x80 C:/ISIS/workspace/new-lib/satellite-subsystems/demo/..//satellite-subsystems/lib\libSatelliteSubsystemsD.a(IsisSolarPanelv2.o)
                0x200166dc                IsisSolarPanelv2_wakeup
 .text._Reset   0x2001675c       0x20 C:/ISIS/workspace/new-lib/satellite-subsystems/demo/..//satellite-subsystems/lib\libSatelliteSubsystemsD.a(IsisSolarPanelv2.o)
 .text._WaitForStartup
                0x2001677c       0x90 C:/ISIS/workspace/new-lib/satellite-subsystems/demo/..//satellite-subsystems/lib\libSatelliteSubsystemsD.a(IsisSolarPanelv2.o)
 .text._AssignAllChannels
                0x2001680c       0x90 C:/ISIS/workspace/new-lib/satellite-subsystems/demo/..//satellite-subsystems/lib\libSatelliteSubsystemsD.a(IsisSolarPanelv2.o)
 .text._AssignThisChannel
                0x2001689c       0xe8 C:/ISIS/workspace/new-lib/satellite-subsystems/demo/..//satellite-subsystems/lib\libSatelliteSubsystemsD.a(IsisSolarPanelv2.o)
 .text._InitiateConversion
                0x20016984       0xac C:/ISIS/workspace/new-lib/satellite-subsystems/demo/..//satellite-subsystems/lib\libSatelliteSubsystemsD.a(IsisSolarPanelv2.o)
 .text._WaitForConversionComplete
                0x20016a30      0x100 C:/ISIS/workspace/new-lib/satellite-subsystems/demo/..//satellite-subsystems/lib\libSatelliteSubsystemsD.a(IsisSolarPanelv2.o)
 .text._ReadResult
                0x20016b30      0x158 C:/ISIS/workspace/new-lib/satellite-subsystems/demo/..//satellite-subsystems/lib\libSatelliteSubsystemsD.a(IsisSolarPanelv2.o)
 .text._ExtractByte
                0x20016c88       0x38 C:/ISIS/workspace/new-lib/satellite-subsystems/demo/..//satellite-subsystems/lib\libSatelliteSubsystemsD.a(IsisSolarPanelv2.o)
 .text._ExtendSign
                0x20016cc0       0x6c C:/ISIS/workspace/new-lib/satellite-subsystems/demo/..//satellite-subsystems/lib\libSatelliteSubsystemsD.a(IsisSolarPanelv2.o)
 .text._PinsInit
                0x20016d2c       0x50 C:/ISIS/workspace/new-lib/satellite-subsystems/demo/..//satellite-subsystems/lib\libSatelliteSubsystemsD.a(IsisSolarPanelv2.o)
 .text._SpiWriteRead
                0x20016d7c       0x70 C:/ISIS/workspace/new-lib/satellite-subsystems/demo/..//satellite-subsystems/lib\libSatelliteSubsystemsD.a(IsisSolarPanelv2.o)
 .text.IsisTrxuv_initialize
                0x20016dec      0x32c C:/ISIS/workspace/new-lib/satellite-subsystems/demo/..//satellite-subsystems/lib\libSatelliteSubsystemsD.a(IsisTRXUV.o)
                0x20016dec                IsisTrxuv_initialize
 .text.makeTRXUVtransfer
                0x20017118       0x44 C:/ISIS/workspace/new-lib/satellite-subsystems/demo/..//satellite-subsystems/lib\libSatelliteSubsystemsD.a(IsisTRXUV.o)
 .text.IsisTrxuv_componentReset
                0x2001715c       0x6c C:/ISIS/workspace/new-lib/satellite-subsystems/demo/..//satellite-subsystems/lib\libSatelliteSubsystemsD.a(IsisTRXUV.o)
                0x2001715c                IsisTrxuv_componentReset
 .text.IsisTrxuv_reset
                0x200171c8       0x74 C:/ISIS/workspace/new-lib/satellite-subsystems/demo/..//satellite-subsystems/lib\libSatelliteSubsystemsD.a(IsisTRXUV.o)
                0x200171c8                IsisTrxuv_reset
 .text.IsisTrxuv_itcSendAX25DefClSign
                0x2001723c       0xec C:/ISIS/workspace/new-lib/satellite-subsystems/demo/..//satellite-subsystems/lib\libSatelliteSubsystemsD.a(IsisTRXUV.o)
                0x2001723c                IsisTrxuv_itcSendAX25DefClSign
 .text.IsisTrxuv_itcSendCwMessage
                0x20017328      0x190 C:/ISIS/workspace/new-lib/satellite-subsystems/demo/..//satellite-subsystems/lib\libSatelliteSubsystemsD.a(IsisTRXUV.o)
                0x20017328                IsisTrxuv_itcSendCwMessage
 .text.IsisTrxuv_itcSetIdlestate
                0x200174b8       0xa4 C:/ISIS/workspace/new-lib/satellite-subsystems/demo/..//satellite-subsystems/lib\libSatelliteSubsystemsD.a(IsisTRXUV.o)
                0x200174b8                IsisTrxuv_itcSetIdlestate
 .text.IsisTrxuv_itcSetAx25Bitrate
                0x2001755c       0xa4 C:/ISIS/workspace/new-lib/satellite-subsystems/demo/..//satellite-subsystems/lib\libSatelliteSubsystemsD.a(IsisTRXUV.o)
                0x2001755c                IsisTrxuv_itcSetAx25Bitrate
 .text.IsisTrxuv_imcGetFrameCount
                0x20017600       0xa0 C:/ISIS/workspace/new-lib/satellite-subsystems/demo/..//satellite-subsystems/lib\libSatelliteSubsystemsD.a(IsisTRXUV.o)
                0x20017600                IsisTrxuv_imcGetFrameCount
 .text.IsisTrxuv_imcGetCommandFrame
                0x200176a0      0x294 C:/ISIS/workspace/new-lib/satellite-subsystems/demo/..//satellite-subsystems/lib\libSatelliteSubsystemsD.a(IsisTRXUV.o)
                0x200176a0                IsisTrxuv_imcGetCommandFrame
 .text.IsisTrxuv_imcGetTelemetryAll
                0x20017934       0xf8 C:/ISIS/workspace/new-lib/satellite-subsystems/demo/..//satellite-subsystems/lib\libSatelliteSubsystemsD.a(IsisTRXUV.o)
                0x20017934                IsisTrxuv_imcGetTelemetryAll
 .text.IsisTrxvu_initialize
                0x20017a2c      0x2f4 C:/ISIS/workspace/new-lib/satellite-subsystems/demo/..//satellite-subsystems/lib\libSatelliteSubsystemsD.a(IsisTRXVU.o)
                0x20017a2c                IsisTrxvu_initialize
 .text.makeTRXVUtransfer
                0x20017d20       0x44 C:/ISIS/workspace/new-lib/satellite-subsystems/demo/..//satellite-subsystems/lib\libSatelliteSubsystemsD.a(IsisTRXVU.o)
 .text.IsisTrxvu_componentSoftReset
                0x20017d64       0x6c C:/ISIS/workspace/new-lib/satellite-subsystems/demo/..//satellite-subsystems/lib\libSatelliteSubsystemsD.a(IsisTRXVU.o)
                0x20017d64                IsisTrxvu_componentSoftReset
 .text.IsisTrxvu_componentHardReset
                0x20017dd0       0xc8 C:/ISIS/workspace/new-lib/satellite-subsystems/demo/..//satellite-subsystems/lib\libSatelliteSubsystemsD.a(IsisTRXVU.o)
                0x20017dd0                IsisTrxvu_componentHardReset
 .text.IsisTrxvu_tcSendAX25DefClSign
                0x20017e98       0xec C:/ISIS/workspace/new-lib/satellite-subsystems/demo/..//satellite-subsystems/lib\libSatelliteSubsystemsD.a(IsisTRXVU.o)
                0x20017e98                IsisTrxvu_tcSendAX25DefClSign
 .text.IsisTrxvu_tcSetIdlestate
                0x20017f84       0xa4 C:/ISIS/workspace/new-lib/satellite-subsystems/demo/..//satellite-subsystems/lib\libSatelliteSubsystemsD.a(IsisTRXVU.o)
                0x20017f84                IsisTrxvu_tcSetIdlestate
 .text.IsisTrxvu_tcSetAx25Bitrate
                0x20018028       0xc4 C:/ISIS/workspace/new-lib/satellite-subsystems/demo/..//satellite-subsystems/lib\libSatelliteSubsystemsD.a(IsisTRXVU.o)
                0x20018028                IsisTrxvu_tcSetAx25Bitrate
 .text.IsisTrxvu_tcGetUptime
                0x200180ec       0xa0 C:/ISIS/workspace/new-lib/satellite-subsystems/demo/..//satellite-subsystems/lib\libSatelliteSubsystemsD.a(IsisTRXVU.o)
                0x200180ec                IsisTrxvu_tcGetUptime
 .text.IsisTrxvu_tcGetTelemetryAll
                0x2001818c       0xd0 C:/ISIS/workspace/new-lib/satellite-subsystems/demo/..//satellite-subsystems/lib\libSatelliteSubsystemsD.a(IsisTRXVU.o)
                0x2001818c                IsisTrxvu_tcGetTelemetryAll
 .text.IsisTrxvu_tcGetTelemetryAll_revC
                0x2001825c       0xd0 C:/ISIS/workspace/new-lib/satellite-subsystems/demo/..//satellite-subsystems/lib\libSatelliteSubsystemsD.a(IsisTRXVU.o)
                0x2001825c                IsisTrxvu_tcGetTelemetryAll_revC
 .text.IsisTrxvu_rcGetFrameCount
                0x2001832c       0xa0 C:/ISIS/workspace/new-lib/satellite-subsystems/demo/..//satellite-subsystems/lib\libSatelliteSubsystemsD.a(IsisTRXVU.o)
                0x2001832c                IsisTrxvu_rcGetFrameCount
 .text.IsisTrxvu_rcGetCommandFrame
                0x200183cc      0x2d8 C:/ISIS/workspace/new-lib/satellite-subsystems/demo/..//satellite-subsystems/lib\libSatelliteSubsystemsD.a(IsisTRXVU.o)
                0x200183cc                IsisTrxvu_rcGetCommandFrame
 .text.IsisTrxvu_rcGetTelemetryAll
                0x200186a4       0xd0 C:/ISIS/workspace/new-lib/satellite-subsystems/demo/..//satellite-subsystems/lib\libSatelliteSubsystemsD.a(IsisTRXVU.o)
                0x200186a4                IsisTrxvu_rcGetTelemetryAll
 .text.IsisTrxvu_rcGetTelemetryAll_revC
                0x20018774       0xec C:/ISIS/workspace/new-lib/satellite-subsystems/demo/..//satellite-subsystems/lib\libSatelliteSubsystemsD.a(IsisTRXVU.o)
                0x20018774                IsisTrxvu_rcGetTelemetryAll_revC
 .text.IsisTxsInitialize
                0x20018860      0x15c C:/ISIS/workspace/new-lib/satellite-subsystems/demo/..//satellite-subsystems/lib\libSatelliteSubsystemsD.a(IsisTxS.o)
                0x20018860                IsisTxsInitialize
 .text.makeTxStransfer
                0x200189bc       0x3c C:/ISIS/workspace/new-lib/satellite-subsystems/demo/..//satellite-subsystems/lib\libSatelliteSubsystemsD.a(IsisTxS.o)
 .text.IsisTxsSetModulatorAttenuator
                0x200189f8       0xd8 C:/ISIS/workspace/new-lib/satellite-subsystems/demo/..//satellite-subsystems/lib\libSatelliteSubsystemsD.a(IsisTxS.o)
                0x200189f8                IsisTxsSetModulatorAttenuator
 .text.IsisTxsSetAx25Bitrate
                0x20018ad0       0xe4 C:/ISIS/workspace/new-lib/satellite-subsystems/demo/..//satellite-subsystems/lib\libSatelliteSubsystemsD.a(IsisTxS.o)
                0x20018ad0                IsisTxsSetAx25Bitrate
 .text.IsisTxsSetState
                0x20018bb4       0xd8 C:/ISIS/workspace/new-lib/satellite-subsystems/demo/..//satellite-subsystems/lib\libSatelliteSubsystemsD.a(IsisTxS.o)
                0x20018bb4                IsisTxsSetState
 .text.IsisTxsReset
                0x20018c8c       0xb4 C:/ISIS/workspace/new-lib/satellite-subsystems/demo/..//satellite-subsystems/lib\libSatelliteSubsystemsD.a(IsisTxS.o)
                0x20018c8c                IsisTxsReset
 .text.IsisTxsSendAX25DefClSign
                0x20018d40      0x1a4 C:/ISIS/workspace/new-lib/satellite-subsystems/demo/..//satellite-subsystems/lib\libSatelliteSubsystemsD.a(IsisTxS.o)
                0x20018d40                IsisTxsSendAX25DefClSign
 .text.IsisTxsGetHousekeepingData
                0x20018ee4       0xcc C:/ISIS/workspace/new-lib/satellite-subsystems/demo/..//satellite-subsystems/lib\libSatelliteSubsystemsD.a(IsisTxS.o)
                0x20018ee4                IsisTxsGetHousekeepingData
 .text.cspaceADCS_initialize
                0x20018fb0      0x18c C:/ISIS/workspace/new-lib/satellite-subsystems/demo/..//satellite-subsystems/lib\libSatelliteSubsystemsD.a(cspaceADCS.o)
                0x20018fb0                cspaceADCS_initialize
 .text.make_cspaceADCStransfer
                0x2001913c      0x1b4 C:/ISIS/workspace/new-lib/satellite-subsystems/demo/..//satellite-subsystems/lib\libSatelliteSubsystemsD.a(cspaceADCS.o)
 .text.cspaceADCS_componentReset
                0x200192f0       0xbc C:/ISIS/workspace/new-lib/satellite-subsystems/demo/..//satellite-subsystems/lib\libSatelliteSubsystemsD.a(cspaceADCS.o)
                0x200192f0                cspaceADCS_componentReset
 .text.cspaceADCS_setCurrentTime
                0x200193ac       0xd0 C:/ISIS/workspace/new-lib/satellite-subsystems/demo/..//satellite-subsystems/lib\libSatelliteSubsystemsD.a(cspaceADCS.o)
                0x200193ac                cspaceADCS_setCurrentTime
 .text.cspaceADCS_setRunMode
                0x2001947c       0xbc C:/ISIS/workspace/new-lib/satellite-subsystems/demo/..//satellite-subsystems/lib\libSatelliteSubsystemsD.a(cspaceADCS.o)
                0x2001947c                cspaceADCS_setRunMode
 .text.cspaceADCS_setPwrCtrlDevice
                0x20019538       0xd0 C:/ISIS/workspace/new-lib/satellite-subsystems/demo/..//satellite-subsystems/lib\libSatelliteSubsystemsD.a(cspaceADCS.o)
                0x20019538                cspaceADCS_setPwrCtrlDevice
 .text.cspaceADCS_setMagOutput
                0x20019608       0xd0 C:/ISIS/workspace/new-lib/satellite-subsystems/demo/..//satellite-subsystems/lib\libSatelliteSubsystemsD.a(cspaceADCS.o)
                0x20019608                cspaceADCS_setMagOutput
 .text.cspaceADCS_setWheelSpeed
                0x200196d8       0xd0 C:/ISIS/workspace/new-lib/satellite-subsystems/demo/..//satellite-subsystems/lib\libSatelliteSubsystemsD.a(cspaceADCS.o)
                0x200196d8                cspaceADCS_setWheelSpeed
 .text.cspaceADCS_getGeneralInfo
                0x200197a8       0xc4 C:/ISIS/workspace/new-lib/satellite-subsystems/demo/..//satellite-subsystems/lib\libSatelliteSubsystemsD.a(cspaceADCS.o)
                0x200197a8                cspaceADCS_getGeneralInfo
 .text.cspaceADCS_getCurrentTime
                0x2001986c       0xc4 C:/ISIS/workspace/new-lib/satellite-subsystems/demo/..//satellite-subsystems/lib\libSatelliteSubsystemsD.a(cspaceADCS.o)
                0x2001986c                cspaceADCS_getCurrentTime
 .text.cspaceADCS_getCommStatus
                0x20019930       0xc4 C:/ISIS/workspace/new-lib/satellite-subsystems/demo/..//satellite-subsystems/lib\libSatelliteSubsystemsD.a(cspaceADCS.o)
                0x20019930                cspaceADCS_getCommStatus
 .text.cspaceADCS_getCurrentState
                0x200199f4       0xc4 C:/ISIS/workspace/new-lib/satellite-subsystems/demo/..//satellite-subsystems/lib\libSatelliteSubsystemsD.a(cspaceADCS.o)
                0x200199f4                cspaceADCS_getCurrentState
 .text.cspaceADCS_getMagneticFieldVec
                0x20019ab8       0xc4 C:/ISIS/workspace/new-lib/satellite-subsystems/demo/..//satellite-subsystems/lib\libSatelliteSubsystemsD.a(cspaceADCS.o)
                0x20019ab8                cspaceADCS_getMagneticFieldVec
 .text.cspaceADCS_getCoarseSunVec
                0x20019b7c       0xc4 C:/ISIS/workspace/new-lib/satellite-subsystems/demo/..//satellite-subsystems/lib\libSatelliteSubsystemsD.a(cspaceADCS.o)
                0x20019b7c                cspaceADCS_getCoarseSunVec
 .text.cspaceADCS_getFineSunVec
                0x20019c40       0xc4 C:/ISIS/workspace/new-lib/satellite-subsystems/demo/..//satellite-subsystems/lib\libSatelliteSubsystemsD.a(cspaceADCS.o)
                0x20019c40                cspaceADCS_getFineSunVec
 .text.cspaceADCS_getNadirVector
                0x20019d04       0xc4 C:/ISIS/workspace/new-lib/satellite-subsystems/demo/..//satellite-subsystems/lib\libSatelliteSubsystemsD.a(cspaceADCS.o)
                0x20019d04                cspaceADCS_getNadirVector
 .text.cspaceADCS_getSensorRates
                0x20019dc8       0xc4 C:/ISIS/workspace/new-lib/satellite-subsystems/demo/..//satellite-subsystems/lib\libSatelliteSubsystemsD.a(cspaceADCS.o)
                0x20019dc8                cspaceADCS_getSensorRates
 .text.cspaceADCS_getWheelSpeed
                0x20019e8c       0xc4 C:/ISIS/workspace/new-lib/satellite-subsystems/demo/..//satellite-subsystems/lib\libSatelliteSubsystemsD.a(cspaceADCS.o)
                0x20019e8c                cspaceADCS_getWheelSpeed
 .text.cspaceADCS_getMagnetorquerCmd
                0x20019f50       0xc4 C:/ISIS/workspace/new-lib/satellite-subsystems/demo/..//satellite-subsystems/lib\libSatelliteSubsystemsD.a(cspaceADCS.o)
                0x20019f50                cspaceADCS_getMagnetorquerCmd
 .text.cspaceADCS_getWheelSpeedCmd
                0x2001a014       0xc4 C:/ISIS/workspace/new-lib/satellite-subsystems/demo/..//satellite-subsystems/lib\libSatelliteSubsystemsD.a(cspaceADCS.o)
                0x2001a014                cspaceADCS_getWheelSpeedCmd
 .text.cspaceADCS_getRawCam2Sensor
                0x2001a0d8       0xc4 C:/ISIS/workspace/new-lib/satellite-subsystems/demo/..//satellite-subsystems/lib\libSatelliteSubsystemsD.a(cspaceADCS.o)
                0x2001a0d8                cspaceADCS_getRawCam2Sensor
 .text.cspaceADCS_getRawCam1Sensor
                0x2001a19c       0xc4 C:/ISIS/workspace/new-lib/satellite-subsystems/demo/..//satellite-subsystems/lib\libSatelliteSubsystemsD.a(cspaceADCS.o)
                0x2001a19c                cspaceADCS_getRawCam1Sensor
 .text.cspaceADCS_getRawCss1_6Measurements
                0x2001a260       0xc4 C:/ISIS/workspace/new-lib/satellite-subsystems/demo/..//satellite-subsystems/lib\libSatelliteSubsystemsD.a(cspaceADCS.o)
                0x2001a260                cspaceADCS_getRawCss1_6Measurements
 .text.cspaceADCS_getRawCss7_10Measurements
                0x2001a324       0xc4 C:/ISIS/workspace/new-lib/satellite-subsystems/demo/..//satellite-subsystems/lib\libSatelliteSubsystemsD.a(cspaceADCS.o)
                0x2001a324                cspaceADCS_getRawCss7_10Measurements
 .text.cspaceADCS_getRawMagnetometerMeas
                0x2001a3e8       0xc4 C:/ISIS/workspace/new-lib/satellite-subsystems/demo/..//satellite-subsystems/lib\libSatelliteSubsystemsD.a(cspaceADCS.o)
                0x2001a3e8                cspaceADCS_getRawMagnetometerMeas
 .text.cspaceADCS_getCSenseCurrentMeasurements
                0x2001a4ac       0xc4 C:/ISIS/workspace/new-lib/satellite-subsystems/demo/..//satellite-subsystems/lib\libSatelliteSubsystemsD.a(cspaceADCS.o)
                0x2001a4ac                cspaceADCS_getCSenseCurrentMeasurements
 .text.cspaceADCS_getCControlCurrentMeasurements
                0x2001a570       0xc4 C:/ISIS/workspace/new-lib/satellite-subsystems/demo/..//satellite-subsystems/lib\libSatelliteSubsystemsD.a(cspaceADCS.o)
                0x2001a570                cspaceADCS_getCControlCurrentMeasurements
 .text.cspaceADCS_getWheelCurrentsTlm
                0x2001a634       0xc4 C:/ISIS/workspace/new-lib/satellite-subsystems/demo/..//satellite-subsystems/lib\libSatelliteSubsystemsD.a(cspaceADCS.o)
                0x2001a634                cspaceADCS_getWheelCurrentsTlm
 .text.cspaceADCS_getADCSTemperatureTlm
                0x2001a6f8       0xc4 C:/ISIS/workspace/new-lib/satellite-subsystems/demo/..//satellite-subsystems/lib\libSatelliteSubsystemsD.a(cspaceADCS.o)
                0x2001a6f8                cspaceADCS_getADCSTemperatureTlm
 .text.cspaceADCS_getRateSensorTempTlm
                0x2001a7bc       0xc4 C:/ISIS/workspace/new-lib/satellite-subsystems/demo/..//satellite-subsystems/lib\libSatelliteSubsystemsD.a(cspaceADCS.o)
                0x2001a7bc                cspaceADCS_getRateSensorTempTlm
 .text.cspaceADCS_getRawGpsStatus
                0x2001a880       0xc4 C:/ISIS/workspace/new-lib/satellite-subsystems/demo/..//satellite-subsystems/lib\libSatelliteSubsystemsD.a(cspaceADCS.o)
                0x2001a880                cspaceADCS_getRawGpsStatus
 .text.cspaceADCS_getRawGpsTime
                0x2001a944       0xc4 C:/ISIS/workspace/new-lib/satellite-subsystems/demo/..//satellite-subsystems/lib\libSatelliteSubsystemsD.a(cspaceADCS.o)
                0x2001a944                cspaceADCS_getRawGpsTime
 .text.cspaceADCS_getRawGpsX
                0x2001aa08       0xc4 C:/ISIS/workspace/new-lib/satellite-subsystems/demo/..//satellite-subsystems/lib\libSatelliteSubsystemsD.a(cspaceADCS.o)
                0x2001aa08                cspaceADCS_getRawGpsX
 .text.cspaceADCS_getRawGpsY
                0x2001aacc       0xc4 C:/ISIS/workspace/new-lib/satellite-subsystems/demo/..//satellite-subsystems/lib\libSatelliteSubsystemsD.a(cspaceADCS.o)
                0x2001aacc                cspaceADCS_getRawGpsY
 .text.cspaceADCS_getRawGpsZ
                0x2001ab90       0xc4 C:/ISIS/workspace/new-lib/satellite-subsystems/demo/..//satellite-subsystems/lib\libSatelliteSubsystemsD.a(cspaceADCS.o)
                0x2001ab90                cspaceADCS_getRawGpsZ
 .text.cspaceADCS_getStateTlm
                0x2001ac54       0xc4 C:/ISIS/workspace/new-lib/satellite-subsystems/demo/..//satellite-subsystems/lib\libSatelliteSubsystemsD.a(cspaceADCS.o)
                0x2001ac54                cspaceADCS_getStateTlm
 .text.cspaceADCS_getActuatorsCmds
                0x2001ad18       0xc4 C:/ISIS/workspace/new-lib/satellite-subsystems/demo/..//satellite-subsystems/lib\libSatelliteSubsystemsD.a(cspaceADCS.o)
                0x2001ad18                cspaceADCS_getActuatorsCmds
 .text.cspaceADCS_getPowTempMeasTLM
                0x2001addc       0xc4 C:/ISIS/workspace/new-lib/satellite-subsystems/demo/..//satellite-subsystems/lib\libSatelliteSubsystemsD.a(cspaceADCS.o)
                0x2001addc                cspaceADCS_getPowTempMeasTLM
 .text.cspaceADCS_getPwrCtrlDevice
                0x2001aea0       0xc4 C:/ISIS/workspace/new-lib/satellite-subsystems/demo/..//satellite-subsystems/lib\libSatelliteSubsystemsD.a(cspaceADCS.o)
                0x2001aea0                cspaceADCS_getPwrCtrlDevice
 .text.cspaceADCS_getADCSRawGPSMeas
                0x2001af64       0xc4 C:/ISIS/workspace/new-lib/satellite-subsystems/demo/..//satellite-subsystems/lib\libSatelliteSubsystemsD.a(cspaceADCS.o)
                0x2001af64                cspaceADCS_getADCSRawGPSMeas
 .text.ISIS_EPS_Init
                0x2001b028       0xc8 C:/ISIS/workspace/new-lib/satellite-subsystems/demo/..//satellite-subsystems/lib\libSatelliteSubsystemsD.a(isis_eps_driver.o)
                0x2001b028                ISIS_EPS_Init
 .text.isis_eps__reset__tmtc
                0x2001b0f0       0xe8 C:/ISIS/workspace/new-lib/satellite-subsystems/demo/..//satellite-subsystems/lib\libSatelliteSubsystemsD.a(isis_eps_driver.o)
                0x2001b0f0                isis_eps__reset__tmtc
 .text.isis_eps__cancel__tm
                0x2001b1d8       0xac C:/ISIS/workspace/new-lib/satellite-subsystems/demo/..//satellite-subsystems/lib\libSatelliteSubsystemsD.a(isis_eps_driver.o)
                0x2001b1d8                isis_eps__cancel__tm
 .text.isis_eps__watchdog__tm
                0x2001b284       0xac C:/ISIS/workspace/new-lib/satellite-subsystems/demo/..//satellite-subsystems/lib\libSatelliteSubsystemsD.a(isis_eps_driver.o)
                0x2001b284                isis_eps__watchdog__tm
 .text.isis_eps__outputbuschannelon__tmtc
                0x2001b330       0xe8 C:/ISIS/workspace/new-lib/satellite-subsystems/demo/..//satellite-subsystems/lib\libSatelliteSubsystemsD.a(isis_eps_driver.o)
                0x2001b330                isis_eps__outputbuschannelon__tmtc
 .text.isis_eps__outputbuschanneloff__tmtc
                0x2001b418       0xe8 C:/ISIS/workspace/new-lib/satellite-subsystems/demo/..//satellite-subsystems/lib\libSatelliteSubsystemsD.a(isis_eps_driver.o)
                0x2001b418                isis_eps__outputbuschanneloff__tmtc
 .text.isis_eps__switchtonominal__tm
                0x2001b500       0xac C:/ISIS/workspace/new-lib/satellite-subsystems/demo/..//satellite-subsystems/lib\libSatelliteSubsystemsD.a(isis_eps_driver.o)
                0x2001b500                isis_eps__switchtonominal__tm
 .text.isis_eps__switchtosafety__tm
                0x2001b5ac       0xac C:/ISIS/workspace/new-lib/satellite-subsystems/demo/..//satellite-subsystems/lib\libSatelliteSubsystemsD.a(isis_eps_driver.o)
                0x2001b5ac                isis_eps__switchtosafety__tm
 .text.isis_eps__getsystemstatus__tm
                0x2001b658       0xac C:/ISIS/workspace/new-lib/satellite-subsystems/demo/..//satellite-subsystems/lib\libSatelliteSubsystemsD.a(isis_eps_driver.o)
                0x2001b658                isis_eps__getsystemstatus__tm
 .text.isis_eps__gethousekeepingraw__tm
                0x2001b704       0xac C:/ISIS/workspace/new-lib/satellite-subsystems/demo/..//satellite-subsystems/lib\libSatelliteSubsystemsD.a(isis_eps_driver.o)
                0x2001b704                isis_eps__gethousekeepingraw__tm
 .text.isis_eps__gethousekeepingeng__tm
                0x2001b7b0       0xac C:/ISIS/workspace/new-lib/satellite-subsystems/demo/..//satellite-subsystems/lib\libSatelliteSubsystemsD.a(isis_eps_driver.o)
                0x2001b7b0                isis_eps__gethousekeepingeng__tm
 .text._I2C_Send
                0x2001b85c       0x78 C:/ISIS/workspace/new-lib/satellite-subsystems/demo/..//satellite-subsystems/lib\libSatelliteSubsystemsD.a(isis_eps_driver.o)
 .text.makeTRXCommonTransfer
                0x2001b8d4       0x34 C:/ISIS/workspace/new-lib/satellite-subsystems/demo/..//satellite-subsystems/lib\libSatelliteSubsystemsD.a(IsisTRXCommon.o)
 .text.IsisTrxCommon_componentReset
                0x2001b908       0x68 C:/ISIS/workspace/new-lib/satellite-subsystems/demo/..//satellite-subsystems/lib\libSatelliteSubsystemsD.a(IsisTRXCommon.o)
                0x2001b908                IsisTrxCommon_componentReset
 .text.IsisTrxCommon_TxSendAX25DefClSign
                0x2001b970       0xf4 C:/ISIS/workspace/new-lib/satellite-subsystems/demo/..//satellite-subsystems/lib\libSatelliteSubsystemsD.a(IsisTRXCommon.o)
                0x2001b970                IsisTrxCommon_TxSendAX25DefClSign
 .text.IsisTrxCommon_TxSetIdlestate
                0x2001ba64       0x78 C:/ISIS/workspace/new-lib/satellite-subsystems/demo/..//satellite-subsystems/lib\libSatelliteSubsystemsD.a(IsisTRXCommon.o)
                0x2001ba64                IsisTrxCommon_TxSetIdlestate
 .text.IsisTrxCommon_TxSetAx25Bitrate
                0x2001badc       0x78 C:/ISIS/workspace/new-lib/satellite-subsystems/demo/..//satellite-subsystems/lib\libSatelliteSubsystemsD.a(IsisTRXCommon.o)
                0x2001badc                IsisTrxCommon_TxSetAx25Bitrate
 .text.IsisTrxCommon_RxGetFrameCount
                0x2001bb54       0x8c C:/ISIS/workspace/new-lib/satellite-subsystems/demo/..//satellite-subsystems/lib\libSatelliteSubsystemsD.a(IsisTRXCommon.o)
                0x2001bb54                IsisTrxCommon_RxGetFrameCount
 .text.IsisTrxCommon_RxGetTelemetryAll
                0x2001bbe0       0x8c C:/ISIS/workspace/new-lib/satellite-subsystems/demo/..//satellite-subsystems/lib\libSatelliteSubsystemsD.a(IsisTRXCommon.o)
                0x2001bbe0                IsisTrxCommon_RxGetTelemetryAll
 .text.IsisTrxCommon_RxGetTelemetryAll_revC
                0x2001bc6c       0x8c C:/ISIS/workspace/new-lib/satellite-subsystems/demo/..//satellite-subsystems/lib\libSatelliteSubsystemsD.a(IsisTRXCommon.o)
                0x2001bc6c                IsisTrxCommon_RxGetTelemetryAll_revC
 .text.IsisTrxCommon_GetUptime
                0x2001bcf8       0x8c C:/ISIS/workspace/new-lib/satellite-subsystems/demo/..//satellite-subsystems/lib\libSatelliteSubsystemsD.a(IsisTRXCommon.o)
                0x2001bcf8                IsisTrxCommon_GetUptime
 *fill*         0x2001bd84        0x4 00
 .text.exp      0x2001bd88      0x190 c:/isis/application/toolchain/bin/../lib/gcc/arm-none-eabi/4.7.4/../../../../arm-none-eabi/lib\libm.a(lib_a-w_exp.o)
                0x2001bd88                exp
 .text.__ieee754_exp
                0x2001bf18      0x448 c:/isis/application/toolchain/bin/../lib/gcc/arm-none-eabi/4.7.4/../../../../arm-none-eabi/lib\libm.a(lib_a-e_exp.o)
                0x2001bf18                __ieee754_exp
 .text.finite   0x2001c360       0x10 c:/isis/application/toolchain/bin/../lib/gcc/arm-none-eabi/4.7.4/../../../../arm-none-eabi/lib\libm.a(lib_a-s_finite.o)
                0x2001c360                finite
 .text.matherr  0x2001c370        0x8 c:/isis/application/toolchain/bin/../lib/gcc/arm-none-eabi/4.7.4/../../../../arm-none-eabi/lib\libm.a(lib_a-s_matherr.o)
                0x2001c370                matherr
 .text.validateTransferParameters
                0x2001c378      0x10c C:/ISIS/workspace/new-lib/satellite-subsystems/demo/../..//hal/hal/lib\libHALD.a(I2C.o)
 .text.I2C_queueTransfer
                0x2001c484       0xfc C:/ISIS/workspace/new-lib/satellite-subsystems/demo/../..//hal/hal/lib\libHALD.a(I2C.o)
                0x2001c484                I2C_queueTransfer
 .text.I2C_internalCallback
                0x2001c580       0x64 C:/ISIS/workspace/new-lib/satellite-subsystems/demo/../..//hal/hal/lib\libHALD.a(I2C.o)
 .text.I2C_doBlockingTransfer
                0x2001c5e4      0x180 C:/ISIS/workspace/new-lib/satellite-subsystems/demo/../..//hal/hal/lib\libHALD.a(I2C.o)
 .text.I2C_write
                0x2001c764      0x110 C:/ISIS/workspace/new-lib/satellite-subsystems/demo/../..//hal/hal/lib\libHALD.a(I2C.o)
                0x2001c764                I2C_write
 .text.I2C_read
                0x2001c874      0x110 C:/ISIS/workspace/new-lib/satellite-subsystems/demo/../..//hal/hal/lib\libHALD.a(I2C.o)
                0x2001c874                I2C_read
 .text.I2C_writeRead
                0x2001c984      0x17c C:/ISIS/workspace/new-lib/satellite-subsystems/demo/../..//hal/hal/lib\libHALD.a(I2C.o)
                0x2001c984                I2C_writeRead
 .text.I2C_start
                0x2001cb00      0x2e8 C:/ISIS/workspace/new-lib/satellite-subsystems/demo/../..//hal/hal/lib\libHALD.a(I2C.o)
                0x2001cb00                I2C_start
 .text.I2C_stop
                0x2001cde8      0x184 C:/ISIS/workspace/new-lib/satellite-subsystems/demo/../..//hal/hal/lib\libHALD.a(I2C.o)
                0x2001cde8                I2C_stop
 .text.I2C_setTransferTimeout
                0x2001cf6c       0x48 C:/ISIS/workspace/new-lib/satellite-subsystems/demo/../..//hal/hal/lib\libHALD.a(I2C.o)
                0x2001cf6c                I2C_setTransferTimeout
 .text.uSdelay  0x2001cfb4       0x88 C:/ISIS/workspace/new-lib/satellite-subsystems/demo/../..//hal/hal/lib\libHALD.a(LED.o)
 .text.LED_start
                0x2001d03c       0x1c C:/ISIS/workspace/new-lib/satellite-subsystems/demo/../..//hal/hal/lib\libHALD.a(LED.o)
                0x2001d03c                LED_start
 .text.LED_glow
                0x2001d058       0x58 C:/ISIS/workspace/new-lib/satellite-subsystems/demo/../..//hal/hal/lib\libHALD.a(LED.o)
                0x2001d058                LED_glow
 .text.LED_dark
                0x2001d0b0       0x58 C:/ISIS/workspace/new-lib/satellite-subsystems/demo/../..//hal/hal/lib\libHALD.a(LED.o)
                0x2001d0b0                LED_dark
 .text.LED_toggle
                0x2001d108       0x50 C:/ISIS/workspace/new-lib/satellite-subsystems/demo/../..//hal/hal/lib\libHALD.a(LED.o)
                0x2001d108                LED_toggle
 .text.LED_wave
                0x2001d158       0xd0 C:/ISIS/workspace/new-lib/satellite-subsystems/demo/../..//hal/hal/lib\libHALD.a(LED.o)
                0x2001d158                LED_wave
 .text.LED_waveReverse
                0x2001d228       0xd0 C:/ISIS/workspace/new-lib/satellite-subsystems/demo/../..//hal/hal/lib\libHALD.a(LED.o)
                0x2001d228                LED_waveReverse
 .text.clearPDCtransfers
                0x2001d2f8       0xe8 C:/ISIS/workspace/new-lib/satellite-subsystems/demo/../..//hal/hal/lib\libHALD.a(SPI.o)
 .text.SPI_start
                0x2001d3e0      0x4b0 C:/ISIS/workspace/new-lib/satellite-subsystems/demo/../..//hal/hal/lib\libHALD.a(SPI.o)
                0x2001d3e0                SPI_start
 .text.SPI_stop
                0x2001d890      0x244 C:/ISIS/workspace/new-lib/satellite-subsystems/demo/../..//hal/hal/lib\libHALD.a(SPI.o)
                0x2001d890                SPI_stop
 .text.SPI_queueTransfer
                0x2001dad4      0x1cc C:/ISIS/workspace/new-lib/satellite-subsystems/demo/../..//hal/hal/lib\libHALD.a(SPI.o)
                0x2001dad4                SPI_queueTransfer
 .text.SPI_internalCallback
                0x2001dca0       0x64 C:/ISIS/workspace/new-lib/satellite-subsystems/demo/../..//hal/hal/lib\libHALD.a(SPI.o)
 .text.SPI_writeRead
                0x2001dd04      0x1c0 C:/ISIS/workspace/new-lib/satellite-subsystems/demo/../..//hal/hal/lib\libHALD.a(SPI.o)
                0x2001dd04                SPI_writeRead
 .text.waitForTransfer
                0x2001dec4       0x78 C:/ISIS/workspace/new-lib/satellite-subsystems/demo/../..//hal/hal/lib\libHALD.a(SPI.o)
 .text.WDT_start
                0x2001df3c       0x48 C:/ISIS/workspace/new-lib/satellite-subsystems/demo/../..//hal/hal/lib\libHALD.a(WatchDogTimerNoOS.o)
                0x2001df3c                WDT_start
 .text.WDT_startWatchdogKickTask
                0x2001df84       0xb4 C:/ISIS/workspace/new-lib/satellite-subsystems/demo/../..//hal/hal/lib\libHALD.a(WatchDogTimerOS.o)
                0x2001df84                WDT_startWatchdogKickTask
 .text.WDT_forceKickEveryNms
                0x2001e038       0x50 C:/ISIS/workspace/new-lib/satellite-subsystems/demo/../..//hal/hal/lib\libHALD.a(WatchDogTimerOS.o)
                0x2001e038                WDT_forceKickEveryNms
 .text.UTIL_DbguGetInteger
                0x2001e088      0x12c C:/ISIS/workspace/new-lib/satellite-subsystems/demo/../..//hal/hal/lib\libHALD.a(util.o)
                0x2001e088                UTIL_DbguGetInteger
 .text.UTIL_DbguGetIntegerMinMax
                0x2001e1b4       0xa4 C:/ISIS/workspace/new-lib/satellite-subsystems/demo/../..//hal/hal/lib\libHALD.a(util.o)
                0x2001e1b4                UTIL_DbguGetIntegerMinMax
 .text.xQueueGenericReset
                0x2001e258      0x150 C:/ISIS/workspace/new-lib/satellite-subsystems/demo/../..//hal/freertos/lib\libFreeRTOSD.a(queue.o)
                0x2001e258                xQueueGenericReset
 .text.xQueueGenericCreate
                0x2001e3a8      0x108 C:/ISIS/workspace/new-lib/satellite-subsystems/demo/../..//hal/freertos/lib\libFreeRTOSD.a(queue.o)
                0x2001e3a8                xQueueGenericCreate
 .text.xQueueCreateMutex
                0x2001e4b0      0x11c C:/ISIS/workspace/new-lib/satellite-subsystems/demo/../..//hal/freertos/lib\libFreeRTOSD.a(queue.o)
                0x2001e4b0                xQueueCreateMutex
 .text.xQueueGenericSend
                0x2001e5cc      0x298 C:/ISIS/workspace/new-lib/satellite-subsystems/demo/../..//hal/freertos/lib\libFreeRTOSD.a(queue.o)
                0x2001e5cc                xQueueGenericSend
 .text.xQueueGenericSendFromISR
                0x2001e864      0x1e0 C:/ISIS/workspace/new-lib/satellite-subsystems/demo/../..//hal/freertos/lib\libFreeRTOSD.a(queue.o)
                0x2001e864                xQueueGenericSendFromISR
 .text.xQueueGenericReceive
                0x2001ea44      0x2cc C:/ISIS/workspace/new-lib/satellite-subsystems/demo/../..//hal/freertos/lib\libFreeRTOSD.a(queue.o)
                0x2001ea44                xQueueGenericReceive
 .text.uxQueueMessagesWaiting
                0x2001ed10       0x6c C:/ISIS/workspace/new-lib/satellite-subsystems/demo/../..//hal/freertos/lib\libFreeRTOSD.a(queue.o)
                0x2001ed10                uxQueueMessagesWaiting
 .text.vQueueDelete
                0x2001ed7c       0x78 C:/ISIS/workspace/new-lib/satellite-subsystems/demo/../..//hal/freertos/lib\libFreeRTOSD.a(queue.o)
                0x2001ed7c                vQueueDelete
 .text.prvCopyDataToQueue
                0x2001edf4      0x190 C:/ISIS/workspace/new-lib/satellite-subsystems/demo/../..//hal/freertos/lib\libFreeRTOSD.a(queue.o)
 .text.prvCopyDataFromQueue
                0x2001ef84       0x90 C:/ISIS/workspace/new-lib/satellite-subsystems/demo/../..//hal/freertos/lib\libFreeRTOSD.a(queue.o)
 .text.prvUnlockQueue
                0x2001f014      0x130 C:/ISIS/workspace/new-lib/satellite-subsystems/demo/../..//hal/freertos/lib\libFreeRTOSD.a(queue.o)
 .text.prvIsQueueEmpty
                0x2001f144       0x4c C:/ISIS/workspace/new-lib/satellite-subsystems/demo/../..//hal/freertos/lib\libFreeRTOSD.a(queue.o)
 .text.prvIsQueueFull
                0x2001f190       0x54 C:/ISIS/workspace/new-lib/satellite-subsystems/demo/../..//hal/freertos/lib\libFreeRTOSD.a(queue.o)
 .text.vQueueUnregisterQueue
                0x2001f1e4       0x80 C:/ISIS/workspace/new-lib/satellite-subsystems/demo/../..//hal/freertos/lib\libFreeRTOSD.a(queue.o)
                0x2001f1e4                vQueueUnregisterQueue
 .text.vQueueWaitForMessageRestricted
                0x2001f264       0x90 C:/ISIS/workspace/new-lib/satellite-subsystems/demo/../..//hal/freertos/lib\libFreeRTOSD.a(queue.o)
                0x2001f264                vQueueWaitForMessageRestricted
 .text.prvNotifyQueueSetContainer
                0x2001f2f4      0x108 C:/ISIS/workspace/new-lib/satellite-subsystems/demo/../..//hal/freertos/lib\libFreeRTOSD.a(queue.o)
 .text.xTaskGenericCreate
                0x2001f3fc      0x2ac C:/ISIS/workspace/new-lib/satellite-subsystems/demo/../..//hal/freertos/lib\libFreeRTOSD.a(tasks.o)
                0x2001f3fc                xTaskGenericCreate
 .text.vTaskDelete
                0x2001f6a8       0xe8 C:/ISIS/workspace/new-lib/satellite-subsystems/demo/../..//hal/freertos/lib\libFreeRTOSD.a(tasks.o)
                0x2001f6a8                vTaskDelete
 .text.vTaskDelayUntil
                0x2001f790      0x170 C:/ISIS/workspace/new-lib/satellite-subsystems/demo/../..//hal/freertos/lib\libFreeRTOSD.a(tasks.o)
                0x2001f790                vTaskDelayUntil
 .text.vTaskDelay
                0x2001f900       0x80 C:/ISIS/workspace/new-lib/satellite-subsystems/demo/../..//hal/freertos/lib\libFreeRTOSD.a(tasks.o)
                0x2001f900                vTaskDelay
 .text.vTaskStartScheduler
                0x2001f980      0x104 C:/ISIS/workspace/new-lib/satellite-subsystems/demo/../..//hal/freertos/lib\libFreeRTOSD.a(tasks.o)
                0x2001f980                vTaskStartScheduler
 .text.vTaskSuspendAll
                0x2001fa84       0x2c C:/ISIS/workspace/new-lib/satellite-subsystems/demo/../..//hal/freertos/lib\libFreeRTOSD.a(tasks.o)
                0x2001fa84                vTaskSuspendAll
 .text.xTaskResumeAll
                0x2001fab0      0x1f4 C:/ISIS/workspace/new-lib/satellite-subsystems/demo/../..//hal/freertos/lib\libFreeRTOSD.a(tasks.o)
                0x2001fab0                xTaskResumeAll
 .text.xTaskGetTickCount
                0x2001fca4       0x34 C:/ISIS/workspace/new-lib/satellite-subsystems/demo/../..//hal/freertos/lib\libFreeRTOSD.a(tasks.o)
                0x2001fca4                xTaskGetTickCount
 .text.xTaskIncrementTick
                0x2001fcd8      0x298 C:/ISIS/workspace/new-lib/satellite-subsystems/demo/../..//hal/freertos/lib\libFreeRTOSD.a(tasks.o)
                0x2001fcd8                xTaskIncrementTick
 .text.vTaskSwitchContext
                0x2001ff70      0x1a4 C:/ISIS/workspace/new-lib/satellite-subsystems/demo/../..//hal/freertos/lib\libFreeRTOSD.a(tasks.o)
                0x2001ff70                vTaskSwitchContext
 .text.vTaskPlaceOnEventList
                0x20020114       0xcc C:/ISIS/workspace/new-lib/satellite-subsystems/demo/../..//hal/freertos/lib\libFreeRTOSD.a(tasks.o)
                0x20020114                vTaskPlaceOnEventList
 .text.vTaskPlaceOnEventListRestricted
                0x200201e0       0xa4 C:/ISIS/workspace/new-lib/satellite-subsystems/demo/../..//hal/freertos/lib\libFreeRTOSD.a(tasks.o)
                0x200201e0                vTaskPlaceOnEventListRestricted
 .text.xTaskRemoveFromEventList
                0x20020284      0x160 C:/ISIS/workspace/new-lib/satellite-subsystems/demo/../..//hal/freertos/lib\libFreeRTOSD.a(tasks.o)
                0x20020284                xTaskRemoveFromEventList
 .text.vTaskSetTimeOutState
                0x200203e4       0x78 C:/ISIS/workspace/new-lib/satellite-subsystems/demo/../..//hal/freertos/lib\libFreeRTOSD.a(tasks.o)
                0x200203e4                vTaskSetTimeOutState
 .text.xTaskCheckForTimeOut
                0x2002045c      0x158 C:/ISIS/workspace/new-lib/satellite-subsystems/demo/../..//hal/freertos/lib\libFreeRTOSD.a(tasks.o)
                0x2002045c                xTaskCheckForTimeOut
 .text.vTaskMissedYield
                0x200205b4       0x24 C:/ISIS/workspace/new-lib/satellite-subsystems/demo/../..//hal/freertos/lib\libFreeRTOSD.a(tasks.o)
                0x200205b4                vTaskMissedYield
 .text.prvIdleTask
                0x200205d8       0x20 C:/ISIS/workspace/new-lib/satellite-subsystems/demo/../..//hal/freertos/lib\libFreeRTOSD.a(tasks.o)
 .text.prvInitialiseTCBVariables
                0x200205f8      0x450 C:/ISIS/workspace/new-lib/satellite-subsystems/demo/../..//hal/freertos/lib\libFreeRTOSD.a(tasks.o)
 .text.prvInitialiseTaskLists
                0x20020a48       0xbc C:/ISIS/workspace/new-lib/satellite-subsystems/demo/../..//hal/freertos/lib\libFreeRTOSD.a(tasks.o)
 .text.prvCheckTasksWaitingTermination
                0x20020b04       0xbc C:/ISIS/workspace/new-lib/satellite-subsystems/demo/../..//hal/freertos/lib\libFreeRTOSD.a(tasks.o)
 .text.prvAddCurrentTaskToDelayedList
                0x20020bc0       0xb4 C:/ISIS/workspace/new-lib/satellite-subsystems/demo/../..//hal/freertos/lib\libFreeRTOSD.a(tasks.o)
 .text.prvAllocateTCBAndStack
                0x20020c74       0xb4 C:/ISIS/workspace/new-lib/satellite-subsystems/demo/../..//hal/freertos/lib\libFreeRTOSD.a(tasks.o)
 .text.prvDeleteTCB
                0x20020d28       0x30 C:/ISIS/workspace/new-lib/satellite-subsystems/demo/../..//hal/freertos/lib\libFreeRTOSD.a(tasks.o)
 .text.xTaskGetCurrentTaskHandle
                0x20020d58       0x30 C:/ISIS/workspace/new-lib/satellite-subsystems/demo/../..//hal/freertos/lib\libFreeRTOSD.a(tasks.o)
                0x20020d58                xTaskGetCurrentTaskHandle
 .text.xTaskGetSchedulerState
                0x20020d88       0x68 C:/ISIS/workspace/new-lib/satellite-subsystems/demo/../..//hal/freertos/lib\libFreeRTOSD.a(tasks.o)
                0x20020d88                xTaskGetSchedulerState
 .text.vTaskPriorityInherit
                0x20020df0      0x148 C:/ISIS/workspace/new-lib/satellite-subsystems/demo/../..//hal/freertos/lib\libFreeRTOSD.a(tasks.o)
                0x20020df0                vTaskPriorityInherit
 .text.vTaskPriorityDisinherit
                0x20020f38       0xdc C:/ISIS/workspace/new-lib/satellite-subsystems/demo/../..//hal/freertos/lib\libFreeRTOSD.a(tasks.o)
                0x20020f38                vTaskPriorityDisinherit
 .text.xTimerCreateTimerTask
                0x20021014       0xb0 C:/ISIS/workspace/new-lib/satellite-subsystems/demo/../..//hal/freertos/lib\libFreeRTOSD.a(timers.o)
                0x20021014                xTimerCreateTimerTask
 .text.xTimerGenericCommand
                0x200210c4       0xf0 C:/ISIS/workspace/new-lib/satellite-subsystems/demo/../..//hal/freertos/lib\libFreeRTOSD.a(timers.o)
                0x200210c4                xTimerGenericCommand
 .text.prvProcessExpiredTimer
                0x200211b4       0xec C:/ISIS/workspace/new-lib/satellite-subsystems/demo/../..//hal/freertos/lib\libFreeRTOSD.a(timers.o)
 .text.prvTimerTask
                0x200212a0       0x38 C:/ISIS/workspace/new-lib/satellite-subsystems/demo/../..//hal/freertos/lib\libFreeRTOSD.a(timers.o)
 .text.prvProcessTimerOrBlockTask
                0x200212d8       0xb4 C:/ISIS/workspace/new-lib/satellite-subsystems/demo/../..//hal/freertos/lib\libFreeRTOSD.a(timers.o)
 .text.prvGetNextExpireTime
                0x2002138c       0x80 C:/ISIS/workspace/new-lib/satellite-subsystems/demo/../..//hal/freertos/lib\libFreeRTOSD.a(timers.o)
 .text.prvSampleTimeNow
                0x2002140c       0x78 C:/ISIS/workspace/new-lib/satellite-subsystems/demo/../..//hal/freertos/lib\libFreeRTOSD.a(timers.o)
 .text.prvInsertTimerInActiveList
                0x20021484       0xf4 C:/ISIS/workspace/new-lib/satellite-subsystems/demo/../..//hal/freertos/lib\libFreeRTOSD.a(timers.o)
 .text.prvProcessReceivedCommands
                0x20021578      0x1d0 C:/ISIS/workspace/new-lib/satellite-subsystems/demo/../..//hal/freertos/lib\libFreeRTOSD.a(timers.o)
 .text.prvSwitchTimerLists
                0x20021748      0x16c C:/ISIS/workspace/new-lib/satellite-subsystems/demo/../..//hal/freertos/lib\libFreeRTOSD.a(timers.o)
 .text.prvCheckForValidListAndQueue
                0x200218b4       0x7c C:/ISIS/workspace/new-lib/satellite-subsystems/demo/../..//hal/freertos/lib\libFreeRTOSD.a(timers.o)
 .text.vApplicationStackOverflowHook
                0x20021930       0x5c C:/ISIS/workspace/new-lib/satellite-subsystems/demo/../..//hal/freertos/lib\libFreeRTOSD.a(hooks.o)
                0x20021930                vApplicationStackOverflowHook
 .text.vApplicationIdleHook
                0x2002198c       0x18 C:/ISIS/workspace/new-lib/satellite-subsystems/demo/../..//hal/freertos/lib\libFreeRTOSD.a(hooks.o)
                0x2002198c                vApplicationIdleHook
 .text.vApplicationMallocFailedHook
                0x200219a4       0x30 C:/ISIS/workspace/new-lib/satellite-subsystems/demo/../..//hal/freertos/lib\libFreeRTOSD.a(hooks.o)
                0x200219a4                vApplicationMallocFailedHook
 .text.pvPortMalloc
                0x200219d4       0x28 C:/ISIS/workspace/new-lib/satellite-subsystems/demo/../..//hal/freertos/lib\libFreeRTOSD.a(standardMemMang.o)
                0x200219d4                pvPortMalloc
 .text.vPortFree
                0x200219fc       0x20 C:/ISIS/workspace/new-lib/satellite-subsystems/demo/../..//hal/freertos/lib\libFreeRTOSD.a(standardMemMang.o)
                0x200219fc                vPortFree
 .text._sbrk    0x20021a1c       0xd0 C:/ISIS/workspace/new-lib/satellite-subsystems/demo/../..//hal/freertos/lib\libFreeRTOSD.a(standardMemMang.o)
                0x20021a1c                _sbrk
 .text.__malloc_lock
                0x20021aec       0x10 C:/ISIS/workspace/new-lib/satellite-subsystems/demo/../..//hal/freertos/lib\libFreeRTOSD.a(standardMemMang.o)
                0x20021aec                __malloc_lock
 .text.__malloc_unlock
                0x20021afc       0x10 C:/ISIS/workspace/new-lib/satellite-subsystems/demo/../..//hal/freertos/lib\libFreeRTOSD.a(standardMemMang.o)
                0x20021afc                __malloc_unlock
 .text.pxPortInitialiseStack
                0x20021b0c      0x218 C:/ISIS/workspace/new-lib/satellite-subsystems/demo/../..//hal/freertos/lib\libFreeRTOSD.a(port.o)
                0x20021b0c                pxPortInitialiseStack
 .text.xPortStartScheduler
                0x20021d24       0x1c C:/ISIS/workspace/new-lib/satellite-subsystems/demo/../..//hal/freertos/lib\libFreeRTOSD.a(port.o)
                0x20021d24                xPortStartScheduler
 .text.prvSetupTimerInterrupt
                0x20021d40       0x54 C:/ISIS/workspace/new-lib/satellite-subsystems/demo/../..//hal/freertos/lib\libFreeRTOSD.a(port.o)
 .text.vPortISRStartFirstTask
                0x20021d94       0x64 C:/ISIS/workspace/new-lib/satellite-subsystems/demo/../..//hal/freertos/lib\libFreeRTOSD.a(port.o)
 .text.vPortEnterCritical
                0x20021df8       0x40 C:/ISIS/workspace/new-lib/satellite-subsystems/demo/../..//hal/freertos/lib\libFreeRTOSD.a(port.o)
                0x20021df8                vPortEnterCritical
 .text.vPortExitCritical
                0x20021e38       0x60 C:/ISIS/workspace/new-lib/satellite-subsystems/demo/../..//hal/freertos/lib\libFreeRTOSD.a(port.o)
                0x20021e38                vPortExitCritical
 .text.vListInitialise
                0x20021e98       0x64 C:/ISIS/workspace/new-lib/satellite-subsystems/demo/../..//hal/freertos/lib\libFreeRTOSD.a(list.o)
                0x20021e98                vListInitialise
 .text.vListInitialiseItem
                0x20021efc       0x28 C:/ISIS/workspace/new-lib/satellite-subsystems/demo/../..//hal/freertos/lib\libFreeRTOSD.a(list.o)
                0x20021efc                vListInitialiseItem
 .text.vListInsertEnd
                0x20021f24       0x84 C:/ISIS/workspace/new-lib/satellite-subsystems/demo/../..//hal/freertos/lib\libFreeRTOSD.a(list.o)
                0x20021f24                vListInsertEnd
 .text.vListInsert
                0x20021fa8       0xd4 C:/ISIS/workspace/new-lib/satellite-subsystems/demo/../..//hal/freertos/lib\libFreeRTOSD.a(list.o)
                0x20021fa8                vListInsert
 .text.uxListRemove
                0x2002207c       0xa0 C:/ISIS/workspace/new-lib/satellite-subsystems/demo/../..//hal/freertos/lib\libFreeRTOSD.a(list.o)
                0x2002207c                uxListRemove
 .text._read    0x2002211c       0xa4 C:/ISIS/workspace/new-lib/satellite-subsystems/demo/../..//hal/at91/lib\libAt91D.a(syscalls.o)
                0x2002211c                _read
 .text._write   0x200221c0       0xb8 C:/ISIS/workspace/new-lib/satellite-subsystems/demo/../..//hal/at91/lib\libAt91D.a(syscalls.o)
                0x200221c0                _write
 .text._lseek   0x20022278       0x2c C:/ISIS/workspace/new-lib/satellite-subsystems/demo/../..//hal/at91/lib\libAt91D.a(syscalls.o)
                0x20022278                _lseek
 .text._close   0x200222a4       0x24 C:/ISIS/workspace/new-lib/satellite-subsystems/demo/../..//hal/at91/lib\libAt91D.a(syscalls.o)
                0x200222a4                _close
 .text._fstat   0x200222c8       0x28 C:/ISIS/workspace/new-lib/satellite-subsystems/demo/../..//hal/at91/lib\libAt91D.a(syscalls.o)
                0x200222c8                _fstat
 .text._isatty  0x200222f0       0x38 C:/ISIS/workspace/new-lib/satellite-subsystems/demo/../..//hal/at91/lib\libAt91D.a(syscalls.o)
                0x200222f0                _isatty
 .text.exit     0x20022328       0x28 C:/ISIS/workspace/new-lib/satellite-subsystems/demo/../..//hal/at91/lib\libAt91D.a(syscalls.o)
                0x20022328                exit
 .text.AIC_ConfigureIT
                0x20022350       0x74 C:/ISIS/workspace/new-lib/satellite-subsystems/demo/../..//hal/at91/lib\libAt91D.a(aic.o)
                0x20022350                AIC_ConfigureIT
 .text.AIC_EnableIT
                0x200223c4       0x34 C:/ISIS/workspace/new-lib/satellite-subsystems/demo/../..//hal/at91/lib\libAt91D.a(aic.o)
                0x200223c4                AIC_EnableIT
 .text.AIC_DisableIT
                0x200223f8       0x34 C:/ISIS/workspace/new-lib/satellite-subsystems/demo/../..//hal/at91/lib\libAt91D.a(aic.o)
                0x200223f8                AIC_DisableIT
 .text.CP15_Enable_I_Cache
                0x2002242c       0x6c C:/ISIS/workspace/new-lib/satellite-subsystems/demo/../..//hal/at91/lib\libAt91D.a(cp15.o)
                0x2002242c                CP15_Enable_I_Cache
 .text.CP15_Disable_I_Cache
                0x20022498       0x94 C:/ISIS/workspace/new-lib/satellite-subsystems/demo/../..//hal/at91/lib\libAt91D.a(cp15.o)
                0x20022498                CP15_Disable_I_Cache
 .text.CP15_DisableMMU
                0x2002252c       0xa0 C:/ISIS/workspace/new-lib/satellite-subsystems/demo/../..//hal/at91/lib\libAt91D.a(cp15.o)
                0x2002252c                CP15_DisableMMU
 .text.CP15_Disable_D_Cache
                0x200225cc       0x94 C:/ISIS/workspace/new-lib/satellite-subsystems/demo/../..//hal/at91/lib\libAt91D.a(cp15.o)
                0x200225cc                CP15_Disable_D_Cache
 .text.DBGU_Configure
                0x20022660       0x84 C:/ISIS/workspace/new-lib/satellite-subsystems/demo/../..//hal/at91/lib\libAt91D.a(dbgu.o)
                0x20022660                DBGU_Configure
 .text.DBGU_PutChar
                0x200226e4       0x60 C:/ISIS/workspace/new-lib/satellite-subsystems/demo/../..//hal/at91/lib\libAt91D.a(dbgu.o)
                0x200226e4                DBGU_PutChar
 .text.DBGU_IsRxReady
                0x20022744       0x28 C:/ISIS/workspace/new-lib/satellite-subsystems/demo/../..//hal/at91/lib\libAt91D.a(dbgu.o)
                0x20022744                DBGU_IsRxReady
 .text.DBGU_GetChar
                0x2002276c       0x40 C:/ISIS/workspace/new-lib/satellite-subsystems/demo/../..//hal/at91/lib\libAt91D.a(dbgu.o)
                0x2002276c                DBGU_GetChar
 .text.PIO_SetPeripheralA
                0x200227ac       0x74 C:/ISIS/workspace/new-lib/satellite-subsystems/demo/../..//hal/at91/lib\libAt91D.a(pio.o)
 .text.PIO_SetPeripheralB
                0x20022820       0x74 C:/ISIS/workspace/new-lib/satellite-subsystems/demo/../..//hal/at91/lib\libAt91D.a(pio.o)
 .text.PIO_SetInput
                0x20022894       0x9c C:/ISIS/workspace/new-lib/satellite-subsystems/demo/../..//hal/at91/lib\libAt91D.a(pio.o)
 .text.PIO_SetOutput
                0x20022930       0xc4 C:/ISIS/workspace/new-lib/satellite-subsystems/demo/../..//hal/at91/lib\libAt91D.a(pio.o)
 .text.PIO_Configure
                0x200229f4      0x1ec C:/ISIS/workspace/new-lib/satellite-subsystems/demo/../..//hal/at91/lib\libAt91D.a(pio.o)
                0x200229f4                PIO_Configure
 .text.PIO_Set  0x20022be0       0x3c C:/ISIS/workspace/new-lib/satellite-subsystems/demo/../..//hal/at91/lib\libAt91D.a(pio.o)
                0x20022be0                PIO_Set
 .text.PIO_Clear
                0x20022c1c       0x3c C:/ISIS/workspace/new-lib/satellite-subsystems/demo/../..//hal/at91/lib\libAt91D.a(pio.o)